Command line invocation:
    /Applications/Xcode.app/Contents/Developer/usr/bin/xcodebuild -project "Mariner Studio.xcodeproj" -scheme "Mariner Studio" -configuration Debug -arch arm64 CODE_SIGNING_ALLOWED=NO build

Build settings from command line:
    ARCHS = arm64
    CODE_SIGNING_ALLOWED = NO

Resolve Package Graph


Resolved source packages:
  swift-http-types: https://github.com/apple/swift-http-types.git @ 1.4.0
  SQLite.swift: https://github.com/stephencelis/SQLite.swift @ 0.15.3
  swift-asn1: https://github.com/apple/swift-asn1.git @ 1.3.2
  RevenueCat: https://github.com/RevenueCat/purchases-ios.git @ 5.23.0
  Supabase: https://github.com/supabase/supabase-swift @ 2.29.3
  swift-crypto: https://github.com/apple/swift-crypto.git @ 3.12.3
  swift-clocks: https://github.com/pointfreeco/swift-clocks @ 1.0.6
  xctest-dynamic-overlay: https://github.com/pointfreeco/xctest-dynamic-overlay @ 1.5.2
  swift-concurrency-extras: https://github.com/pointfreeco/swift-concurrency-extras @ 1.3.1
  CoreGPX: https://github.com/vincentneo/CoreGPX.git @ 0.9.3

--- xcodebuild: WARNING: Using the first of multiple matching destinations:
{ platform:macOS, arch:arm64, id:00008103-001E288E3C33001E, name:My Mac }
{ platform:macOS, arch:x86_64, id:00008103-001E288E3C33001E, name:My Mac }
{ platform:iOS, id:dvtdevice-DVTiPhonePlaceholder-iphoneos:placeholder, name:Any iOS Device }
{ platform:iOS Simulator, id:dvtdevice-DVTiOSDeviceSimulatorPlaceholder-iphonesimulator:placeholder, name:Any iOS Simulator Device }
{ platform:macOS, name:Any Mac }
{ platform:iOS Simulator, arch:arm64, id:1DB20DA3-FA5A-48E8-B36D-74BF8C4422F8, OS:18.4, name:iPad (A16) }
{ platform:iOS Simulator, arch:arm64, id:30718239-CE4D-45DB-9162-3ECF273FF402, OS:18.5, name:iPad (A16) }
{ platform:iOS Simulator, arch:arm64, id:78FF24C6-BA7D-4C96-98EE-2EC701C225A9, OS:18.4, name:iPad Air 11-inch (M3) }
{ platform:iOS Simulator, arch:arm64, id:6962B9D9-D673-495A-B4DE-520C1E94A2BA, OS:18.5, name:iPad Air 11-inch (M3) }
{ platform:iOS Simulator, arch:arm64, id:20DE7AAD-7D88-4B2D-98D1-C8FD04FD1221, OS:18.4, name:iPad Air 13-inch (M3) }
{ platform:iOS Simulator, arch:arm64, id:66EFA72A-F3D8-40F3-8570-455E1BE47046, OS:18.5, name:iPad Air 13-inch (M3) }
{ platform:iOS Simulator, arch:arm64, id:2A4C6E00-60FE-4D46-B005-DA829C2F481E, OS:18.4, name:iPad Pro 11-inch (M4) }
{ platform:iOS Simulator, arch:arm64, id:0C5C84C1-BD40-417A-93DE-5D5B1D3BF4F8, OS:18.5, name:iPad Pro 11-inch (M4) }
{ platform:iOS Simulator, arch:arm64, id:63B750C5-C372-48CE-A3A8-AD34723EEEC7, OS:18.4, name:iPad Pro 13-inch (M4) }
{ platform:iOS Simulator, arch:arm64, id:BBCD5EC9-D375-43D9-A888-6461483ED219, OS:18.5, name:iPad Pro 13-inch (M4) }
{ platform:iOS Simulator, arch:arm64, id:B2BE9E8F-44D2-4B20-A1E5-E6C35AE6FECA, OS:18.4, name:iPad mini (A17 Pro) }
{ platform:iOS Simulator, arch:arm64, id:8DB0C8A2-5DFE-482E-A9CF-F4DB2F5DE94A, OS:18.5, name:iPad mini (A17 Pro) }
{ platform:iOS Simulator, arch:arm64, id:8DE609EB-0BAA-4577-BBE9-50F554B46E12, OS:18.4, name:iPhone 14 Pro }
{ platform:iOS Simulator, arch:arm64, id:C389D52A-3ECB-4EA8-99C1-19ECFC09BEC8, OS:18.4, name:iPhone 16 }
{ platform:iOS Simulator, arch:arm64, id:E4B2880A-42FB-4E35-8905-EE8282AC0CBF, OS:18.5, name:iPhone 16 }
{ platform:iOS Simulator, arch:arm64, id:F24DEE90-1D4A-4DB9-8BD2-9543AD480953, OS:18.4, name:iPhone 16 Plus }
{ platform:iOS Simulator, arch:arm64, id:31DA8BF0-56D2-408A-A763-9421507E7BC6, OS:18.5, name:iPhone 16 Plus }
{ platform:iOS Simulator, arch:arm64, id:9B2D2CA8-E9CC-4C14-8AD7-BBE78C3DD82B, OS:18.4, name:iPhone 16 Pro }
{ platform:iOS Simulator, arch:arm64, id:A1928BF2-D263-4820-B09C-69B0685FA0F9, OS:18.5, name:iPhone 16 Pro }
{ platform:iOS Simulator, arch:arm64, id:D58B471E-7EFA-4FAF-A562-29F1874C4082, OS:18.4, name:iPhone 16 Pro Max }
{ platform:iOS Simulator, arch:arm64, id:4E38A14F-F8A4-4EA5-8453-C212D95D7743, OS:18.5, name:iPhone 16 Pro Max }
{ platform:iOS Simulator, arch:arm64, id:C0C4969B-EEDF-4B94-9CCE-BA105A760951, OS:18.4, name:iPhone 16e }
{ platform:iOS Simulator, arch:arm64, id:3BE312DD-1BF6-45ED-AB66-217156971C83, OS:18.5, name:iPhone 16e }
{ platform:iOS Simulator, arch:x86_64, id:1DB20DA3-FA5A-48E8-B36D-74BF8C4422F8, OS:18.4, name:iPad (A16) }
{ platform:iOS Simulator, arch:x86_64, id:30718239-CE4D-45DB-9162-3ECF273FF402, OS:18.5, name:iPad (A16) }
{ platform:iOS Simulator, arch:x86_64, id:78FF24C6-BA7D-4C96-98EE-2EC701C225A9, OS:18.4, name:iPad Air 11-inch (M3) }
{ platform:iOS Simulator, arch:x86_64, id:6962B9D9-D673-495A-B4DE-520C1E94A2BA, OS:18.5, name:iPad Air 11-inch (M3) }
{ platform:iOS Simulator, arch:x86_64, id:20DE7AAD-7D88-4B2D-98D1-C8FD04FD1221, OS:18.4, name:iPad Air 13-inch (M3) }
{ platform:iOS Simulator, arch:x86_64, id:66EFA72A-F3D8-40F3-8570-455E1BE47046, OS:18.5, name:iPad Air 13-inch (M3) }
{ platform:iOS Simulator, arch:x86_64, id:2A4C6E00-60FE-4D46-B005-DA829C2F481E, OS:18.4, name:iPad Pro 11-inch (M4) }
{ platform:iOS Simulator, arch:x86_64, id:0C5C84C1-BD40-417A-93DE-5D5B1D3BF4F8, OS:18.5, name:iPad Pro 11-inch (M4) }
{ platform:iOS Simulator, arch:x86_64, id:63B750C5-C372-48CE-A3A8-AD34723EEEC7, OS:18.4, name:iPad Pro 13-inch (M4) }
{ platform:iOS Simulator, arch:x86_64, id:BBCD5EC9-D375-43D9-A888-6461483ED219, OS:18.5, name:iPad Pro 13-inch (M4) }
{ platform:iOS Simulator, arch:x86_64, id:B2BE9E8F-44D2-4B20-A1E5-E6C35AE6FECA, OS:18.4, name:iPad mini (A17 Pro) }
{ platform:iOS Simulator, arch:x86_64, id:8DB0C8A2-5DFE-482E-A9CF-F4DB2F5DE94A, OS:18.5, name:iPad mini (A17 Pro) }
{ platform:iOS Simulator, arch:x86_64, id:8DE609EB-0BAA-4577-BBE9-50F554B46E12, OS:18.4, name:iPhone 14 Pro }
{ platform:iOS Simulator, arch:x86_64, id:C389D52A-3ECB-4EA8-99C1-19ECFC09BEC8, OS:18.4, name:iPhone 16 }
{ platform:iOS Simulator, arch:x86_64, id:E4B2880A-42FB-4E35-8905-EE8282AC0CBF, OS:18.5, name:iPhone 16 }
{ platform:iOS Simulator, arch:x86_64, id:F24DEE90-1D4A-4DB9-8BD2-9543AD480953, OS:18.4, name:iPhone 16 Plus }
{ platform:iOS Simulator, arch:x86_64, id:31DA8BF0-56D2-408A-A763-9421507E7BC6, OS:18.5, name:iPhone 16 Plus }
{ platform:iOS Simulator, arch:x86_64, id:9B2D2CA8-E9CC-4C14-8AD7-BBE78C3DD82B, OS:18.4, name:iPhone 16 Pro }
{ platform:iOS Simulator, arch:x86_64, id:A1928BF2-D263-4820-B09C-69B0685FA0F9, OS:18.5, name:iPhone 16 Pro }
{ platform:iOS Simulator, arch:x86_64, id:D58B471E-7EFA-4FAF-A562-29F1874C4082, OS:18.4, name:iPhone 16 Pro Max }
{ platform:iOS Simulator, arch:x86_64, id:4E38A14F-F8A4-4EA5-8453-C212D95D7743, OS:18.5, name:iPhone 16 Pro Max }
{ platform:iOS Simulator, arch:x86_64, id:C0C4969B-EEDF-4B94-9CCE-BA105A760951, OS:18.4, name:iPhone 16e }
{ platform:iOS Simulator, arch:x86_64, id:3BE312DD-1BF6-45ED-AB66-217156971C83, OS:18.5, name:iPhone 16e }
{ platform:iOS, arch:arm64, id:00008120-0002030E2113C01E, name:Timothy’s iPhone }
ComputePackagePrebuildTargetDependencyGraph

Prepare packages

CreateBuildRequest

SendProjectDescription

CreateBuildOperation

ComputeTargetDependencyGraph
note: Building targets in dependency order
note: Target dependency graph (37 targets)
    Target 'Mariner Studio' in project 'Mariner Studio'
        ➜ Explicit dependency on target 'Supabase' in project 'Supabase'
        ➜ Explicit dependency on target 'Functions' in project 'Supabase'
        ➜ Explicit dependency on target 'RevenueCat' in project 'RevenueCat'
        ➜ Explicit dependency on target 'PostgREST' in project 'Supabase'
        ➜ Explicit dependency on target 'Realtime' in project 'Supabase'
        ➜ Explicit dependency on target 'SQLite' in project 'SQLite.swift'
        ➜ Explicit dependency on target 'RevenueCatUI' in project 'RevenueCat'
        ➜ Explicit dependency on target 'Storage' in project 'Supabase'
        ➜ Explicit dependency on target 'Auth' in project 'Supabase'
        ➜ Explicit dependency on target 'CoreGPX' in project 'CoreGPX'
    Target 'CoreGPX' in project 'CoreGPX'
        ➜ Explicit dependency on target 'CoreGPX' in project 'CoreGPX'
    Target 'CoreGPX' in project 'CoreGPX' (no dependencies)
    Target 'Auth' in project 'Supabase'
        ➜ Explicit dependency on target 'Auth' in project 'Supabase'
        ➜ Explicit dependency on target 'Helpers' in project 'Supabase'
        ➜ Explicit dependency on target 'ConcurrencyExtras' in project 'swift-concurrency-extras'
        ➜ Explicit dependency on target 'HTTPTypes' in project 'swift-http-types'
        ➜ Explicit dependency on target 'Clocks' in project 'swift-clocks'
        ➜ Explicit dependency on target 'XCTestDynamicOverlay' in project 'xctest-dynamic-overlay'
        ➜ Explicit dependency on target 'Crypto' in project 'swift-crypto'
    Target 'Storage' in project 'Supabase'
        ➜ Explicit dependency on target 'Storage' in project 'Supabase'
        ➜ Explicit dependency on target 'Helpers' in project 'Supabase'
        ➜ Explicit dependency on target 'ConcurrencyExtras' in project 'swift-concurrency-extras'
        ➜ Explicit dependency on target 'HTTPTypes' in project 'swift-http-types'
        ➜ Explicit dependency on target 'Clocks' in project 'swift-clocks'
        ➜ Explicit dependency on target 'XCTestDynamicOverlay' in project 'xctest-dynamic-overlay'
    Target 'RevenueCatUI' in project 'RevenueCat'
        ➜ Explicit dependency on target 'RevenueCatUI' in project 'RevenueCat'
        ➜ Explicit dependency on target 'RevenueCat_RevenueCatUI' in project 'RevenueCat'
        ➜ Explicit dependency on target 'RevenueCat' in project 'RevenueCat'
    Target 'RevenueCatUI' in project 'RevenueCat'
        ➜ Explicit dependency on target 'RevenueCat_RevenueCatUI' in project 'RevenueCat'
        ➜ Explicit dependency on target 'RevenueCat' in project 'RevenueCat'
    Target 'RevenueCat_RevenueCatUI' in project 'RevenueCat' (no dependencies)
    Target 'SQLite' in project 'SQLite.swift'
        ➜ Explicit dependency on target 'SQLite' in project 'SQLite.swift'
    Target 'SQLite' in project 'SQLite.swift' (no dependencies)
    Target 'Realtime' in project 'Supabase'
        ➜ Explicit dependency on target 'Realtime' in project 'Supabase'
        ➜ Explicit dependency on target 'Helpers' in project 'Supabase'
        ➜ Explicit dependency on target 'ConcurrencyExtras' in project 'swift-concurrency-extras'
        ➜ Explicit dependency on target 'HTTPTypes' in project 'swift-http-types'
        ➜ Explicit dependency on target 'Clocks' in project 'swift-clocks'
        ➜ Explicit dependency on target 'XCTestDynamicOverlay' in project 'xctest-dynamic-overlay'
        ➜ Explicit dependency on target 'IssueReporting' in project 'xctest-dynamic-overlay'
    Target 'PostgREST' in project 'Supabase'
        ➜ Explicit dependency on target 'PostgREST' in project 'Supabase'
        ➜ Explicit dependency on target 'Helpers' in project 'Supabase'
        ➜ Explicit dependency on target 'ConcurrencyExtras' in project 'swift-concurrency-extras'
        ➜ Explicit dependency on target 'HTTPTypes' in project 'swift-http-types'
        ➜ Explicit dependency on target 'Clocks' in project 'swift-clocks'
        ➜ Explicit dependency on target 'XCTestDynamicOverlay' in project 'xctest-dynamic-overlay'
    Target 'RevenueCat' in project 'RevenueCat'
        ➜ Explicit dependency on target 'RevenueCat' in project 'RevenueCat'
        ➜ Explicit dependency on target 'RevenueCat_RevenueCat' in project 'RevenueCat'
    Target 'RevenueCat' in project 'RevenueCat'
        ➜ Explicit dependency on target 'RevenueCat_RevenueCat' in project 'RevenueCat'
    Target 'RevenueCat_RevenueCat' in project 'RevenueCat' (no dependencies)
    Target 'Functions' in project 'Supabase'
        ➜ Explicit dependency on target 'Functions' in project 'Supabase'
        ➜ Explicit dependency on target 'Helpers' in project 'Supabase'
        ➜ Explicit dependency on target 'ConcurrencyExtras' in project 'swift-concurrency-extras'
        ➜ Explicit dependency on target 'HTTPTypes' in project 'swift-http-types'
        ➜ Explicit dependency on target 'Clocks' in project 'swift-clocks'
        ➜ Explicit dependency on target 'XCTestDynamicOverlay' in project 'xctest-dynamic-overlay'
    Target 'Supabase' in project 'Supabase'
        ➜ Explicit dependency on target 'Supabase' in project 'Supabase'
        ➜ Explicit dependency on target 'Functions' in project 'Supabase'
        ➜ Explicit dependency on target 'PostgREST' in project 'Supabase'
        ➜ Explicit dependency on target 'Auth' in project 'Supabase'
        ➜ Explicit dependency on target 'Realtime' in project 'Supabase'
        ➜ Explicit dependency on target 'Storage' in project 'Supabase'
        ➜ Explicit dependency on target 'Helpers' in project 'Supabase'
        ➜ Explicit dependency on target 'ConcurrencyExtras' in project 'swift-concurrency-extras'
        ➜ Explicit dependency on target 'HTTPTypes' in project 'swift-http-types'
        ➜ Explicit dependency on target 'Clocks' in project 'swift-clocks'
        ➜ Explicit dependency on target 'XCTestDynamicOverlay' in project 'xctest-dynamic-overlay'
        ➜ Explicit dependency on target 'Crypto' in project 'swift-crypto'
        ➜ Explicit dependency on target 'IssueReporting' in project 'xctest-dynamic-overlay'
    Target 'Supabase' in project 'Supabase'
        ➜ Explicit dependency on target 'Helpers' in project 'Supabase'
        ➜ Explicit dependency on target 'Auth' in project 'Supabase'
        ➜ Explicit dependency on target 'Functions' in project 'Supabase'
        ➜ Explicit dependency on target 'PostgREST' in project 'Supabase'
        ➜ Explicit dependency on target 'Realtime' in project 'Supabase'
        ➜ Explicit dependency on target 'Storage' in project 'Supabase'
        ➜ Explicit dependency on target 'ConcurrencyExtras' in project 'swift-concurrency-extras'
        ➜ Explicit dependency on target 'HTTPTypes' in project 'swift-http-types'
        ➜ Explicit dependency on target 'Clocks' in project 'swift-clocks'
        ➜ Explicit dependency on target 'XCTestDynamicOverlay' in project 'xctest-dynamic-overlay'
        ➜ Explicit dependency on target 'Crypto' in project 'swift-crypto'
        ➜ Explicit dependency on target 'IssueReporting' in project 'xctest-dynamic-overlay'
    Target 'Storage' in project 'Supabase'
        ➜ Explicit dependency on target 'Helpers' in project 'Supabase'
        ➜ Explicit dependency on target 'ConcurrencyExtras' in project 'swift-concurrency-extras'
        ➜ Explicit dependency on target 'HTTPTypes' in project 'swift-http-types'
        ➜ Explicit dependency on target 'Clocks' in project 'swift-clocks'
        ➜ Explicit dependency on target 'XCTestDynamicOverlay' in project 'xctest-dynamic-overlay'
    Target 'Realtime' in project 'Supabase'
        ➜ Explicit dependency on target 'Helpers' in project 'Supabase'
        ➜ Explicit dependency on target 'ConcurrencyExtras' in project 'swift-concurrency-extras'
        ➜ Explicit dependency on target 'HTTPTypes' in project 'swift-http-types'
        ➜ Explicit dependency on target 'Clocks' in project 'swift-clocks'
        ➜ Explicit dependency on target 'XCTestDynamicOverlay' in project 'xctest-dynamic-overlay'
        ➜ Explicit dependency on target 'IssueReporting' in project 'xctest-dynamic-overlay'
    Target 'PostgREST' in project 'Supabase'
        ➜ Explicit dependency on target 'Helpers' in project 'Supabase'
        ➜ Explicit dependency on target 'ConcurrencyExtras' in project 'swift-concurrency-extras'
        ➜ Explicit dependency on target 'HTTPTypes' in project 'swift-http-types'
        ➜ Explicit dependency on target 'Clocks' in project 'swift-clocks'
        ➜ Explicit dependency on target 'XCTestDynamicOverlay' in project 'xctest-dynamic-overlay'
    Target 'Functions' in project 'Supabase'
        ➜ Explicit dependency on target 'Helpers' in project 'Supabase'
        ➜ Explicit dependency on target 'ConcurrencyExtras' in project 'swift-concurrency-extras'
        ➜ Explicit dependency on target 'HTTPTypes' in project 'swift-http-types'
        ➜ Explicit dependency on target 'Clocks' in project 'swift-clocks'
        ➜ Explicit dependency on target 'XCTestDynamicOverlay' in project 'xctest-dynamic-overlay'
    Target 'Auth' in project 'Supabase'
        ➜ Explicit dependency on target 'Helpers' in project 'Supabase'
        ➜ Explicit dependency on target 'ConcurrencyExtras' in project 'swift-concurrency-extras'
        ➜ Explicit dependency on target 'HTTPTypes' in project 'swift-http-types'
        ➜ Explicit dependency on target 'Clocks' in project 'swift-clocks'
        ➜ Explicit dependency on target 'XCTestDynamicOverlay' in project 'xctest-dynamic-overlay'
        ➜ Explicit dependency on target 'Crypto' in project 'swift-crypto'
    Target 'Crypto' in project 'swift-crypto'
        ➜ Explicit dependency on target 'Crypto' in project 'swift-crypto'
        ➜ Explicit dependency on target 'swift-crypto_Crypto' in project 'swift-crypto'
    Target 'Crypto' in project 'swift-crypto'
        ➜ Explicit dependency on target 'swift-crypto_Crypto' in project 'swift-crypto'
    Target 'swift-crypto_Crypto' in project 'swift-crypto' (no dependencies)
    Target 'Helpers' in project 'Supabase'
        ➜ Explicit dependency on target 'ConcurrencyExtras' in project 'swift-concurrency-extras'
        ➜ Explicit dependency on target 'HTTPTypes' in project 'swift-http-types'
        ➜ Explicit dependency on target 'Clocks' in project 'swift-clocks'
        ➜ Explicit dependency on target 'XCTestDynamicOverlay' in project 'xctest-dynamic-overlay'
    Target 'XCTestDynamicOverlay' in project 'xctest-dynamic-overlay'
        ➜ Explicit dependency on target 'XCTestDynamicOverlay' in project 'xctest-dynamic-overlay'
        ➜ Explicit dependency on target 'IssueReporting' in project 'xctest-dynamic-overlay'
    Target 'XCTestDynamicOverlay' in project 'xctest-dynamic-overlay'
        ➜ Explicit dependency on target 'IssueReporting' in project 'xctest-dynamic-overlay'
    Target 'Clocks' in project 'swift-clocks'
        ➜ Explicit dependency on target 'Clocks' in project 'swift-clocks'
        ➜ Explicit dependency on target 'ConcurrencyExtras' in project 'swift-concurrency-extras'
        ➜ Explicit dependency on target 'IssueReporting' in project 'xctest-dynamic-overlay'
    Target 'Clocks' in project 'swift-clocks'
        ➜ Explicit dependency on target 'ConcurrencyExtras' in project 'swift-concurrency-extras'
        ➜ Explicit dependency on target 'IssueReporting' in project 'xctest-dynamic-overlay'
    Target 'IssueReporting' in project 'xctest-dynamic-overlay'
        ➜ Explicit dependency on target 'IssueReporting' in project 'xctest-dynamic-overlay'
    Target 'IssueReporting' in project 'xctest-dynamic-overlay' (no dependencies)
    Target 'HTTPTypes' in project 'swift-http-types'
        ➜ Explicit dependency on target 'HTTPTypes' in project 'swift-http-types'
    Target 'HTTPTypes' in project 'swift-http-types' (no dependencies)
    Target 'ConcurrencyExtras' in project 'swift-concurrency-extras'
        ➜ Explicit dependency on target 'ConcurrencyExtras' in project 'swift-concurrency-extras'
    Target 'ConcurrencyExtras' in project 'swift-concurrency-extras' (no dependencies)

GatherProvisioningInputs

CreateBuildDescription

ExecuteExternalTool /Applications/Xcode.app/Contents/Developer/Toolchains/XcodeDefault.xctoolchain/usr/bin/swiftc --version

ExecuteExternalTool /Applications/Xcode.app/Contents/Developer/Toolchains/XcodeDefault.xctoolchain/usr/bin/clang -v -E -dM -isysroot /Applications/Xcode.app/Contents/Developer/Platforms/MacOSX.platform/Developer/SDKs/MacOSX15.5.sdk -x c -c /dev/null

ExecuteExternalTool /Applications/Xcode.app/Contents/Developer/usr/bin/actool --version --output-format xml1

ExecuteExternalTool /Applications/Xcode.app/Contents/Developer/Toolchains/XcodeDefault.xctoolchain/usr/bin/ld -version_details

ReadFileContents /Applications/Xcode.app/Contents/Developer/Toolchains/XcodeDefault.xctoolchain/usr/share/docc/features.json

Build description signature: da1999d2834bc70e6329bfa932bd42c5
Build description path: /Users/timothyrussell/Library/Developer/Xcode/DerivedData/Mariner_Studio-epzrjunbfxajpjcupwtsgqvwtihu/Build/Intermediates.noindex/XCBuildData/da1999d2834bc70e6329bfa932bd42c5.xcbuilddata
ClangStatCache /Applications/Xcode.app/Contents/Developer/Toolchains/XcodeDefault.xctoolchain/usr/bin/clang-stat-cache /Applications/Xcode.app/Contents/Developer/Platforms/MacOSX.platform/Developer/SDKs/MacOSX15.5.sdk /Users/timothyrussell/Library/Developer/Xcode/DerivedData/SDKStatCaches.noindex/macosx15.5-24F74-8254517eb8b97d462ccbc072ba9094c9.sdkstatcache
    cd /Users/timothyrussell/Documents/MarinerStudio-XC/Mariner\ Studio.xcodeproj
    /Applications/Xcode.app/Contents/Developer/Toolchains/XcodeDefault.xctoolchain/usr/bin/clang-stat-cache /Applications/Xcode.app/Contents/Developer/Platforms/MacOSX.platform/Developer/SDKs/MacOSX15.5.sdk -o /Users/timothyrussell/Library/Developer/Xcode/DerivedData/SDKStatCaches.noindex/macosx15.5-24F74-8254517eb8b97d462ccbc072ba9094c9.sdkstatcache

ProcessInfoPlistFile /Users/timothyrussell/Library/Developer/Xcode/DerivedData/Mariner_Studio-epzrjunbfxajpjcupwtsgqvwtihu/Build/Products/Debug/swift-crypto_Crypto.bundle/Contents/Info.plist /Users/timothyrussell/Library/Developer/Xcode/DerivedData/Mariner_Studio-epzrjunbfxajpjcupwtsgqvwtihu/Build/Intermediates.noindex/swift-crypto.build/Debug/swift-crypto_Crypto.build/empty-swift-crypto_Crypto.plist (in target 'swift-crypto_Crypto' from project 'swift-crypto')
    cd /Users/timothyrussell/Library/Developer/Xcode/DerivedData/Mariner_Studio-epzrjunbfxajpjcupwtsgqvwtihu/SourcePackages/checkouts/swift-crypto
    builtin-infoPlistUtility /Users/timothyrussell/Library/Developer/Xcode/DerivedData/Mariner_Studio-epzrjunbfxajpjcupwtsgqvwtihu/Build/Intermediates.noindex/swift-crypto.build/Debug/swift-crypto_Crypto.build/empty-swift-crypto_Crypto.plist -producttype com.apple.product-type.bundle -expandbuildsettings -platform macosx -o /Users/timothyrussell/Library/Developer/Xcode/DerivedData/Mariner_Studio-epzrjunbfxajpjcupwtsgqvwtihu/Build/Products/Debug/swift-crypto_Crypto.bundle/Contents/Info.plist

ProcessInfoPlistFile /Users/timothyrussell/Library/Developer/Xcode/DerivedData/Mariner_Studio-epzrjunbfxajpjcupwtsgqvwtihu/Build/Products/Debug/RevenueCat_RevenueCat.bundle/Contents/Info.plist /Users/timothyrussell/Library/Developer/Xcode/DerivedData/Mariner_Studio-epzrjunbfxajpjcupwtsgqvwtihu/Build/Intermediates.noindex/RevenueCat.build/Debug/RevenueCat_RevenueCat.build/empty-RevenueCat_RevenueCat.plist (in target 'RevenueCat_RevenueCat' from project 'RevenueCat')
    cd /Users/timothyrussell/Library/Developer/Xcode/DerivedData/Mariner_Studio-epzrjunbfxajpjcupwtsgqvwtihu/SourcePackages/checkouts/purchases-ios
    builtin-infoPlistUtility /Users/timothyrussell/Library/Developer/Xcode/DerivedData/Mariner_Studio-epzrjunbfxajpjcupwtsgqvwtihu/Build/Intermediates.noindex/RevenueCat.build/Debug/RevenueCat_RevenueCat.build/empty-RevenueCat_RevenueCat.plist -producttype com.apple.product-type.bundle -expandbuildsettings -platform macosx -o /Users/timothyrussell/Library/Developer/Xcode/DerivedData/Mariner_Studio-epzrjunbfxajpjcupwtsgqvwtihu/Build/Products/Debug/RevenueCat_RevenueCat.bundle/Contents/Info.plist

WriteAuxiliaryFile /Users/timothyrussell/Library/Developer/Xcode/DerivedData/Mariner_Studio-epzrjunbfxajpjcupwtsgqvwtihu/Build/Intermediates.noindex/Mariner\ Studio.build/Debug/Mariner\ Studio.build/Objects-normal/arm64/Mariner\ Studio.SwiftFileList (in target 'Mariner Studio' from project 'Mariner Studio')
    cd /Users/timothyrussell/Documents/MarinerStudio-XC
    write-file /Users/timothyrussell/Library/Developer/Xcode/DerivedData/Mariner_Studio-epzrjunbfxajpjcupwtsgqvwtihu/Build/Intermediates.noindex/Mariner\ Studio.build/Debug/Mariner\ Studio.build/Objects-normal/arm64/Mariner\ Studio.SwiftFileList

WriteAuxiliaryFile /Users/timothyrussell/Library/Developer/Xcode/DerivedData/Mariner_Studio-epzrjunbfxajpjcupwtsgqvwtihu/Build/Intermediates.noindex/Mariner\ Studio.build/Debug/Mariner\ Studio.build/Objects-normal/arm64/Mariner\ Studio.SwiftConstValuesFileList (in target 'Mariner Studio' from project 'Mariner Studio')
    cd /Users/timothyrussell/Documents/MarinerStudio-XC
    write-file /Users/timothyrussell/Library/Developer/Xcode/DerivedData/Mariner_Studio-epzrjunbfxajpjcupwtsgqvwtihu/Build/Intermediates.noindex/Mariner\ Studio.build/Debug/Mariner\ Studio.build/Objects-normal/arm64/Mariner\ Studio.SwiftConstValuesFileList

WriteAuxiliaryFile /Users/timothyrussell/Library/Developer/Xcode/DerivedData/Mariner_Studio-epzrjunbfxajpjcupwtsgqvwtihu/Build/Intermediates.noindex/Mariner\ Studio.build/Debug/Mariner\ Studio.build/Objects-normal/arm64/Mariner\ Studio.LinkFileList (in target 'Mariner Studio' from project 'Mariner Studio')
    cd /Users/timothyrussell/Documents/MarinerStudio-XC
    write-file /Users/timothyrussell/Library/Developer/Xcode/DerivedData/Mariner_Studio-epzrjunbfxajpjcupwtsgqvwtihu/Build/Intermediates.noindex/Mariner\ Studio.build/Debug/Mariner\ Studio.build/Objects-normal/arm64/Mariner\ Studio.LinkFileList

ProcessInfoPlistFile /Users/timothyrussell/Library/Developer/Xcode/DerivedData/Mariner_Studio-epzrjunbfxajpjcupwtsgqvwtihu/Build/Products/Debug/RevenueCat_RevenueCatUI.bundle/Contents/Info.plist /Users/timothyrussell/Library/Developer/Xcode/DerivedData/Mariner_Studio-epzrjunbfxajpjcupwtsgqvwtihu/Build/Intermediates.noindex/RevenueCat.build/Debug/RevenueCat_RevenueCatUI.build/empty-RevenueCat_RevenueCatUI.plist (in target 'RevenueCat_RevenueCatUI' from project 'RevenueCat')
    cd /Users/timothyrussell/Library/Developer/Xcode/DerivedData/Mariner_Studio-epzrjunbfxajpjcupwtsgqvwtihu/SourcePackages/checkouts/purchases-ios
    builtin-infoPlistUtility /Users/timothyrussell/Library/Developer/Xcode/DerivedData/Mariner_Studio-epzrjunbfxajpjcupwtsgqvwtihu/Build/Intermediates.noindex/RevenueCat.build/Debug/RevenueCat_RevenueCatUI.build/empty-RevenueCat_RevenueCatUI.plist -producttype com.apple.product-type.bundle -expandbuildsettings -platform macosx -additionalcontentfile /Users/timothyrussell/Library/Developer/Xcode/DerivedData/Mariner_Studio-epzrjunbfxajpjcupwtsgqvwtihu/Build/Intermediates.noindex/RevenueCat.build/Debug/RevenueCat_RevenueCatUI.build/assetcatalog_generated_info.plist -o /Users/timothyrussell/Library/Developer/Xcode/DerivedData/Mariner_Studio-epzrjunbfxajpjcupwtsgqvwtihu/Build/Products/Debug/RevenueCat_RevenueCatUI.bundle/Contents/Info.plist

SwiftDriver Auth normal arm64 com.apple.xcode.tools.swift.compiler (in target 'Auth' from project 'Supabase')
    cd /Users/timothyrussell/Documents/MarinerStudio-XC/Mariner\ Studio.xcodeproj
    builtin-SwiftDriver -- /Applications/Xcode.app/Contents/Developer/Toolchains/XcodeDefault.xctoolchain/usr/bin/swiftc -module-name Auth -Onone -enforce-exclusivity\=checked @/Users/timothyrussell/Library/Developer/Xcode/DerivedData/Mariner_Studio-epzrjunbfxajpjcupwtsgqvwtihu/Build/Intermediates.noindex/Supabase.build/Debug/Auth.build/Objects-normal/arm64/Auth.SwiftFileList -DSWIFT_PACKAGE -DDEBUG -DXcode -enable-upcoming-feature ExistentialAny -enable-experimental-feature StrictConcurrency -plugin-path /Applications/Xcode.app/Contents/Developer/Toolchains/XcodeDefault.xctoolchain/usr/lib/swift/host/plugins/testing -enable-experimental-feature DebugDescriptionMacro -sdk /Applications/Xcode.app/Contents/Developer/Platforms/MacOSX.platform/Developer/SDKs/MacOSX15.5.sdk -target arm64-apple-macos10.15 -g -module-cache-path /Users/timothyrussell/Library/Developer/Xcode/DerivedData/ModuleCache.noindex -Xfrontend -serialize-debugging-options -enable-testing -suppress-warnings -index-store-path /Users/timothyrussell/Library/Developer/Xcode/DerivedData/Mariner_Studio-epzrjunbfxajpjcupwtsgqvwtihu/Index.noindex/DataStore -swift-version 5 -I /Users/timothyrussell/Library/Developer/Xcode/DerivedData/Mariner_Studio-epzrjunbfxajpjcupwtsgqvwtihu/Build/Products/Debug -I /Applications/Xcode.app/Contents/Developer/Platforms/MacOSX.platform/Developer/usr/lib -F /Users/timothyrussell/Library/Developer/Xcode/DerivedData/Mariner_Studio-epzrjunbfxajpjcupwtsgqvwtihu/Build/Products/Debug/PackageFrameworks -F /Users/timothyrussell/Library/Developer/Xcode/DerivedData/Mariner_Studio-epzrjunbfxajpjcupwtsgqvwtihu/Build/Products/Debug/PackageFrameworks -F /Users/timothyrussell/Library/Developer/Xcode/DerivedData/Mariner_Studio-epzrjunbfxajpjcupwtsgqvwtihu/Build/Products/Debug/PackageFrameworks -F /Users/timothyrussell/Library/Developer/Xcode/DerivedData/Mariner_Studio-epzrjunbfxajpjcupwtsgqvwtihu/Build/Products/Debug/PackageFrameworks -F /Users/timothyrussell/Library/Developer/Xcode/DerivedData/Mariner_Studio-epzrjunbfxajpjcupwtsgqvwtihu/Build/Products/Debug/PackageFrameworks -F /Users/timothyrussell/Library/Developer/Xcode/DerivedData/Mariner_Studio-epzrjunbfxajpjcupwtsgqvwtihu/Build/Products/Debug/PackageFrameworks -F /Users/timothyrussell/Library/Developer/Xcode/DerivedData/Mariner_Studio-epzrjunbfxajpjcupwtsgqvwtihu/Build/Products/Debug/PackageFrameworks -F /Users/timothyrussell/Library/Developer/Xcode/DerivedData/Mariner_Studio-epzrjunbfxajpjcupwtsgqvwtihu/Build/Products/Debug -F /Applications/Xcode.app/Contents/Developer/Platforms/MacOSX.platform/Developer/Library/Frameworks -c -j8 -enable-batch-mode -incremental -Xcc -ivfsstatcache -Xcc /Users/timothyrussell/Library/Developer/Xcode/DerivedData/SDKStatCaches.noindex/macosx15.5-24F74-8254517eb8b97d462ccbc072ba9094c9.sdkstatcache -output-file-map /Users/timothyrussell/Library/Developer/Xcode/DerivedData/Mariner_Studio-epzrjunbfxajpjcupwtsgqvwtihu/Build/Intermediates.noindex/Supabase.build/Debug/Auth.build/Objects-normal/arm64/Auth-OutputFileMap.json -use-frontend-parseable-output -save-temps -no-color-diagnostics -serialize-diagnostics -emit-dependencies -emit-module -emit-module-path /Users/timothyrussell/Library/Developer/Xcode/DerivedData/Mariner_Studio-epzrjunbfxajpjcupwtsgqvwtihu/Build/Intermediates.noindex/Supabase.build/Debug/Auth.build/Objects-normal/arm64/Auth.swiftmodule -validate-clang-modules-once -clang-build-session-file /Users/timothyrussell/Library/Developer/Xcode/DerivedData/ModuleCache.noindex/Session.modulevalidation -package-name supabase_swift -Xcc -I/Users/timothyrussell/Library/Developer/Xcode/DerivedData/Mariner_Studio-epzrjunbfxajpjcupwtsgqvwtihu/Build/Intermediates.noindex/Supabase.build/Debug/Auth.build/swift-overrides.hmap -emit-const-values -Xfrontend -const-gather-protocols-file -Xfrontend /Users/timothyrussell/Library/Developer/Xcode/DerivedData/Mariner_Studio-epzrjunbfxajpjcupwtsgqvwtihu/Build/Intermediates.noindex/Supabase.build/Debug/Auth.build/Objects-normal/arm64/Auth_const_extract_protocols.json -Xcc -I/Users/timothyrussell/Library/Developer/Xcode/DerivedData/Mariner_Studio-epzrjunbfxajpjcupwtsgqvwtihu/Build/Products/Debug/include -Xcc -I/Users/timothyrussell/Library/Developer/Xcode/DerivedData/Mariner_Studio-epzrjunbfxajpjcupwtsgqvwtihu/Build/Intermediates.noindex/Supabase.build/Debug/Auth.build/DerivedSources-normal/arm64 -Xcc -I/Users/timothyrussell/Library/Developer/Xcode/DerivedData/Mariner_Studio-epzrjunbfxajpjcupwtsgqvwtihu/Build/Intermediates.noindex/Supabase.build/Debug/Auth.build/DerivedSources/arm64 -Xcc -I/Users/timothyrussell/Library/Developer/Xcode/DerivedData/Mariner_Studio-epzrjunbfxajpjcupwtsgqvwtihu/Build/Intermediates.noindex/Supabase.build/Debug/Auth.build/DerivedSources -Xcc -DSWIFT_PACKAGE -Xcc -DDEBUG\=1 -emit-objc-header -emit-objc-header-path /Users/timothyrussell/Library/Developer/Xcode/DerivedData/Mariner_Studio-epzrjunbfxajpjcupwtsgqvwtihu/Build/Intermediates.noindex/Supabase.build/Debug/Auth.build/Objects-normal/arm64/Auth-Swift.h -working-directory /Users/timothyrussell/Documents/MarinerStudio-XC/Mariner\ Studio.xcodeproj -experimental-emit-module-separately -disable-cmo

Ld /Users/timothyrussell/Library/Developer/Xcode/DerivedData/Mariner_Studio-epzrjunbfxajpjcupwtsgqvwtihu/Build/Products/Debug/RevenueCatUI.o normal (in target 'RevenueCatUI' from project 'RevenueCat')
    cd /Users/timothyrussell/Library/Developer/Xcode/DerivedData/Mariner_Studio-epzrjunbfxajpjcupwtsgqvwtihu/SourcePackages/checkouts/purchases-ios
    /Applications/Xcode.app/Contents/Developer/Toolchains/XcodeDefault.xctoolchain/usr/bin/clang -Xlinker -reproducible -target arm64-apple-macos10.15 -r -isysroot /Applications/Xcode.app/Contents/Developer/Platforms/MacOSX.platform/Developer/SDKs/MacOSX15.5.sdk -O0 -w -L/Users/timothyrussell/Library/Developer/Xcode/DerivedData/Mariner_Studio-epzrjunbfxajpjcupwtsgqvwtihu/Build/Intermediates.noindex/EagerLinkingTBDs/Debug -L/Users/timothyrussell/Library/Developer/Xcode/DerivedData/Mariner_Studio-epzrjunbfxajpjcupwtsgqvwtihu/Build/Products/Debug -L/Applications/Xcode.app/Contents/Developer/Platforms/MacOSX.platform/Developer/usr/lib -F/Users/timothyrussell/Library/Developer/Xcode/DerivedData/Mariner_Studio-epzrjunbfxajpjcupwtsgqvwtihu/Build/Intermediates.noindex/EagerLinkingTBDs/Debug -F/Users/timothyrussell/Library/Developer/Xcode/DerivedData/Mariner_Studio-epzrjunbfxajpjcupwtsgqvwtihu/Build/Products/Debug/PackageFrameworks -F/Users/timothyrussell/Library/Developer/Xcode/DerivedData/Mariner_Studio-epzrjunbfxajpjcupwtsgqvwtihu/Build/Products/Debug -iframework /Applications/Xcode.app/Contents/Developer/Platforms/MacOSX.platform/Developer/Library/Frameworks -filelist /Users/timothyrussell/Library/Developer/Xcode/DerivedData/Mariner_Studio-epzrjunbfxajpjcupwtsgqvwtihu/Build/Intermediates.noindex/RevenueCat.build/Debug/RevenueCatUI.build/Objects-normal/arm64/RevenueCatUI.LinkFileList -nostdlib -Xlinker -object_path_lto -Xlinker /Users/timothyrussell/Library/Developer/Xcode/DerivedData/Mariner_Studio-epzrjunbfxajpjcupwtsgqvwtihu/Build/Intermediates.noindex/RevenueCat.build/Debug/RevenueCatUI.build/Objects-normal/arm64/RevenueCatUI_lto.o -rdynamic -Xlinker -no_deduplicate -Xlinker -dependency_info -Xlinker /Users/timothyrussell/Library/Developer/Xcode/DerivedData/Mariner_Studio-epzrjunbfxajpjcupwtsgqvwtihu/Build/Intermediates.noindex/RevenueCat.build/Debug/RevenueCatUI.build/Objects-normal/arm64/RevenueCatUI_dependency_info.dat -fobjc-link-runtime -L/Applications/Xcode.app/Contents/Developer/Toolchains/XcodeDefault.xctoolchain/usr/lib/swift/macosx -L/usr/lib/swift -Xlinker -add_ast_path -Xlinker /Users/timothyrussell/Library/Developer/Xcode/DerivedData/Mariner_Studio-epzrjunbfxajpjcupwtsgqvwtihu/Build/Intermediates.noindex/RevenueCat.build/Debug/RevenueCatUI.build/Objects-normal/arm64/RevenueCatUI.swiftmodule -o /Users/timothyrussell/Library/Developer/Xcode/DerivedData/Mariner_Studio-epzrjunbfxajpjcupwtsgqvwtihu/Build/Products/Debug/RevenueCatUI.o

SwiftDriver Mariner\ Studio normal arm64 com.apple.xcode.tools.swift.compiler (in target 'Mariner Studio' from project 'Mariner Studio')
    cd /Users/timothyrussell/Documents/MarinerStudio-XC
    builtin-SwiftDriver -- /Applications/Xcode.app/Contents/Developer/Toolchains/XcodeDefault.xctoolchain/usr/bin/swiftc -module-name Mariner_Studio -Onone -enforce-exclusivity\=checked @/Users/timothyrussell/Library/Developer/Xcode/DerivedData/Mariner_Studio-epzrjunbfxajpjcupwtsgqvwtihu/Build/Intermediates.noindex/Mariner\ Studio.build/Debug/Mariner\ Studio.build/Objects-normal/arm64/Mariner\ Studio.SwiftFileList -DDEBUG -enable-bare-slash-regex -enable-experimental-feature DebugDescriptionMacro -sdk /Applications/Xcode.app/Contents/Developer/Platforms/MacOSX.platform/Developer/SDKs/MacOSX15.5.sdk -target arm64-apple-macos15.4 -g -module-cache-path /Users/timothyrussell/Library/Developer/Xcode/DerivedData/ModuleCache.noindex -Xfrontend -serialize-debugging-options -enable-testing -index-store-path /Users/timothyrussell/Library/Developer/Xcode/DerivedData/Mariner_Studio-epzrjunbfxajpjcupwtsgqvwtihu/Index.noindex/DataStore -swift-version 5 -I /Users/timothyrussell/Library/Developer/Xcode/DerivedData/Mariner_Studio-epzrjunbfxajpjcupwtsgqvwtihu/Build/Products/Debug -F /Users/timothyrussell/Library/Developer/Xcode/DerivedData/Mariner_Studio-epzrjunbfxajpjcupwtsgqvwtihu/Build/Products/Debug/PackageFrameworks -F /Users/timothyrussell/Library/Developer/Xcode/DerivedData/Mariner_Studio-epzrjunbfxajpjcupwtsgqvwtihu/Build/Products/Debug/PackageFrameworks -F /Users/timothyrussell/Library/Developer/Xcode/DerivedData/Mariner_Studio-epzrjunbfxajpjcupwtsgqvwtihu/Build/Products/Debug/PackageFrameworks -F /Users/timothyrussell/Library/Developer/Xcode/DerivedData/Mariner_Studio-epzrjunbfxajpjcupwtsgqvwtihu/Build/Products/Debug/PackageFrameworks -F /Users/timothyrussell/Library/Developer/Xcode/DerivedData/Mariner_Studio-epzrjunbfxajpjcupwtsgqvwtihu/Build/Products/Debug/PackageFrameworks -F /Users/timothyrussell/Library/Developer/Xcode/DerivedData/Mariner_Studio-epzrjunbfxajpjcupwtsgqvwtihu/Build/Products/Debug/PackageFrameworks -F /Users/timothyrussell/Library/Developer/Xcode/DerivedData/Mariner_Studio-epzrjunbfxajpjcupwtsgqvwtihu/Build/Products/Debug/PackageFrameworks -F /Users/timothyrussell/Library/Developer/Xcode/DerivedData/Mariner_Studio-epzrjunbfxajpjcupwtsgqvwtihu/Build/Products/Debug/PackageFrameworks -F /Users/timothyrussell/Library/Developer/Xcode/DerivedData/Mariner_Studio-epzrjunbfxajpjcupwtsgqvwtihu/Build/Products/Debug/PackageFrameworks -F /Users/timothyrussell/Library/Developer/Xcode/DerivedData/Mariner_Studio-epzrjunbfxajpjcupwtsgqvwtihu/Build/Products/Debug/PackageFrameworks -F /Users/timothyrussell/Library/Developer/Xcode/DerivedData/Mariner_Studio-epzrjunbfxajpjcupwtsgqvwtihu/Build/Products/Debug/PackageFrameworks -F /Users/timothyrussell/Library/Developer/Xcode/DerivedData/Mariner_Studio-epzrjunbfxajpjcupwtsgqvwtihu/Build/Products/Debug/PackageFrameworks -F /Users/timothyrussell/Library/Developer/Xcode/DerivedData/Mariner_Studio-epzrjunbfxajpjcupwtsgqvwtihu/Build/Products/Debug/PackageFrameworks -F /Users/timothyrussell/Library/Developer/Xcode/DerivedData/Mariner_Studio-epzrjunbfxajpjcupwtsgqvwtihu/Build/Products/Debug/PackageFrameworks -F /Users/timothyrussell/Library/Developer/Xcode/DerivedData/Mariner_Studio-epzrjunbfxajpjcupwtsgqvwtihu/Build/Products/Debug/PackageFrameworks -F /Users/timothyrussell/Library/Developer/Xcode/DerivedData/Mariner_Studio-epzrjunbfxajpjcupwtsgqvwtihu/Build/Products/Debug/PackageFrameworks -F /Users/timothyrussell/Library/Developer/Xcode/DerivedData/Mariner_Studio-epzrjunbfxajpjcupwtsgqvwtihu/Build/Products/Debug/PackageFrameworks -F /Users/timothyrussell/Library/Developer/Xcode/DerivedData/Mariner_Studio-epzrjunbfxajpjcupwtsgqvwtihu/Build/Products/Debug -emit-localized-strings -emit-localized-strings-path /Users/timothyrussell/Library/Developer/Xcode/DerivedData/Mariner_Studio-epzrjunbfxajpjcupwtsgqvwtihu/Build/Intermediates.noindex/Mariner\ Studio.build/Debug/Mariner\ Studio.build/Objects-normal/arm64 -c -j8 -enable-batch-mode -incremental -Xcc -ivfsstatcache -Xcc /Users/timothyrussell/Library/Developer/Xcode/DerivedData/SDKStatCaches.noindex/macosx15.5-24F74-8254517eb8b97d462ccbc072ba9094c9.sdkstatcache -output-file-map /Users/timothyrussell/Library/Developer/Xcode/DerivedData/Mariner_Studio-epzrjunbfxajpjcupwtsgqvwtihu/Build/Intermediates.noindex/Mariner\ Studio.build/Debug/Mariner\ Studio.build/Objects-normal/arm64/Mariner\ Studio-OutputFileMap.json -use-frontend-parseable-output -save-temps -no-color-diagnostics -serialize-diagnostics -emit-dependencies -emit-module -emit-module-path /Users/timothyrussell/Library/Developer/Xcode/DerivedData/Mariner_Studio-epzrjunbfxajpjcupwtsgqvwtihu/Build/Intermediates.noindex/Mariner\ Studio.build/Debug/Mariner\ Studio.build/Objects-normal/arm64/Mariner_Studio.swiftmodule -validate-clang-modules-once -clang-build-session-file /Users/timothyrussell/Library/Developer/Xcode/DerivedData/ModuleCache.noindex/Session.modulevalidation -Xcc -I/Users/timothyrussell/Library/Developer/Xcode/DerivedData/Mariner_Studio-epzrjunbfxajpjcupwtsgqvwtihu/Build/Intermediates.noindex/Mariner\ Studio.build/Debug/Mariner\ Studio.build/swift-overrides.hmap -emit-const-values -Xfrontend -const-gather-protocols-file -Xfrontend /Users/timothyrussell/Library/Developer/Xcode/DerivedData/Mariner_Studio-epzrjunbfxajpjcupwtsgqvwtihu/Build/Intermediates.noindex/Mariner\ Studio.build/Debug/Mariner\ Studio.build/Objects-normal/arm64/Mariner\ Studio_const_extract_protocols.json -Xcc -iquote -Xcc /Users/timothyrussell/Library/Developer/Xcode/DerivedData/Mariner_Studio-epzrjunbfxajpjcupwtsgqvwtihu/Build/Intermediates.noindex/Mariner\ Studio.build/Debug/Mariner\ Studio.build/Mariner\ Studio-generated-files.hmap -Xcc -I/Users/timothyrussell/Library/Developer/Xcode/DerivedData/Mariner_Studio-epzrjunbfxajpjcupwtsgqvwtihu/Build/Intermediates.noindex/Mariner\ Studio.build/Debug/Mariner\ Studio.build/Mariner\ Studio-own-target-headers.hmap -Xcc -I/Users/timothyrussell/Library/Developer/Xcode/DerivedData/Mariner_Studio-epzrjunbfxajpjcupwtsgqvwtihu/Build/Intermediates.noindex/Mariner\ Studio.build/Debug/Mariner\ Studio.build/Mariner\ Studio-all-non-framework-target-headers.hmap -Xcc -ivfsoverlay -Xcc /Users/timothyrussell/Library/Developer/Xcode/DerivedData/Mariner_Studio-epzrjunbfxajpjcupwtsgqvwtihu/Build/Intermediates.noindex/Mariner\ Studio.build/Debug/Mariner\ Studio-fc02daf74e9b66c6b3c36ee9fa3fcd92-VFS/all-product-headers.yaml -Xcc -iquote -Xcc /Users/timothyrussell/Library/Developer/Xcode/DerivedData/Mariner_Studio-epzrjunbfxajpjcupwtsgqvwtihu/Build/Intermediates.noindex/Mariner\ Studio.build/Debug/Mariner\ Studio.build/Mariner\ Studio-project-headers.hmap -Xcc -I/Users/timothyrussell/Library/Developer/Xcode/DerivedData/Mariner_Studio-epzrjunbfxajpjcupwtsgqvwtihu/Build/Products/Debug/include -Xcc -I/Users/timothyrussell/Library/Developer/Xcode/DerivedData/Mariner_Studio-epzrjunbfxajpjcupwtsgqvwtihu/Build/Intermediates.noindex/Mariner\ Studio.build/Debug/Mariner\ Studio.build/DerivedSources-normal/arm64 -Xcc -I/Users/timothyrussell/Library/Developer/Xcode/DerivedData/Mariner_Studio-epzrjunbfxajpjcupwtsgqvwtihu/Build/Intermediates.noindex/Mariner\ Studio.build/Debug/Mariner\ Studio.build/DerivedSources/arm64 -Xcc -I/Users/timothyrussell/Library/Developer/Xcode/DerivedData/Mariner_Studio-epzrjunbfxajpjcupwtsgqvwtihu/Build/Intermediates.noindex/Mariner\ Studio.build/Debug/Mariner\ Studio.build/DerivedSources -Xcc -DDEBUG\=1 -emit-objc-header -emit-objc-header-path /Users/timothyrussell/Library/Developer/Xcode/DerivedData/Mariner_Studio-epzrjunbfxajpjcupwtsgqvwtihu/Build/Intermediates.noindex/Mariner\ Studio.build/Debug/Mariner\ Studio.build/Objects-normal/arm64/Mariner_Studio-Swift.h -working-directory /Users/timothyrussell/Documents/MarinerStudio-XC -experimental-emit-module-separately -disable-cmo

ExtractAppIntentsMetadata (in target 'PostgREST' from project 'Supabase')
    cd /Users/timothyrussell/Library/Developer/Xcode/DerivedData/Mariner_Studio-epzrjunbfxajpjcupwtsgqvwtihu/SourcePackages/checkouts/supabase-swift
    /Applications/Xcode.app/Contents/Developer/Toolchains/XcodeDefault.xctoolchain/usr/bin/appintentsmetadataprocessor --toolchain-dir /Applications/Xcode.app/Contents/Developer/Toolchains/XcodeDefault.xctoolchain --module-name PostgREST --sdk-root /Applications/Xcode.app/Contents/Developer/Platforms/MacOSX.platform/Developer/SDKs/MacOSX15.5.sdk --xcode-version 16F6 --platform-family macOS --deployment-target 10.15 --bundle-identifier supabase-swift.PostgREST --output /Users/timothyrussell/Library/Developer/Xcode/DerivedData/Mariner_Studio-epzrjunbfxajpjcupwtsgqvwtihu/Build/Products/Debug/PostgREST.appintents --target-triple arm64-apple-macos10.15 --binary-file /Users/timothyrussell/Library/Developer/Xcode/DerivedData/Mariner_Studio-epzrjunbfxajpjcupwtsgqvwtihu/Build/Products/Debug/PostgREST.o --dependency-file /Users/timothyrussell/Library/Developer/Xcode/DerivedData/Mariner_Studio-epzrjunbfxajpjcupwtsgqvwtihu/Build/Intermediates.noindex/Supabase.build/Debug/PostgREST.build/Objects-normal/arm64/PostgREST_dependency_info.dat --stringsdata-file /Users/timothyrussell/Library/Developer/Xcode/DerivedData/Mariner_Studio-epzrjunbfxajpjcupwtsgqvwtihu/Build/Intermediates.noindex/Supabase.build/Debug/PostgREST.build/Objects-normal/arm64/ExtractedAppShortcutsMetadata.stringsdata --source-file-list /Users/timothyrussell/Library/Developer/Xcode/DerivedData/Mariner_Studio-epzrjunbfxajpjcupwtsgqvwtihu/Build/Intermediates.noindex/Supabase.build/Debug/PostgREST.build/Objects-normal/arm64/PostgREST.SwiftFileList --metadata-file-list /Users/timothyrussell/Library/Developer/Xcode/DerivedData/Mariner_Studio-epzrjunbfxajpjcupwtsgqvwtihu/Build/Intermediates.noindex/Supabase.build/Debug/PostgREST.build/PostgREST.DependencyMetadataFileList --static-metadata-file-list /Users/timothyrussell/Library/Developer/Xcode/DerivedData/Mariner_Studio-epzrjunbfxajpjcupwtsgqvwtihu/Build/Intermediates.noindex/Supabase.build/Debug/PostgREST.build/PostgREST.DependencyStaticMetadataFileList --swift-const-vals-list /Users/timothyrussell/Library/Developer/Xcode/DerivedData/Mariner_Studio-epzrjunbfxajpjcupwtsgqvwtihu/Build/Intermediates.noindex/Supabase.build/Debug/PostgREST.build/Objects-normal/arm64/PostgREST.SwiftConstValuesFileList --force --compile-time-extraction --deployment-aware-processing --validate-assistant-intents --no-app-shortcuts-localization
2025-07-15 15:41:14.251 appintentsmetadataprocessor[27428:517354] Starting appintentsmetadataprocessor export
2025-07-15 15:41:14.311 appintentsmetadataprocessor[27428:517354] Extracted no relevant App Intents symbols, skipping writing output

ExtractAppIntentsMetadata (in target 'Storage' from project 'Supabase')
    cd /Users/timothyrussell/Library/Developer/Xcode/DerivedData/Mariner_Studio-epzrjunbfxajpjcupwtsgqvwtihu/SourcePackages/checkouts/supabase-swift
    /Applications/Xcode.app/Contents/Developer/Toolchains/XcodeDefault.xctoolchain/usr/bin/appintentsmetadataprocessor --toolchain-dir /Applications/Xcode.app/Contents/Developer/Toolchains/XcodeDefault.xctoolchain --module-name Storage --sdk-root /Applications/Xcode.app/Contents/Developer/Platforms/MacOSX.platform/Developer/SDKs/MacOSX15.5.sdk --xcode-version 16F6 --platform-family macOS --deployment-target 10.15 --bundle-identifier supabase-swift.Storage --output /Users/timothyrussell/Library/Developer/Xcode/DerivedData/Mariner_Studio-epzrjunbfxajpjcupwtsgqvwtihu/Build/Products/Debug/Storage.appintents --target-triple arm64-apple-macos10.15 --binary-file /Users/timothyrussell/Library/Developer/Xcode/DerivedData/Mariner_Studio-epzrjunbfxajpjcupwtsgqvwtihu/Build/Products/Debug/Storage.o --dependency-file /Users/timothyrussell/Library/Developer/Xcode/DerivedData/Mariner_Studio-epzrjunbfxajpjcupwtsgqvwtihu/Build/Intermediates.noindex/Supabase.build/Debug/Storage.build/Objects-normal/arm64/Storage_dependency_info.dat --stringsdata-file /Users/timothyrussell/Library/Developer/Xcode/DerivedData/Mariner_Studio-epzrjunbfxajpjcupwtsgqvwtihu/Build/Intermediates.noindex/Supabase.build/Debug/Storage.build/Objects-normal/arm64/ExtractedAppShortcutsMetadata.stringsdata --source-file-list /Users/timothyrussell/Library/Developer/Xcode/DerivedData/Mariner_Studio-epzrjunbfxajpjcupwtsgqvwtihu/Build/Intermediates.noindex/Supabase.build/Debug/Storage.build/Objects-normal/arm64/Storage.SwiftFileList --metadata-file-list /Users/timothyrussell/Library/Developer/Xcode/DerivedData/Mariner_Studio-epzrjunbfxajpjcupwtsgqvwtihu/Build/Intermediates.noindex/Supabase.build/Debug/Storage.build/Storage.DependencyMetadataFileList --static-metadata-file-list /Users/timothyrussell/Library/Developer/Xcode/DerivedData/Mariner_Studio-epzrjunbfxajpjcupwtsgqvwtihu/Build/Intermediates.noindex/Supabase.build/Debug/Storage.build/Storage.DependencyStaticMetadataFileList --swift-const-vals-list /Users/timothyrussell/Library/Developer/Xcode/DerivedData/Mariner_Studio-epzrjunbfxajpjcupwtsgqvwtihu/Build/Intermediates.noindex/Supabase.build/Debug/Storage.build/Objects-normal/arm64/Storage.SwiftConstValuesFileList --force --compile-time-extraction --deployment-aware-processing --validate-assistant-intents --no-app-shortcuts-localization
2025-07-15 15:41:14.251 appintentsmetadataprocessor[27429:517355] Starting appintentsmetadataprocessor export
2025-07-15 15:41:14.308 appintentsmetadataprocessor[27429:517355] Extracted no relevant App Intents symbols, skipping writing output

ExtractAppIntentsMetadata (in target 'Realtime' from project 'Supabase')
    cd /Users/timothyrussell/Library/Developer/Xcode/DerivedData/Mariner_Studio-epzrjunbfxajpjcupwtsgqvwtihu/SourcePackages/checkouts/supabase-swift
    /Applications/Xcode.app/Contents/Developer/Toolchains/XcodeDefault.xctoolchain/usr/bin/appintentsmetadataprocessor --toolchain-dir /Applications/Xcode.app/Contents/Developer/Toolchains/XcodeDefault.xctoolchain --module-name Realtime --sdk-root /Applications/Xcode.app/Contents/Developer/Platforms/MacOSX.platform/Developer/SDKs/MacOSX15.5.sdk --xcode-version 16F6 --platform-family macOS --deployment-target 10.15 --bundle-identifier supabase-swift.Realtime --output /Users/timothyrussell/Library/Developer/Xcode/DerivedData/Mariner_Studio-epzrjunbfxajpjcupwtsgqvwtihu/Build/Products/Debug/Realtime.appintents --target-triple arm64-apple-macos10.15 --binary-file /Users/timothyrussell/Library/Developer/Xcode/DerivedData/Mariner_Studio-epzrjunbfxajpjcupwtsgqvwtihu/Build/Products/Debug/Realtime.o --dependency-file /Users/timothyrussell/Library/Developer/Xcode/DerivedData/Mariner_Studio-epzrjunbfxajpjcupwtsgqvwtihu/Build/Intermediates.noindex/Supabase.build/Debug/Realtime.build/Objects-normal/arm64/Realtime_dependency_info.dat --stringsdata-file /Users/timothyrussell/Library/Developer/Xcode/DerivedData/Mariner_Studio-epzrjunbfxajpjcupwtsgqvwtihu/Build/Intermediates.noindex/Supabase.build/Debug/Realtime.build/Objects-normal/arm64/ExtractedAppShortcutsMetadata.stringsdata --source-file-list /Users/timothyrussell/Library/Developer/Xcode/DerivedData/Mariner_Studio-epzrjunbfxajpjcupwtsgqvwtihu/Build/Intermediates.noindex/Supabase.build/Debug/Realtime.build/Objects-normal/arm64/Realtime.SwiftFileList --metadata-file-list /Users/timothyrussell/Library/Developer/Xcode/DerivedData/Mariner_Studio-epzrjunbfxajpjcupwtsgqvwtihu/Build/Intermediates.noindex/Supabase.build/Debug/Realtime.build/Realtime.DependencyMetadataFileList --static-metadata-file-list /Users/timothyrussell/Library/Developer/Xcode/DerivedData/Mariner_Studio-epzrjunbfxajpjcupwtsgqvwtihu/Build/Intermediates.noindex/Supabase.build/Debug/Realtime.build/Realtime.DependencyStaticMetadataFileList --swift-const-vals-list /Users/timothyrussell/Library/Developer/Xcode/DerivedData/Mariner_Studio-epzrjunbfxajpjcupwtsgqvwtihu/Build/Intermediates.noindex/Supabase.build/Debug/Realtime.build/Objects-normal/arm64/Realtime.SwiftConstValuesFileList --force --compile-time-extraction --deployment-aware-processing --validate-assistant-intents --no-app-shortcuts-localization
2025-07-15 15:41:14.251 appintentsmetadataprocessor[27427:517353] Starting appintentsmetadataprocessor export
2025-07-15 15:41:14.309 appintentsmetadataprocessor[27427:517353] Extracted no relevant App Intents symbols, skipping writing output

ExtractAppIntentsMetadata (in target 'Functions' from project 'Supabase')
    cd /Users/timothyrussell/Library/Developer/Xcode/DerivedData/Mariner_Studio-epzrjunbfxajpjcupwtsgqvwtihu/SourcePackages/checkouts/supabase-swift
    /Applications/Xcode.app/Contents/Developer/Toolchains/XcodeDefault.xctoolchain/usr/bin/appintentsmetadataprocessor --toolchain-dir /Applications/Xcode.app/Contents/Developer/Toolchains/XcodeDefault.xctoolchain --module-name Functions --sdk-root /Applications/Xcode.app/Contents/Developer/Platforms/MacOSX.platform/Developer/SDKs/MacOSX15.5.sdk --xcode-version 16F6 --platform-family macOS --deployment-target 10.15 --bundle-identifier supabase-swift.Functions --output /Users/timothyrussell/Library/Developer/Xcode/DerivedData/Mariner_Studio-epzrjunbfxajpjcupwtsgqvwtihu/Build/Products/Debug/Functions.appintents --target-triple arm64-apple-macos10.15 --binary-file /Users/timothyrussell/Library/Developer/Xcode/DerivedData/Mariner_Studio-epzrjunbfxajpjcupwtsgqvwtihu/Build/Products/Debug/Functions.o --dependency-file /Users/timothyrussell/Library/Developer/Xcode/DerivedData/Mariner_Studio-epzrjunbfxajpjcupwtsgqvwtihu/Build/Intermediates.noindex/Supabase.build/Debug/Functions.build/Objects-normal/arm64/Functions_dependency_info.dat --stringsdata-file /Users/timothyrussell/Library/Developer/Xcode/DerivedData/Mariner_Studio-epzrjunbfxajpjcupwtsgqvwtihu/Build/Intermediates.noindex/Supabase.build/Debug/Functions.build/Objects-normal/arm64/ExtractedAppShortcutsMetadata.stringsdata --source-file-list /Users/timothyrussell/Library/Developer/Xcode/DerivedData/Mariner_Studio-epzrjunbfxajpjcupwtsgqvwtihu/Build/Intermediates.noindex/Supabase.build/Debug/Functions.build/Objects-normal/arm64/Functions.SwiftFileList --metadata-file-list /Users/timothyrussell/Library/Developer/Xcode/DerivedData/Mariner_Studio-epzrjunbfxajpjcupwtsgqvwtihu/Build/Intermediates.noindex/Supabase.build/Debug/Functions.build/Functions.DependencyMetadataFileList --static-metadata-file-list /Users/timothyrussell/Library/Developer/Xcode/DerivedData/Mariner_Studio-epzrjunbfxajpjcupwtsgqvwtihu/Build/Intermediates.noindex/Supabase.build/Debug/Functions.build/Functions.DependencyStaticMetadataFileList --swift-const-vals-list /Users/timothyrussell/Library/Developer/Xcode/DerivedData/Mariner_Studio-epzrjunbfxajpjcupwtsgqvwtihu/Build/Intermediates.noindex/Supabase.build/Debug/Functions.build/Objects-normal/arm64/Functions.SwiftConstValuesFileList --force --compile-time-extraction --deployment-aware-processing --validate-assistant-intents --no-app-shortcuts-localization
2025-07-15 15:41:14.251 appintentsmetadataprocessor[27430:517356] Starting appintentsmetadataprocessor export
2025-07-15 15:41:14.308 appintentsmetadataprocessor[27430:517356] Extracted no relevant App Intents symbols, skipping writing output

RegisterExecutionPolicyException /Users/timothyrussell/Library/Developer/Xcode/DerivedData/Mariner_Studio-epzrjunbfxajpjcupwtsgqvwtihu/Build/Products/Debug/Functions.o (in target 'Functions' from project 'Supabase')
    cd /Users/timothyrussell/Library/Developer/Xcode/DerivedData/Mariner_Studio-epzrjunbfxajpjcupwtsgqvwtihu/SourcePackages/checkouts/supabase-swift
    builtin-RegisterExecutionPolicyException /Users/timothyrussell/Library/Developer/Xcode/DerivedData/Mariner_Studio-epzrjunbfxajpjcupwtsgqvwtihu/Build/Products/Debug/Functions.o

RegisterExecutionPolicyException /Users/timothyrussell/Library/Developer/Xcode/DerivedData/Mariner_Studio-epzrjunbfxajpjcupwtsgqvwtihu/Build/Products/Debug/Storage.o (in target 'Storage' from project 'Supabase')
    cd /Users/timothyrussell/Library/Developer/Xcode/DerivedData/Mariner_Studio-epzrjunbfxajpjcupwtsgqvwtihu/SourcePackages/checkouts/supabase-swift
    builtin-RegisterExecutionPolicyException /Users/timothyrussell/Library/Developer/Xcode/DerivedData/Mariner_Studio-epzrjunbfxajpjcupwtsgqvwtihu/Build/Products/Debug/Storage.o

RegisterExecutionPolicyException /Users/timothyrussell/Library/Developer/Xcode/DerivedData/Mariner_Studio-epzrjunbfxajpjcupwtsgqvwtihu/Build/Products/Debug/Realtime.o (in target 'Realtime' from project 'Supabase')
    cd /Users/timothyrussell/Library/Developer/Xcode/DerivedData/Mariner_Studio-epzrjunbfxajpjcupwtsgqvwtihu/SourcePackages/checkouts/supabase-swift
    builtin-RegisterExecutionPolicyException /Users/timothyrussell/Library/Developer/Xcode/DerivedData/Mariner_Studio-epzrjunbfxajpjcupwtsgqvwtihu/Build/Products/Debug/Realtime.o

RegisterExecutionPolicyException /Users/timothyrussell/Library/Developer/Xcode/DerivedData/Mariner_Studio-epzrjunbfxajpjcupwtsgqvwtihu/Build/Products/Debug/PostgREST.o (in target 'PostgREST' from project 'Supabase')
    cd /Users/timothyrussell/Library/Developer/Xcode/DerivedData/Mariner_Studio-epzrjunbfxajpjcupwtsgqvwtihu/SourcePackages/checkouts/supabase-swift
    builtin-RegisterExecutionPolicyException /Users/timothyrussell/Library/Developer/Xcode/DerivedData/Mariner_Studio-epzrjunbfxajpjcupwtsgqvwtihu/Build/Products/Debug/PostgREST.o

ExtractAppIntentsMetadata (in target 'RevenueCatUI' from project 'RevenueCat')
    cd /Users/timothyrussell/Library/Developer/Xcode/DerivedData/Mariner_Studio-epzrjunbfxajpjcupwtsgqvwtihu/SourcePackages/checkouts/purchases-ios
    /Applications/Xcode.app/Contents/Developer/Toolchains/XcodeDefault.xctoolchain/usr/bin/appintentsmetadataprocessor --toolchain-dir /Applications/Xcode.app/Contents/Developer/Toolchains/XcodeDefault.xctoolchain --module-name RevenueCatUI --sdk-root /Applications/Xcode.app/Contents/Developer/Platforms/MacOSX.platform/Developer/SDKs/MacOSX15.5.sdk --xcode-version 16F6 --platform-family macOS --deployment-target 10.15 --bundle-identifier purchases-ios.RevenueCatUI --output /Users/timothyrussell/Library/Developer/Xcode/DerivedData/Mariner_Studio-epzrjunbfxajpjcupwtsgqvwtihu/Build/Products/Debug/RevenueCatUI.appintents --target-triple arm64-apple-macos10.15 --binary-file /Users/timothyrussell/Library/Developer/Xcode/DerivedData/Mariner_Studio-epzrjunbfxajpjcupwtsgqvwtihu/Build/Products/Debug/RevenueCatUI.o --dependency-file /Users/timothyrussell/Library/Developer/Xcode/DerivedData/Mariner_Studio-epzrjunbfxajpjcupwtsgqvwtihu/Build/Intermediates.noindex/RevenueCat.build/Debug/RevenueCatUI.build/Objects-normal/arm64/RevenueCatUI_dependency_info.dat --stringsdata-file /Users/timothyrussell/Library/Developer/Xcode/DerivedData/Mariner_Studio-epzrjunbfxajpjcupwtsgqvwtihu/Build/Intermediates.noindex/RevenueCat.build/Debug/RevenueCatUI.build/Objects-normal/arm64/ExtractedAppShortcutsMetadata.stringsdata --source-file-list /Users/timothyrussell/Library/Developer/Xcode/DerivedData/Mariner_Studio-epzrjunbfxajpjcupwtsgqvwtihu/Build/Intermediates.noindex/RevenueCat.build/Debug/RevenueCatUI.build/Objects-normal/arm64/RevenueCatUI.SwiftFileList --metadata-file-list /Users/timothyrussell/Library/Developer/Xcode/DerivedData/Mariner_Studio-epzrjunbfxajpjcupwtsgqvwtihu/Build/Intermediates.noindex/RevenueCat.build/Debug/RevenueCatUI.build/RevenueCatUI.DependencyMetadataFileList --static-metadata-file-list /Users/timothyrussell/Library/Developer/Xcode/DerivedData/Mariner_Studio-epzrjunbfxajpjcupwtsgqvwtihu/Build/Intermediates.noindex/RevenueCat.build/Debug/RevenueCatUI.build/RevenueCatUI.DependencyStaticMetadataFileList --swift-const-vals-list /Users/timothyrussell/Library/Developer/Xcode/DerivedData/Mariner_Studio-epzrjunbfxajpjcupwtsgqvwtihu/Build/Intermediates.noindex/RevenueCat.build/Debug/RevenueCatUI.build/Objects-normal/arm64/RevenueCatUI.SwiftConstValuesFileList --force --compile-time-extraction --deployment-aware-processing --validate-assistant-intents --no-app-shortcuts-localization
2025-07-15 15:41:14.340 appintentsmetadataprocessor[27432:517377] Starting appintentsmetadataprocessor export
2025-07-15 15:41:14.437 appintentsmetadataprocessor[27432:517377] Extracted no relevant App Intents symbols, skipping writing output

SwiftDriver\ Compilation Auth normal arm64 com.apple.xcode.tools.swift.compiler (in target 'Auth' from project 'Supabase')
    cd /Users/timothyrussell/Documents/MarinerStudio-XC/Mariner\ Studio.xcodeproj
    builtin-Swift-Compilation -- /Applications/Xcode.app/Contents/Developer/Toolchains/XcodeDefault.xctoolchain/usr/bin/swiftc -module-name Auth -Onone -enforce-exclusivity\=checked @/Users/timothyrussell/Library/Developer/Xcode/DerivedData/Mariner_Studio-epzrjunbfxajpjcupwtsgqvwtihu/Build/Intermediates.noindex/Supabase.build/Debug/Auth.build/Objects-normal/arm64/Auth.SwiftFileList -DSWIFT_PACKAGE -DDEBUG -DXcode -enable-upcoming-feature ExistentialAny -enable-experimental-feature StrictConcurrency -plugin-path /Applications/Xcode.app/Contents/Developer/Toolchains/XcodeDefault.xctoolchain/usr/lib/swift/host/plugins/testing -enable-experimental-feature DebugDescriptionMacro -sdk /Applications/Xcode.app/Contents/Developer/Platforms/MacOSX.platform/Developer/SDKs/MacOSX15.5.sdk -target arm64-apple-macos10.15 -g -module-cache-path /Users/timothyrussell/Library/Developer/Xcode/DerivedData/ModuleCache.noindex -Xfrontend -serialize-debugging-options -enable-testing -suppress-warnings -index-store-path /Users/timothyrussell/Library/Developer/Xcode/DerivedData/Mariner_Studio-epzrjunbfxajpjcupwtsgqvwtihu/Index.noindex/DataStore -swift-version 5 -I /Users/timothyrussell/Library/Developer/Xcode/DerivedData/Mariner_Studio-epzrjunbfxajpjcupwtsgqvwtihu/Build/Products/Debug -I /Applications/Xcode.app/Contents/Developer/Platforms/MacOSX.platform/Developer/usr/lib -F /Users/timothyrussell/Library/Developer/Xcode/DerivedData/Mariner_Studio-epzrjunbfxajpjcupwtsgqvwtihu/Build/Products/Debug/PackageFrameworks -F /Users/timothyrussell/Library/Developer/Xcode/DerivedData/Mariner_Studio-epzrjunbfxajpjcupwtsgqvwtihu/Build/Products/Debug/PackageFrameworks -F /Users/timothyrussell/Library/Developer/Xcode/DerivedData/Mariner_Studio-epzrjunbfxajpjcupwtsgqvwtihu/Build/Products/Debug/PackageFrameworks -F /Users/timothyrussell/Library/Developer/Xcode/DerivedData/Mariner_Studio-epzrjunbfxajpjcupwtsgqvwtihu/Build/Products/Debug/PackageFrameworks -F /Users/timothyrussell/Library/Developer/Xcode/DerivedData/Mariner_Studio-epzrjunbfxajpjcupwtsgqvwtihu/Build/Products/Debug/PackageFrameworks -F /Users/timothyrussell/Library/Developer/Xcode/DerivedData/Mariner_Studio-epzrjunbfxajpjcupwtsgqvwtihu/Build/Products/Debug/PackageFrameworks -F /Users/timothyrussell/Library/Developer/Xcode/DerivedData/Mariner_Studio-epzrjunbfxajpjcupwtsgqvwtihu/Build/Products/Debug/PackageFrameworks -F /Users/timothyrussell/Library/Developer/Xcode/DerivedData/Mariner_Studio-epzrjunbfxajpjcupwtsgqvwtihu/Build/Products/Debug -F /Applications/Xcode.app/Contents/Developer/Platforms/MacOSX.platform/Developer/Library/Frameworks -c -j8 -enable-batch-mode -incremental -Xcc -ivfsstatcache -Xcc /Users/timothyrussell/Library/Developer/Xcode/DerivedData/SDKStatCaches.noindex/macosx15.5-24F74-8254517eb8b97d462ccbc072ba9094c9.sdkstatcache -output-file-map /Users/timothyrussell/Library/Developer/Xcode/DerivedData/Mariner_Studio-epzrjunbfxajpjcupwtsgqvwtihu/Build/Intermediates.noindex/Supabase.build/Debug/Auth.build/Objects-normal/arm64/Auth-OutputFileMap.json -use-frontend-parseable-output -save-temps -no-color-diagnostics -serialize-diagnostics -emit-dependencies -emit-module -emit-module-path /Users/timothyrussell/Library/Developer/Xcode/DerivedData/Mariner_Studio-epzrjunbfxajpjcupwtsgqvwtihu/Build/Intermediates.noindex/Supabase.build/Debug/Auth.build/Objects-normal/arm64/Auth.swiftmodule -validate-clang-modules-once -clang-build-session-file /Users/timothyrussell/Library/Developer/Xcode/DerivedData/ModuleCache.noindex/Session.modulevalidation -package-name supabase_swift -Xcc -I/Users/timothyrussell/Library/Developer/Xcode/DerivedData/Mariner_Studio-epzrjunbfxajpjcupwtsgqvwtihu/Build/Intermediates.noindex/Supabase.build/Debug/Auth.build/swift-overrides.hmap -emit-const-values -Xfrontend -const-gather-protocols-file -Xfrontend /Users/timothyrussell/Library/Developer/Xcode/DerivedData/Mariner_Studio-epzrjunbfxajpjcupwtsgqvwtihu/Build/Intermediates.noindex/Supabase.build/Debug/Auth.build/Objects-normal/arm64/Auth_const_extract_protocols.json -Xcc -I/Users/timothyrussell/Library/Developer/Xcode/DerivedData/Mariner_Studio-epzrjunbfxajpjcupwtsgqvwtihu/Build/Products/Debug/include -Xcc -I/Users/timothyrussell/Library/Developer/Xcode/DerivedData/Mariner_Studio-epzrjunbfxajpjcupwtsgqvwtihu/Build/Intermediates.noindex/Supabase.build/Debug/Auth.build/DerivedSources-normal/arm64 -Xcc -I/Users/timothyrussell/Library/Developer/Xcode/DerivedData/Mariner_Studio-epzrjunbfxajpjcupwtsgqvwtihu/Build/Intermediates.noindex/Supabase.build/Debug/Auth.build/DerivedSources/arm64 -Xcc -I/Users/timothyrussell/Library/Developer/Xcode/DerivedData/Mariner_Studio-epzrjunbfxajpjcupwtsgqvwtihu/Build/Intermediates.noindex/Supabase.build/Debug/Auth.build/DerivedSources -Xcc -DSWIFT_PACKAGE -Xcc -DDEBUG\=1 -emit-objc-header -emit-objc-header-path /Users/timothyrussell/Library/Developer/Xcode/DerivedData/Mariner_Studio-epzrjunbfxajpjcupwtsgqvwtihu/Build/Intermediates.noindex/Supabase.build/Debug/Auth.build/Objects-normal/arm64/Auth-Swift.h -working-directory /Users/timothyrussell/Documents/MarinerStudio-XC/Mariner\ Studio.xcodeproj -experimental-emit-module-separately -disable-cmo

Ld /Users/timothyrussell/Library/Developer/Xcode/DerivedData/Mariner_Studio-epzrjunbfxajpjcupwtsgqvwtihu/Build/Products/Debug/Auth.o normal (in target 'Auth' from project 'Supabase')
    cd /Users/timothyrussell/Library/Developer/Xcode/DerivedData/Mariner_Studio-epzrjunbfxajpjcupwtsgqvwtihu/SourcePackages/checkouts/supabase-swift
    /Applications/Xcode.app/Contents/Developer/Toolchains/XcodeDefault.xctoolchain/usr/bin/clang -Xlinker -reproducible -target arm64-apple-macos10.15 -r -isysroot /Applications/Xcode.app/Contents/Developer/Platforms/MacOSX.platform/Developer/SDKs/MacOSX15.5.sdk -O0 -w -L/Users/timothyrussell/Library/Developer/Xcode/DerivedData/Mariner_Studio-epzrjunbfxajpjcupwtsgqvwtihu/Build/Intermediates.noindex/EagerLinkingTBDs/Debug -L/Users/timothyrussell/Library/Developer/Xcode/DerivedData/Mariner_Studio-epzrjunbfxajpjcupwtsgqvwtihu/Build/Products/Debug -L/Applications/Xcode.app/Contents/Developer/Platforms/MacOSX.platform/Developer/usr/lib -F/Users/timothyrussell/Library/Developer/Xcode/DerivedData/Mariner_Studio-epzrjunbfxajpjcupwtsgqvwtihu/Build/Intermediates.noindex/EagerLinkingTBDs/Debug -F/Users/timothyrussell/Library/Developer/Xcode/DerivedData/Mariner_Studio-epzrjunbfxajpjcupwtsgqvwtihu/Build/Products/Debug/PackageFrameworks -F/Users/timothyrussell/Library/Developer/Xcode/DerivedData/Mariner_Studio-epzrjunbfxajpjcupwtsgqvwtihu/Build/Products/Debug/PackageFrameworks -F/Users/timothyrussell/Library/Developer/Xcode/DerivedData/Mariner_Studio-epzrjunbfxajpjcupwtsgqvwtihu/Build/Products/Debug/PackageFrameworks -F/Users/timothyrussell/Library/Developer/Xcode/DerivedData/Mariner_Studio-epzrjunbfxajpjcupwtsgqvwtihu/Build/Products/Debug/PackageFrameworks -F/Users/timothyrussell/Library/Developer/Xcode/DerivedData/Mariner_Studio-epzrjunbfxajpjcupwtsgqvwtihu/Build/Products/Debug/PackageFrameworks -F/Users/timothyrussell/Library/Developer/Xcode/DerivedData/Mariner_Studio-epzrjunbfxajpjcupwtsgqvwtihu/Build/Products/Debug/PackageFrameworks -F/Users/timothyrussell/Library/Developer/Xcode/DerivedData/Mariner_Studio-epzrjunbfxajpjcupwtsgqvwtihu/Build/Products/Debug/PackageFrameworks -F/Users/timothyrussell/Library/Developer/Xcode/DerivedData/Mariner_Studio-epzrjunbfxajpjcupwtsgqvwtihu/Build/Products/Debug -iframework /Applications/Xcode.app/Contents/Developer/Platforms/MacOSX.platform/Developer/Library/Frameworks -filelist /Users/timothyrussell/Library/Developer/Xcode/DerivedData/Mariner_Studio-epzrjunbfxajpjcupwtsgqvwtihu/Build/Intermediates.noindex/Supabase.build/Debug/Auth.build/Objects-normal/arm64/Auth.LinkFileList -nostdlib -Xlinker -object_path_lto -Xlinker /Users/timothyrussell/Library/Developer/Xcode/DerivedData/Mariner_Studio-epzrjunbfxajpjcupwtsgqvwtihu/Build/Intermediates.noindex/Supabase.build/Debug/Auth.build/Objects-normal/arm64/Auth_lto.o -rdynamic -Xlinker -no_deduplicate -Xlinker -dependency_info -Xlinker /Users/timothyrussell/Library/Developer/Xcode/DerivedData/Mariner_Studio-epzrjunbfxajpjcupwtsgqvwtihu/Build/Intermediates.noindex/Supabase.build/Debug/Auth.build/Objects-normal/arm64/Auth_dependency_info.dat -fobjc-link-runtime -L/Applications/Xcode.app/Contents/Developer/Toolchains/XcodeDefault.xctoolchain/usr/lib/swift/macosx -L/usr/lib/swift -Xlinker -add_ast_path -Xlinker /Users/timothyrussell/Library/Developer/Xcode/DerivedData/Mariner_Studio-epzrjunbfxajpjcupwtsgqvwtihu/Build/Intermediates.noindex/Supabase.build/Debug/Auth.build/Objects-normal/arm64/Auth.swiftmodule -o /Users/timothyrussell/Library/Developer/Xcode/DerivedData/Mariner_Studio-epzrjunbfxajpjcupwtsgqvwtihu/Build/Products/Debug/Auth.o

SwiftEmitModule normal arm64 Emitting\ module\ for\ Mariner_Studio (in target 'Mariner Studio' from project 'Mariner Studio')

EmitSwiftModule normal arm64 (in target 'Mariner Studio' from project 'Mariner Studio')
    cd /Users/timothyrussell/Documents/MarinerStudio-XC
    
/Users/timothyrussell/Documents/MarinerStudio-XC/Mariner Studio/Models/Sync/RemoteNavUnitFavorite.swift:11:8: error: no such module 'UIKit'
import UIKit
       ^

Failed frontend command:
/Applications/Xcode.app/Contents/Developer/Toolchains/XcodeDefault.xctoolchain/usr/bin/swift-frontend -frontend -emit-module -experimental-skip-non-inlinable-function-bodies-without-types /Users/timothyrussell/Documents/MarinerStudio-XC/Mariner\ Studio/Views/NavUnit/NavUnitsViewModel.swift /Users/timothyrussell/Documents/MarinerStudio-XC/Mariner\ Studio/Models/Sync/RemoteNavUnitFavorite.swift /Users/timothyrussell/Documents/MarinerStudio-XC/Mariner\ Studio/Services/BuoyApiService.swift /Users/timothyrussell/Documents/MarinerStudio-XC/Mariner\ Studio/GPX/RouteDetailsViewModel.swift /Users/timothyrussell/Documents/MarinerStudio-XC/Mariner\ Studio/Tandm/MapClusterAnnotationView.swift /Users/timothyrussell/Documents/MarinerStudio-XC/Mariner\ Studio/Views/Currents/TidalCurrentGraphView.swift /Users/timothyrussell/Documents/MarinerStudio-XC/Mariner\ Studio/Services/Database/MapOverlayDatabaseService.swift /Users/timothyrussell/Documents/MarinerStudio-XC/Mariner\ Studio/Views/DevPageView.swift /Users/timothyrussell/Documents/MarinerStudio-XC/Mariner\ Studio/Models/TidalCurrentStation.swift /Users/timothyrussell/Documents/MarinerStudio-XC/Mariner\ Studio/GPX/CoreGpxService.swift /Users/timothyrussell/Documents/MarinerStudio-XC/Mariner\ Studio/Services/TidalHeightPredictionService.swift /Users/timothyrussell/Documents/MarinerStudio-XC/Mariner\ Studio/Views/Barges/BargeDetailsView.swift /Users/timothyrussell/Documents/MarinerStudio-XC/Mariner\ Studio/PHOTOS/Views/CameraView.swift /Users/timothyrussell/Documents/MarinerStudio-XC/Mariner\ Studio/Views/Weather/CurrentLocalWeatherView.swift /Users/timothyrussell/Documents/MarinerStudio-XC/Mariner\ Studio/Models/LocationAccuracyState.swift /Users/timothyrussell/Documents/MarinerStudio-XC/Mariner\ Studio/Services/LocationServiceImpl.swift /Users/timothyrussell/Documents/MarinerStudio-XC/Mariner\ Studio/ViewModels/BargesViewModel.swift /Users/timothyrussell/Documents/MarinerStudio-XC/Mariner\ Studio/Models/Sync/RemoteTideFavorite.swift /Users/timothyrussell/Documents/MarinerStudio-XC/Mariner\ Studio/Services/CurrentLocalWeatherService.swift /Users/timothyrussell/Documents/MarinerStudio-XC/Mariner\ Studio/PHOTOS/Models/PhotoSyncStatus.swift /Users/timothyrussell/Documents/MarinerStudio-XC/Mariner\ Studio/GPX/RoutePoint.swift /Users/timothyrussell/Documents/MarinerStudio-XC/Mariner\ Studio/Tandm/MapClusteringViewModel.swift /Users/timothyrussell/Documents/MarinerStudio-XC/Mariner\ Studio/Views/Currents/TidalCurrentStationsView.swift /Users/timothyrussell/Documents/MarinerStudio-XC/Mariner\ Studio/Services/Database/TideStationDatabaseService.swift /Users/timothyrussell/Documents/MarinerStudio-XC/Mariner\ Studio/Views/ImportPersonalRoutesView.swift /Users/timothyrussell/Documents/MarinerStudio-XC/Mariner\ Studio/Models/TidalHeightStation.swift /Users/timothyrussell/Documents/MarinerStudio-XC/Mariner\ Studio/GPX/DocumentPickerExportDelegate.swift /Users/timothyrussell/Documents/MarinerStudio-XC/Mariner\ Studio/Services/WeatherMapViewService.swift /Users/timothyrussell/Documents/MarinerStudio-XC/Mariner\ Studio/Views/Barges/BargesView.swift /Users/timothyrussell/Documents/MarinerStudio-XC/Mariner\ Studio/PHOTOS/Views/PhotoViewerView.swift /Users/timothyrussell/Documents/MarinerStudio-XC/Mariner\ Studio/Views/Weather/CurrentLocalWeatherViewForMap.swift /Users/timothyrussell/Documents/MarinerStudio-XC/Mariner\ Studio/Models/NavUnit.swift /Users/timothyrussell/Documents/MarinerStudio-XC/Mariner\ Studio/Services/NavUnitFtpService.swift /Users/timothyrussell/Documents/MarinerStudio-XC/Mariner\ Studio/ViewModels/BuoyStationsViewModel.swift /Users/timothyrussell/Documents/MarinerStudio-XC/Mariner\ Studio/ViewModels/TidalHeightPredictionViewModel.swift /Users/timothyrussell/Documents/MarinerStudio-XC/Mariner\ Studio/Views/Routes/CreateRouteView.swift /Users/timothyrussell/Documents/MarinerStudio-XC/Mariner\ Studio/Models/Sync/TideSyncModels.swift /Users/timothyrussell/Documents/MarinerStudio-XC/Mariner\ Studio/Services/CurrentLocalWeatherServiceForMapImpl.swift /Users/timothyrussell/Documents/MarinerStudio-XC/Mariner\ Studio/PHOTOS/Services/PhotoCacheService.swift /Users/timothyrussell/Documents/MarinerStudio-XC/Mariner\ Studio/Tandm/MarinerMapData.swift /Users/timothyrussell/Documents/MarinerStudio-XC/Mariner\ Studio/ViewModels/CurrentLocalWeatherViewModelForMap.swift /Users/timothyrussell/Documents/MarinerStudio-XC/Mariner\ Studio/Services/Database/WeatherDatabaseService.swift /Users/timothyrussell/Documents/MarinerStudio-XC/Mariner\ Studio/Views/NauticalMapView.swift /Users/timothyrussell/Documents/MarinerStudio-XC/Mariner\ Studio/Models/TidePredOffsets.swift /Users/timothyrussell/Documents/MarinerStudio-XC/Mariner\ Studio/GPX/GpxService.swift /Users/timothyrussell/Documents/MarinerStudio-XC/Mariner\ Studio/Services/WeatherService.swift /Users/timothyrussell/Documents/MarinerStudio-XC/Mariner\ Studio/Views/TugDetailsView.swift /Users/timothyrussell/Documents/MarinerStudio-XC/Mariner\ Studio/Views/Buoys/BuoyFavoritesView.swift /Users/timothyrussell/Documents/MarinerStudio-XC/Mariner\ Studio/RevenueCat/AppDelegateAdaptor.swift /Users/timothyrussell/Documents/MarinerStudio-XC/Mariner\ Studio/Views/Weather/HourlyForecastView.swift /Users/timothyrussell/Documents/MarinerStudio-XC/Mariner\ Studio/Models/NOAAChartTileOverlay.swift /Users/timothyrussell/Documents/MarinerStudio-XC/Mariner\ Studio/Services/RecommendationSupabaseService.swift /Users/timothyrussell/Documents/MarinerStudio-XC/Mariner\ Studio/ViewModels/CurrentLocalWeatherViewModel.swift /Users/timothyrussell/Documents/MarinerStudio-XC/Mariner\ Studio/ViewModels/TideFavoritesViewModel.swift /Users/timothyrussell/Documents/MarinerStudio-XC/Mariner\ Studio/Views/Routes/EmbeddedRoutesBrowseView.swift /Users/timothyrussell/Documents/MarinerStudio-XC/Mariner\ Studio/Models/Barge.swift /Users/timothyrussell/Documents/MarinerStudio-XC/Mariner\ Studio/Services/DebugLogger.swift /Users/timothyrussell/Documents/MarinerStudio-XC/Mariner\ Studio/PHOTOS/Services/PhotoService.swift /Users/timothyrussell/Documents/MarinerStudio-XC/Mariner\ Studio/Tandm/TandmMapViewRepresentable.swift /Users/timothyrussell/Documents/MarinerStudio-XC/Mariner\ Studio/ViewModels/EmbeddedRoutesBrowseViewModel.swift /Users/timothyrussell/Documents/MarinerStudio-XC/Mariner\ Studio/Views/NavUnit/NavUnitDetailsViewModel.swift /Users/timothyrussell/Documents/MarinerStudio-XC/Mariner\ Studio/Services/Sync/CurrentStationSyncService.swift /Users/timothyrussell/Documents/MarinerStudio-XC/Mariner\ Studio/Views/RecommendationFormView.swift /Users/timothyrussell/Documents/MarinerStudio-XC/Mariner\ Studio/Models/VisibilityHelper.swift /Users/timothyrussell/Documents/MarinerStudio-XC/Mariner\ Studio/GPX/GpxServiceProtocol.swift /Users/timothyrussell/Documents/MarinerStudio-XC/Mariner\ Studio/Views/UserRecommendationsView.swift /Users/timothyrussell/Documents/MarinerStudio-XC/Mariner\ Studio/Views/Buoys/BuoyStationsView.swift /Users/timothyrussell/Documents/MarinerStudio-XC/Mariner\ Studio/Services/Database/AllRoutesDatabaseService.swift /Users/timothyrussell/Documents/MarinerStudio-XC/Mariner\ Studio/Views/Weather/WeatherHeaderView.swift /Users/timothyrussell/Documents/MarinerStudio-XC/Mariner\ Studio/Models/StationCoordinates.swift /Users/timothyrussell/Documents/MarinerStudio-XC/Mariner\ Studio/Authentication/AuthenticationViewModel.swift /Users/timothyrussell/Documents/MarinerStudio-XC/Mariner\ Studio/Services/ServiceExtensions.swift /Users/timothyrussell/Documents/MarinerStudio-XC/Mariner\ Studio/ViewModels/TugsViewModel.swift /Users/timothyrussell/Documents/MarinerStudio-XC/Mariner\ Studio/Views/Routes/RouteFavoritesView.swift /Users/timothyrussell/Documents/MarinerStudio-XC/Mariner\ Studio/Models/CurrentExtreme.swift /Users/timothyrussell/Documents/MarinerStudio-XC/Mariner\ Studio/Services/FavoritesService.swift /Users/timothyrussell/Documents/MarinerStudio-XC/Mariner\ Studio/Mariner_StudioApp.swift /Users/timothyrussell/Documents/MarinerStudio-XC/Mariner\ Studio/PHOTOS/Services/PhotoSupabaseService.swift /Users/timothyrussell/Documents/MarinerStudio-XC/Mariner\ Studio/ViewModels/ImportPersonalRoutesViewModel.swift /Users/timothyrussell/Documents/MarinerStudio-XC/Mariner\ Studio/Views/NavUnit/NavUnitFavoritesViewModel.swift /Users/timothyrussell/Documents/MarinerStudio-XC/Mariner\ Studio/Services/Sync/TideStationSyncService.swift /Users/timothyrussell/Documents/MarinerStudio-XC/Mariner\ Studio/Views/WaveDirectionComponenets.swift /Users/timothyrussell/Documents/MarinerStudio-XC/Mariner\ Studio/Models/WeatherConditionHelper.swift /Users/timothyrussell/Documents/MarinerStudio-XC/Mariner\ Studio/GPX/GpxViewModel.swift /Users/timothyrussell/Documents/MarinerStudio-XC/Mariner\ Studio/Services/Database/BuoyDatabaseService.swift /Users/timothyrussell/Documents/MarinerStudio-XC/Mariner\ Studio/Views/Weather/WeatherMenuView.swift /Users/timothyrussell/Documents/MarinerStudio-XC/Mariner\ Studio/Models/TidalCurrentPrediction.swift /Users/timothyrussell/Documents/MarinerStudio-XC/Mariner\ Studio/Services/TidalCurrentPredictionServiceImpl.swift /Users/timothyrussell/Documents/MarinerStudio-XC/Mariner\ Studio/ViewModels/WeatherFavoritesViewModel.swift /Users/timothyrussell/Documents/MarinerStudio-XC/Mariner\ Studio/Views/Routes/SimpleRouteDetailsView.swift /Users/timothyrussell/Documents/MarinerStudio-XC/Mariner\ Studio/Models/FtpPhotoItem.swift /Users/timothyrussell/Documents/MarinerStudio-XC/Mariner\ Studio/Services/GeocodingServiceImpl.swift /Users/timothyrussell/Documents/MarinerStudio-XC/Mariner\ Studio/Views/TideMenuView.swift /Users/timothyrussell/Documents/MarinerStudio-XC/Mariner\ Studio/ViewModels/RecommendationStatusChecker.swift /Users/timothyrussell/Documents/MarinerStudio-XC/Mariner\ Studio/Views/NavUnit/NavUnitsView.swift /Users/timothyrussell/Documents/MarinerStudio-XC/Mariner\ Studio/Models/Sync/RemoteEmbeddedRoute.swift /Users/timothyrussell/Documents/MarinerStudio-XC/Mariner\ Studio/Services/\ TidalCurrentPredictionService.swift /Users/timothyrussell/Documents/MarinerStudio-XC/Mariner\ Studio/Views/TideFavoritesView.swift /Users/timothyrussell/Documents/MarinerStudio-XC/Mariner\ Studio/GPX/RouteCreationMapView.swift /Users/timothyrussell/Documents/MarinerStudio-XC/Mariner\ Studio/Tandm/MapAnnotationView.swift /Users/timothyrussell/Documents/MarinerStudio-XC/Mariner\ Studio/Views/WeatherFavoritesView.swift /Users/timothyrussell/Documents/MarinerStudio-XC/Mariner\ Studio/Views/Currents/CurrentMenuView.swift /Users/timothyrussell/Documents/MarinerStudio-XC/Mariner\ Studio/Services/Database/DatabaseCore.swift /Users/timothyrussell/Documents/MarinerStudio-XC/Mariner\ Studio/Views/CrewManagementView.swift /Users/timothyrussell/Documents/MarinerStudio-XC/Mariner\ Studio/Models/WeatherIconMapper.swift /Users/timothyrussell/Documents/MarinerStudio-XC/Mariner\ Studio/Services/TidalCurrentServiceImpl.swift /Users/timothyrussell/Documents/MarinerStudio-XC/Mariner\ Studio/Models/IconSource.swift /Users/timothyrussell/Documents/MarinerStudio-XC/Mariner\ Studio/Services/LocationService.swift /Users/timothyrussell/Documents/MarinerStudio-XC/Mariner\ Studio/ViewModels/BargeDetailsViewModel.swift /Users/timothyrussell/Documents/MarinerStudio-XC/Mariner\ Studio/Models/Sync/RemoteRecommendation.swift /Users/timothyrussell/Documents/MarinerStudio-XC/Mariner\ Studio/Services/ImageCacheServiceImpl.swift /Users/timothyrussell/Documents/MarinerStudio-XC/Mariner\ Studio/ContentView.swift /Users/timothyrussell/Documents/MarinerStudio-XC/Mariner\ Studio/PHOTOS/Models/NavUnitPhoto.swift /Users/timothyrussell/Documents/MarinerStudio-XC/Mariner\ Studio/GPX/RouteFavoritesDatabaseService.swift /Users/timothyrussell/Documents/MarinerStudio-XC/Mariner\ Studio/Tandm/MapClusteringView.swift /Users/timothyrussell/Documents/MarinerStudio-XC/Mariner\ Studio/Views/Currents/TidalCurrentPredictionView.swift /Users/timothyrussell/Documents/MarinerStudio-XC/Mariner\ Studio/Services/Database/NavUnitDatabaseService.swift /Users/timothyrussell/Documents/MarinerStudio-XC/Mariner\ Studio/Views/HomeButton.swift /Users/timothyrussell/Documents/MarinerStudio-XC/Mariner\ Studio/Models/TidalCurrentStationResponse.swift /Users/timothyrussell/Documents/MarinerStudio-XC/Mariner\ Studio/GPX/CreateRouteViewModel.swift /Users/timothyrussell/Documents/MarinerStudio-XC/Mariner\ Studio/Services/TidalHeightServiceImpl.swift /Users/timothyrussell/Documents/MarinerStudio-XC/Mariner\ Studio/PHOTOS/Views/NavUnitPhotoGalleryView.swift /Users/timothyrussell/Documents/MarinerStudio-XC/Mariner\ Studio/Views/Weather/CurrentLocalWeatherViewForFavorites.swift /Users/timothyrussell/Documents/MarinerStudio-XC/Mariner\ Studio/Models/TidalHeightPredictionResponse.swift /Users/timothyrussell/Documents/MarinerStudio-XC/Mariner\ Studio/Services/TidalHeightService.swift /Users/timothyrussell/Documents/MarinerStudio-XC/Mariner\ Studio/ViewModels/BuoyFavoritesViewModel.swift /Users/timothyrussell/Documents/MarinerStudio-XC/Mariner\ Studio/ViewModels/TidalCurrentStationsViewModel.swift /Users/timothyrussell/Documents/MarinerStudio-XC/Mariner\ Studio/Views/Routes/AllRoutesView.swift /Users/timothyrussell/Documents/MarinerStudio-XC/Mariner\ Studio/Models/Sync/RemoteWeatherFavorite.swift /Users/timothyrussell/Documents/MarinerStudio-XC/Mariner\ Studio/Services/CurrentLocalWeatherServiceForMap.swift /Users/timothyrussell/Documents/MarinerStudio-XC/Mariner\ Studio/Tandm/MapData.swift /Users/timothyrussell/Documents/MarinerStudio-XC/Mariner\ Studio/ViewModels/CurrentLocalWeatherViewModelForFavorites.swift /Users/timothyrussell/Documents/MarinerStudio-XC/Mariner\ Studio/Views/Currents/TidalCurrentStationWebView.swift /Users/timothyrussell/Documents/MarinerStudio-XC/Mariner\ Studio/Services/Database/VesselDatabaseService.swift /Users/timothyrussell/Documents/MarinerStudio-XC/Mariner\ Studio/Views/MainView.swift /Users/timothyrussell/Documents/MarinerStudio-XC/Mariner\ Studio/Models/TidalHeightStationResponse.swift /Users/timothyrussell/Documents/MarinerStudio-XC/Mariner\ Studio/GPX/GpxFile.swift /Users/timothyrussell/Documents/MarinerStudio-XC/Mariner\ Studio/Services/WeatherMapViewServiceImpl.swift /Users/timothyrussell/Documents/MarinerStudio-XC/Mariner\ Studio/Views/Weather/DailyForecastView.swift /Users/timothyrussell/Documents/MarinerStudio-XC/Mariner\ Studio/Models/NetworkError.swift /Users/timothyrussell/Documents/MarinerStudio-XC/Mariner\ Studio/Services/NOAAChartService.swift /Users/timothyrussell/Documents/MarinerStudio-XC/Mariner\ Studio/ViewModels/CurrentFavoritesViewModel.swift /Users/timothyrussell/Documents/MarinerStudio-XC/Mariner\ Studio/ViewModels/TidalHeightStationsViewModel.swift /Users/timothyrussell/Documents/MarinerStudio-XC/Mariner\ Studio/Views/Routes/DownloadRoutesView.swift /Users/timothyrussell/Documents/MarinerStudio-XC/Mariner\ Studio/Models/Sync/TideSyncOperationStats.swift /Users/timothyrussell/Documents/MarinerStudio-XC/Mariner\ Studio/Services/CurrentLocalWeatherServiceImpl.swift /Users/timothyrussell/Documents/MarinerStudio-XC/Mariner\ Studio/PHOTOS/Services/PhotoDatabaseService.swift /Users/timothyrussell/Documents/MarinerStudio-XC/Mariner\ Studio/Tandm/MaritimeAnnotationViews.swift /Users/timothyrussell/Documents/MarinerStudio-XC/Mariner\ Studio/ViewModels/DevPageViewModel.swift /Users/timothyrussell/Documents/MarinerStudio-XC/Mariner\ Studio/Views/NavUnit/NavUnitDetailsView.swift /Users/timothyrussell/Documents/MarinerStudio-XC/Mariner\ Studio/Views/NavigationFlowView.swift /Users/timothyrussell/Documents/MarinerStudio-XC/Mariner\ Studio/Models/Tug.swift /Users/timothyrussell/Documents/MarinerStudio-XC/Mariner\ Studio/GPX/GpxService\ Factory.swift /Users/timothyrussell/Documents/MarinerStudio-XC/Mariner\ Studio/Services/WeatherServiceImpl.swift /Users/timothyrussell/Documents/MarinerStudio-XC/Mariner\ Studio/Views/TugsView.swift /Users/timothyrussell/Documents/MarinerStudio-XC/Mariner\ Studio/Views/Buoys/BuoyMenuView.swift /Users/timothyrussell/Documents/MarinerStudio-XC/Mariner\ Studio/Views/Weather/WeatherDetailsView.swift /Users/timothyrussell/Documents/MarinerStudio-XC/Mariner\ Studio/Models/NodeType.swift /Users/timothyrussell/Documents/MarinerStudio-XC/Mariner\ Studio/Authentication/AuthenticationView.swift /Users/timothyrussell/Documents/MarinerStudio-XC/Mariner\ Studio/Services/RouteCalculationService.swift /Users/timothyrussell/Documents/MarinerStudio-XC/Mariner\ Studio/ViewModels/TugDetailsViewModel.swift /Users/timothyrussell/Documents/MarinerStudio-XC/Mariner\ Studio/Views/Routes/RouteDetailsView.swift /Users/timothyrussell/Documents/MarinerStudio-XC/Mariner\ Studio/Models/BuoyStation.swift /Users/timothyrussell/Documents/MarinerStudio-XC/Mariner\ Studio/Services/DocumentPickerService.swift /Users/timothyrussell/Documents/MarinerStudio-XC/Mariner\ Studio/PHOTOS/Services/PhotoServiceImpl.swift /Users/timothyrussell/Documents/MarinerStudio-XC/Mariner\ Studio/ViewModels/HourlyForecastViewModel.swift /Users/timothyrussell/Documents/MarinerStudio-XC/Mariner\ Studio/Views/NavUnit/NavUnitFavoritesView.swift /Users/timothyrussell/Documents/MarinerStudio-XC/Mariner\ Studio/Services/Sync/NavUnitSyncService.swift /Users/timothyrussell/Documents/MarinerStudio-XC/Mariner\ Studio/Views/TidalHeightPredictionView.swift /Users/timothyrussell/Documents/MarinerStudio-XC/Mariner\ Studio/Models/WaypointItem.swift /Users/timothyrussell/Documents/MarinerStudio-XC/Mariner\ Studio/GPX/GpxView.swift /Users/timothyrussell/Documents/MarinerStudio-XC/Mariner\ Studio/Supabase/SupabaseManager.swift /Users/timothyrussell/Documents/MarinerStudio-XC/Mariner\ Studio/Views/WaveDirectionCompass.swift /Users/timothyrussell/Documents/MarinerStudio-XC/Mariner\ Studio/Views/Buoys/BuoyStationWebView.swift /Users/timothyrussell/Documents/MarinerStudio-XC/Mariner\ Studio/Views/Weather/WeatherMapView.swift /Users/timothyrussell/Documents/MarinerStudio-XC/Mariner\ Studio/Models/StationWithDistance.swift /Users/timothyrussell/Documents/MarinerStudio-XC/Mariner\ Studio/Services/ServiceProvider.swift /Users/timothyrussell/Documents/MarinerStudio-XC/Mariner\ Studio/ViewModels/UserRecommendationsViewModel.swift /Users/timothyrussell/Documents/MarinerStudio-XC/Mariner\ Studio/Views/Routes/RouteMenuView.swift /Users/timothyrussell/Documents/MarinerStudio-XC/Mariner\ Studio/Models/DatabaseModels.swift /Users/timothyrussell/Documents/MarinerStudio-XC/Mariner\ Studio/Services/GeocodingService.swift /Users/timothyrussell/Documents/MarinerStudio-XC/Mariner\ Studio/ViewModels/AdminDashboardViewModel.swift /Users/timothyrussell/Documents/MarinerStudio-XC/Mariner\ Studio/ViewModels/RecommendationFormViewModel.swift /Users/timothyrussell/Documents/MarinerStudio-XC/Mariner\ Studio/Views/NavUnit/NavUnitMenuView.swift /Users/timothyrussell/Documents/MarinerStudio-XC/Mariner\ Studio/Models/Sync/RemoteCurrentFavorite.swift /Users/timothyrussell/Documents/MarinerStudio-XC/Mariner\ Studio/Services/Sync/WeatherStationSyncService.swift /Users/timothyrussell/Documents/MarinerStudio-XC/Mariner\ Studio/Views/TidalHeightStationsView.swift /Users/timothyrussell/Documents/MarinerStudio-XC/Mariner\ Studio/Models/WeatherModels.swift /Users/timothyrussell/Documents/MarinerStudio-XC/Mariner\ Studio/GPX/LegacyGpxServiceWrapper.swift /Users/timothyrussell/Documents/MarinerStudio-XC/Mariner\ Studio/Tandm/MapAnnotation.swift /Users/timothyrussell/Documents/MarinerStudio-XC/Mariner\ Studio/Views/WaveDirectionDisplayView.swift /Users/timothyrussell/Documents/MarinerStudio-XC/Mariner\ Studio/Views/Currents/CurrentFavoritesView.swift /Users/timothyrussell/Documents/MarinerStudio-XC/Mariner\ Studio/Services/Database/CurrentStationDatabaseService.swift /Users/timothyrussell/Documents/MarinerStudio-XC/Mariner\ Studio/Views/AdminDashboardView.swift /Users/timothyrussell/Documents/MarinerStudio-XC/Mariner\ Studio/Models/TidalCurrentPredictionResponse.swift /Users/timothyrussell/Documents/MarinerStudio-XC/Mariner\ Studio/Services/TidalCurrentService.swift /Users/timothyrussell/Documents/MarinerStudio-XC/Mariner\ Studio/ViewModels/WeatherMapViewModel.swift /Users/timothyrussell/Documents/MarinerStudio-XC/Mariner\ Studio/PHOTOS/ViewModels/PhotoGalleryViewModel.swift /Users/timothyrussell/Documents/MarinerStudio-XC/Mariner\ Studio/Views/Routes/SimpleRouteMapView.swift /Users/timothyrussell/Documents/MarinerStudio-XC/Mariner\ Studio/Models/GalleryPhotoItem.swift /Users/timothyrussell/Documents/MarinerStudio-XC/Mariner\ Studio/Services/ImageCacheService.swift /Users/timothyrussell/Documents/MarinerStudio-XC/Mariner\ Studio/ViewModels/AllRoutesViewModel.swift /Users/timothyrussell/Documents/MarinerStudio-XC/Mariner\ Studio/ViewModels/TidalCurrentPredictionViewModel.swift /Users/timothyrussell/Library/Developer/Xcode/DerivedData/Mariner_Studio-epzrjunbfxajpjcupwtsgqvwtihu/Build/Intermediates.noindex/Mariner\ Studio.build/Debug/Mariner\ Studio.build/DerivedSources/GeneratedAssetSymbols.swift -target arm64-apple-macos15.4 -Xllvm -aarch64-use-tbi -enable-objc-interop -stack-check -sdk /Applications/Xcode.app/Contents/Developer/Platforms/MacOSX.platform/Developer/SDKs/MacOSX15.5.sdk -I /Users/timothyrussell/Library/Developer/Xcode/DerivedData/Mariner_Studio-epzrjunbfxajpjcupwtsgqvwtihu/Build/Products/Debug -F /Users/timothyrussell/Library/Developer/Xcode/DerivedData/Mariner_Studio-epzrjunbfxajpjcupwtsgqvwtihu/Build/Products/Debug/PackageFrameworks -F /Users/timothyrussell/Library/Developer/Xcode/DerivedData/Mariner_Studio-epzrjunbfxajpjcupwtsgqvwtihu/Build/Products/Debug/PackageFrameworks -F /Users/timothyrussell/Library/Developer/Xcode/DerivedData/Mariner_Studio-epzrjunbfxajpjcupwtsgqvwtihu/Build/Products/Debug/PackageFrameworks -F /Users/timothyrussell/Library/Developer/Xcode/DerivedData/Mariner_Studio-epzrjunbfxajpjcupwtsgqvwtihu/Build/Products/Debug/PackageFrameworks -F /Users/timothyrussell/Library/Developer/Xcode/DerivedData/Mariner_Studio-epzrjunbfxajpjcupwtsgqvwtihu/Build/Products/Debug/PackageFrameworks -F /Users/timothyrussell/Library/Developer/Xcode/DerivedData/Mariner_Studio-epzrjunbfxajpjcupwtsgqvwtihu/Build/Products/Debug/PackageFrameworks -F /Users/timothyrussell/Library/Developer/Xcode/DerivedData/Mariner_Studio-epzrjunbfxajpjcupwtsgqvwtihu/Build/Products/Debug/PackageFrameworks -F /Users/timothyrussell/Library/Developer/Xcode/DerivedData/Mariner_Studio-epzrjunbfxajpjcupwtsgqvwtihu/Build/Products/Debug/PackageFrameworks -F /Users/timothyrussell/Library/Developer/Xcode/DerivedData/Mariner_Studio-epzrjunbfxajpjcupwtsgqvwtihu/Build/Products/Debug/PackageFrameworks -F /Users/timothyrussell/Library/Developer/Xcode/DerivedData/Mariner_Studio-epzrjunbfxajpjcupwtsgqvwtihu/Build/Products/Debug/PackageFrameworks -F /Users/timothyrussell/Library/Developer/Xcode/DerivedData/Mariner_Studio-epzrjunbfxajpjcupwtsgqvwtihu/Build/Products/Debug/PackageFrameworks -F /Users/timothyrussell/Library/Developer/Xcode/DerivedData/Mariner_Studio-epzrjunbfxajpjcupwtsgqvwtihu/Build/Products/Debug/PackageFrameworks -F /Users/timothyrussell/Library/Developer/Xcode/DerivedData/Mariner_Studio-epzrjunbfxajpjcupwtsgqvwtihu/Build/Products/Debug/PackageFrameworks -F /Users/timothyrussell/Library/Developer/Xcode/DerivedData/Mariner_Studio-epzrjunbfxajpjcupwtsgqvwtihu/Build/Products/Debug/PackageFrameworks -F /Users/timothyrussell/Library/Developer/Xcode/DerivedData/Mariner_Studio-epzrjunbfxajpjcupwtsgqvwtihu/Build/Products/Debug/PackageFrameworks -F /Users/timothyrussell/Library/Developer/Xcode/DerivedData/Mariner_Studio-epzrjunbfxajpjcupwtsgqvwtihu/Build/Products/Debug/PackageFrameworks -F /Users/timothyrussell/Library/Developer/Xcode/DerivedData/Mariner_Studio-epzrjunbfxajpjcupwtsgqvwtihu/Build/Products/Debug/PackageFrameworks -F /Users/timothyrussell/Library/Developer/Xcode/DerivedData/Mariner_Studio-epzrjunbfxajpjcupwtsgqvwtihu/Build/Products/Debug -no-color-diagnostics -enable-testing -g -debug-info-format\=dwarf -dwarf-version\=5 -module-cache-path /Users/timothyrussell/Library/Developer/Xcode/DerivedData/ModuleCache.noindex -swift-version 5 -enforce-exclusivity\=checked -Onone -D DEBUG -serialize-debugging-options -const-gather-protocols-file /Users/timothyrussell/Library/Developer/Xcode/DerivedData/Mariner_Studio-epzrjunbfxajpjcupwtsgqvwtihu/Build/Intermediates.noindex/Mariner\ Studio.build/Debug/Mariner\ Studio.build/Objects-normal/arm64/Mariner\ Studio_const_extract_protocols.json -enable-experimental-feature DebugDescriptionMacro -enable-bare-slash-regex -empty-abi-descriptor -validate-clang-modules-once -clang-build-session-file /Users/timothyrussell/Library/Developer/Xcode/DerivedData/ModuleCache.noindex/Session.modulevalidation -Xcc -working-directory -Xcc /Users/timothyrussell/Documents/MarinerStudio-XC -resource-dir /Applications/Xcode.app/Contents/Developer/Toolchains/XcodeDefault.xctoolchain/usr/lib/swift -enable-anonymous-context-mangled-names -file-compilation-dir /Users/timothyrussell/Documents/MarinerStudio-XC -Xcc -ivfsstatcache -Xcc /Users/timothyrussell/Library/Developer/Xcode/DerivedData/SDKStatCaches.noindex/macosx15.5-24F74-8254517eb8b97d462ccbc072ba9094c9.sdkstatcache -Xcc -I/Users/timothyrussell/Library/Developer/Xcode/DerivedData/Mariner_Studio-epzrjunbfxajpjcupwtsgqvwtihu/Build/Intermediates.noindex/Mariner\ Studio.build/Debug/Mariner\ Studio.build/swift-overrides.hmap -Xcc -iquote -Xcc /Users/timothyrussell/Library/Developer/Xcode/DerivedData/Mariner_Studio-epzrjunbfxajpjcupwtsgqvwtihu/Build/Intermediates.noindex/Mariner\ Studio.build/Debug/Mariner\ Studio.build/Mariner\ Studio-generated-files.hmap -Xcc -I/Users/timothyrussell/Library/Developer/Xcode/DerivedData/Mariner_Studio-epzrjunbfxajpjcupwtsgqvwtihu/Build/Intermediates.noindex/Mariner\ Studio.build/Debug/Mariner\ Studio.build/Mariner\ Studio-own-target-headers.hmap -Xcc -I/Users/timothyrussell/Library/Developer/Xcode/DerivedData/Mariner_Studio-epzrjunbfxajpjcupwtsgqvwtihu/Build/Intermediates.noindex/Mariner\ Studio.build/Debug/Mariner\ Studio.build/Mariner\ Studio-all-non-framework-target-headers.hmap -Xcc -ivfsoverlay -Xcc /Users/timothyrussell/Library/Developer/Xcode/DerivedData/Mariner_Studio-epzrjunbfxajpjcupwtsgqvwtihu/Build/Intermediates.noindex/Mariner\ Studio.build/Debug/Mariner\ Studio-fc02daf74e9b66c6b3c36ee9fa3fcd92-VFS/all-product-headers.yaml -Xcc -iquote -Xcc /Users/timothyrussell/Library/Developer/Xcode/DerivedData/Mariner_Studio-epzrjunbfxajpjcupwtsgqvwtihu/Build/Intermediates.noindex/Mariner\ Studio.build/Debug/Mariner\ Studio.build/Mariner\ Studio-project-headers.hmap -Xcc -I/Users/timothyrussell/Library/Developer/Xcode/DerivedData/Mariner_Studio-epzrjunbfxajpjcupwtsgqvwtihu/Build/Products/Debug/include -Xcc -I/Users/timothyrussell/Library/Developer/Xcode/DerivedData/Mariner_Studio-epzrjunbfxajpjcupwtsgqvwtihu/Build/Intermediates.noindex/Mariner\ Studio.build/Debug/Mariner\ Studio.build/DerivedSources-normal/arm64 -Xcc -I/Users/timothyrussell/Library/Developer/Xcode/DerivedData/Mariner_Studio-epzrjunbfxajpjcupwtsgqvwtihu/Build/Intermediates.noindex/Mariner\ Studio.build/Debug/Mariner\ Studio.build/DerivedSources/arm64 -Xcc -I/Users/timothyrussell/Library/Developer/Xcode/DerivedData/Mariner_Studio-epzrjunbfxajpjcupwtsgqvwtihu/Build/Intermediates.noindex/Mariner\ Studio.build/Debug/Mariner\ Studio.build/DerivedSources -Xcc -DDEBUG\=1 -module-name Mariner_Studio -frontend-parseable-output -disable-clang-spi -target-sdk-version 15.5 -target-sdk-name macosx15.5 -external-plugin-path /Applications/Xcode.app/Contents/Developer/Platforms/MacOSX.platform/Developer/usr/lib/swift/host/plugins\#/Applications/Xcode.app/Contents/Developer/Platforms/MacOSX.platform/Developer/usr/bin/swift-plugin-server -external-plugin-path /Applications/Xcode.app/Contents/Developer/Platforms/MacOSX.platform/Developer/usr/local/lib/swift/host/plugins\#/Applications/Xcode.app/Contents/Developer/Platforms/MacOSX.platform/Developer/usr/bin/swift-plugin-server -in-process-plugin-server-path /Applications/Xcode.app/Contents/Developer/Toolchains/XcodeDefault.xctoolchain/usr/lib/swift/host/libSwiftInProcPluginServer.dylib -plugin-path /Applications/Xcode.app/Contents/Developer/Toolchains/XcodeDefault.xctoolchain/usr/lib/swift/host/plugins -plugin-path /Applications/Xcode.app/Contents/Developer/Toolchains/XcodeDefault.xctoolchain/usr/local/lib/swift/host/plugins -emit-module-doc-path /Users/timothyrussell/Library/Developer/Xcode/DerivedData/Mariner_Studio-epzrjunbfxajpjcupwtsgqvwtihu/Build/Intermediates.noindex/Mariner\ Studio.build/Debug/Mariner\ Studio.build/Objects-normal/arm64/Mariner_Studio.swiftdoc -emit-module-source-info-path /Users/timothyrussell/Library/Developer/Xcode/DerivedData/Mariner_Studio-epzrjunbfxajpjcupwtsgqvwtihu/Build/Intermediates.noindex/Mariner\ Studio.build/Debug/Mariner\ Studio.build/Objects-normal/arm64/Mariner_Studio.swiftsourceinfo -emit-objc-header-path /Users/timothyrussell/Library/Developer/Xcode/DerivedData/Mariner_Studio-epzrjunbfxajpjcupwtsgqvwtihu/Build/Intermediates.noindex/Mariner\ Studio.build/Debug/Mariner\ Studio.build/Objects-normal/arm64/Mariner_Studio-Swift.h -serialize-diagnostics-path /Users/timothyrussell/Library/Developer/Xcode/DerivedData/Mariner_Studio-epzrjunbfxajpjcupwtsgqvwtihu/Build/Intermediates.noindex/Mariner\ Studio.build/Debug/Mariner\ Studio.build/Objects-normal/arm64/Mariner\ Studio-master-emit-module.dia -emit-dependencies-path /Users/timothyrussell/Library/Developer/Xcode/DerivedData/Mariner_Studio-epzrjunbfxajpjcupwtsgqvwtihu/Build/Intermediates.noindex/Mariner\ Studio.build/Debug/Mariner\ Studio.build/Objects-normal/arm64/Mariner\ Studio-master-emit-module.d -o /Users/timothyrussell/Library/Developer/Xcode/DerivedData/Mariner_Studio-epzrjunbfxajpjcupwtsgqvwtihu/Build/Intermediates.noindex/Mariner\ Studio.build/Debug/Mariner\ Studio.build/Objects-normal/arm64/Mariner_Studio.swiftmodule -emit-abi-descriptor-path /Users/timothyrussell/Library/Developer/Xcode/DerivedData/Mariner_Studio-epzrjunbfxajpjcupwtsgqvwtihu/Build/Intermediates.noindex/Mariner\ Studio.build/Debug/Mariner\ Studio.build/Objects-normal/arm64/Mariner_Studio.abi.json
SwiftCompile normal arm64 Compiling\ StationCoordinates.swift,\ AuthenticationViewModel.swift,\ ServiceExtensions.swift,\ TugsViewModel.swift,\ RouteFavoritesView.swift,\ CurrentExtreme.swift,\ FavoritesService.swift,\ Mariner_StudioApp.swift,\ PhotoSupabaseService.swift,\ ImportPersonalRoutesViewModel.swift,\ NavUnitFavoritesViewModel.swift,\ TideStationSyncService.swift,\ WaveDirectionComponenets.swift,\ WeatherConditionHelper.swift,\ GpxViewModel.swift,\ BuoyDatabaseService.swift,\ WeatherMenuView.swift,\ TidalCurrentPrediction.swift,\ TidalCurrentPredictionServiceImpl.swift,\ WeatherFavoritesViewModel.swift,\ SimpleRouteDetailsView.swift,\ FtpPhotoItem.swift,\ GeocodingServiceImpl.swift /Users/timothyrussell/Documents/MarinerStudio-XC/Mariner\ Studio/Models/StationCoordinates.swift /Users/timothyrussell/Documents/MarinerStudio-XC/Mariner\ Studio/Authentication/AuthenticationViewModel.swift /Users/timothyrussell/Documents/MarinerStudio-XC/Mariner\ Studio/Services/ServiceExtensions.swift /Users/timothyrussell/Documents/MarinerStudio-XC/Mariner\ Studio/ViewModels/TugsViewModel.swift /Users/timothyrussell/Documents/MarinerStudio-XC/Mariner\ Studio/Views/Routes/RouteFavoritesView.swift /Users/timothyrussell/Documents/MarinerStudio-XC/Mariner\ Studio/Models/CurrentExtreme.swift /Users/timothyrussell/Documents/MarinerStudio-XC/Mariner\ Studio/Services/FavoritesService.swift /Users/timothyrussell/Documents/MarinerStudio-XC/Mariner\ Studio/Mariner_StudioApp.swift /Users/timothyrussell/Documents/MarinerStudio-XC/Mariner\ Studio/PHOTOS/Services/PhotoSupabaseService.swift /Users/timothyrussell/Documents/MarinerStudio-XC/Mariner\ Studio/ViewModels/ImportPersonalRoutesViewModel.swift /Users/timothyrussell/Documents/MarinerStudio-XC/Mariner\ Studio/Views/NavUnit/NavUnitFavoritesViewModel.swift /Users/timothyrussell/Documents/MarinerStudio-XC/Mariner\ Studio/Services/Sync/TideStationSyncService.swift /Users/timothyrussell/Documents/MarinerStudio-XC/Mariner\ Studio/Views/WaveDirectionComponenets.swift /Users/timothyrussell/Documents/MarinerStudio-XC/Mariner\ Studio/Models/WeatherConditionHelper.swift /Users/timothyrussell/Documents/MarinerStudio-XC/Mariner\ Studio/GPX/GpxViewModel.swift /Users/timothyrussell/Documents/MarinerStudio-XC/Mariner\ Studio/Services/Database/BuoyDatabaseService.swift /Users/timothyrussell/Documents/MarinerStudio-XC/Mariner\ Studio/Views/Weather/WeatherMenuView.swift /Users/timothyrussell/Documents/MarinerStudio-XC/Mariner\ Studio/Models/TidalCurrentPrediction.swift /Users/timothyrussell/Documents/MarinerStudio-XC/Mariner\ Studio/Services/TidalCurrentPredictionServiceImpl.swift /Users/timothyrussell/Documents/MarinerStudio-XC/Mariner\ Studio/ViewModels/WeatherFavoritesViewModel.swift /Users/timothyrussell/Documents/MarinerStudio-XC/Mariner\ Studio/Views/Routes/SimpleRouteDetailsView.swift /Users/timothyrussell/Documents/MarinerStudio-XC/Mariner\ Studio/Models/FtpPhotoItem.swift /Users/timothyrussell/Documents/MarinerStudio-XC/Mariner\ Studio/Services/GeocodingServiceImpl.swift (in target 'Mariner Studio' from project 'Mariner Studio')
SwiftCompile normal arm64 /Users/timothyrussell/Documents/MarinerStudio-XC/Mariner\ Studio/Models/StationCoordinates.swift (in target 'Mariner Studio' from project 'Mariner Studio')
    cd /Users/timothyrussell/Documents/MarinerStudio-XC
    

SwiftCompile normal arm64 /Users/timothyrussell/Documents/MarinerStudio-XC/Mariner\ Studio/Authentication/AuthenticationViewModel.swift (in target 'Mariner Studio' from project 'Mariner Studio')
    cd /Users/timothyrussell/Documents/MarinerStudio-XC
    

SwiftCompile normal arm64 /Users/timothyrussell/Documents/MarinerStudio-XC/Mariner\ Studio/Services/ServiceExtensions.swift (in target 'Mariner Studio' from project 'Mariner Studio')
    cd /Users/timothyrussell/Documents/MarinerStudio-XC
    

SwiftCompile normal arm64 /Users/timothyrussell/Documents/MarinerStudio-XC/Mariner\ Studio/ViewModels/TugsViewModel.swift (in target 'Mariner Studio' from project 'Mariner Studio')
    cd /Users/timothyrussell/Documents/MarinerStudio-XC
    

SwiftCompile normal arm64 /Users/timothyrussell/Documents/MarinerStudio-XC/Mariner\ Studio/Views/Routes/RouteFavoritesView.swift (in target 'Mariner Studio' from project 'Mariner Studio')
    cd /Users/timothyrussell/Documents/MarinerStudio-XC
    

SwiftCompile normal arm64 /Users/timothyrussell/Documents/MarinerStudio-XC/Mariner\ Studio/Models/CurrentExtreme.swift (in target 'Mariner Studio' from project 'Mariner Studio')
    cd /Users/timothyrussell/Documents/MarinerStudio-XC
    

SwiftCompile normal arm64 /Users/timothyrussell/Documents/MarinerStudio-XC/Mariner\ Studio/Services/FavoritesService.swift (in target 'Mariner Studio' from project 'Mariner Studio')
    cd /Users/timothyrussell/Documents/MarinerStudio-XC
    

SwiftCompile normal arm64 /Users/timothyrussell/Documents/MarinerStudio-XC/Mariner\ Studio/Mariner_StudioApp.swift (in target 'Mariner Studio' from project 'Mariner Studio')
    cd /Users/timothyrussell/Documents/MarinerStudio-XC
    

SwiftCompile normal arm64 /Users/timothyrussell/Documents/MarinerStudio-XC/Mariner\ Studio/PHOTOS/Services/PhotoSupabaseService.swift (in target 'Mariner Studio' from project 'Mariner Studio')
    cd /Users/timothyrussell/Documents/MarinerStudio-XC
    

SwiftCompile normal arm64 /Users/timothyrussell/Documents/MarinerStudio-XC/Mariner\ Studio/ViewModels/ImportPersonalRoutesViewModel.swift (in target 'Mariner Studio' from project 'Mariner Studio')
    cd /Users/timothyrussell/Documents/MarinerStudio-XC
    

SwiftCompile normal arm64 /Users/timothyrussell/Documents/MarinerStudio-XC/Mariner\ Studio/Views/NavUnit/NavUnitFavoritesViewModel.swift (in target 'Mariner Studio' from project 'Mariner Studio')
    cd /Users/timothyrussell/Documents/MarinerStudio-XC
    

SwiftCompile normal arm64 /Users/timothyrussell/Documents/MarinerStudio-XC/Mariner\ Studio/Services/Sync/TideStationSyncService.swift (in target 'Mariner Studio' from project 'Mariner Studio')
    cd /Users/timothyrussell/Documents/MarinerStudio-XC
    

SwiftCompile normal arm64 /Users/timothyrussell/Documents/MarinerStudio-XC/Mariner\ Studio/Views/WaveDirectionComponenets.swift (in target 'Mariner Studio' from project 'Mariner Studio')
    cd /Users/timothyrussell/Documents/MarinerStudio-XC
    

SwiftCompile normal arm64 /Users/timothyrussell/Documents/MarinerStudio-XC/Mariner\ Studio/Models/WeatherConditionHelper.swift (in target 'Mariner Studio' from project 'Mariner Studio')
    cd /Users/timothyrussell/Documents/MarinerStudio-XC
    

SwiftCompile normal arm64 /Users/timothyrussell/Documents/MarinerStudio-XC/Mariner\ Studio/GPX/GpxViewModel.swift (in target 'Mariner Studio' from project 'Mariner Studio')
    cd /Users/timothyrussell/Documents/MarinerStudio-XC
    

SwiftCompile normal arm64 /Users/timothyrussell/Documents/MarinerStudio-XC/Mariner\ Studio/Services/Database/BuoyDatabaseService.swift (in target 'Mariner Studio' from project 'Mariner Studio')
    cd /Users/timothyrussell/Documents/MarinerStudio-XC
    

SwiftCompile normal arm64 /Users/timothyrussell/Documents/MarinerStudio-XC/Mariner\ Studio/Views/Weather/WeatherMenuView.swift (in target 'Mariner Studio' from project 'Mariner Studio')
    cd /Users/timothyrussell/Documents/MarinerStudio-XC
    

SwiftCompile normal arm64 /Users/timothyrussell/Documents/MarinerStudio-XC/Mariner\ Studio/Models/TidalCurrentPrediction.swift (in target 'Mariner Studio' from project 'Mariner Studio')
    cd /Users/timothyrussell/Documents/MarinerStudio-XC
    

SwiftCompile normal arm64 /Users/timothyrussell/Documents/MarinerStudio-XC/Mariner\ Studio/Services/TidalCurrentPredictionServiceImpl.swift (in target 'Mariner Studio' from project 'Mariner Studio')
    cd /Users/timothyrussell/Documents/MarinerStudio-XC
    

SwiftCompile normal arm64 /Users/timothyrussell/Documents/MarinerStudio-XC/Mariner\ Studio/ViewModels/WeatherFavoritesViewModel.swift (in target 'Mariner Studio' from project 'Mariner Studio')
    cd /Users/timothyrussell/Documents/MarinerStudio-XC
    

SwiftCompile normal arm64 /Users/timothyrussell/Documents/MarinerStudio-XC/Mariner\ Studio/Views/Routes/SimpleRouteDetailsView.swift (in target 'Mariner Studio' from project 'Mariner Studio')
    cd /Users/timothyrussell/Documents/MarinerStudio-XC
    

SwiftCompile normal arm64 /Users/timothyrussell/Documents/MarinerStudio-XC/Mariner\ Studio/Models/FtpPhotoItem.swift (in target 'Mariner Studio' from project 'Mariner Studio')
    cd /Users/timothyrussell/Documents/MarinerStudio-XC
    

SwiftCompile normal arm64 /Users/timothyrussell/Documents/MarinerStudio-XC/Mariner\ Studio/Services/GeocodingServiceImpl.swift (in target 'Mariner Studio' from project 'Mariner Studio')
    cd /Users/timothyrussell/Documents/MarinerStudio-XC
    

SwiftCompile normal arm64 Compiling\ TidalCurrentPredictionView.swift,\ NavUnitDatabaseService.swift,\ HomeButton.swift,\ TidalCurrentStationResponse.swift,\ CreateRouteViewModel.swift,\ TidalHeightServiceImpl.swift,\ NavUnitPhotoGalleryView.swift,\ CurrentLocalWeatherViewForFavorites.swift,\ TidalHeightPredictionResponse.swift,\ TidalHeightService.swift,\ BuoyFavoritesViewModel.swift,\ TidalCurrentStationsViewModel.swift,\ AllRoutesView.swift,\ RemoteWeatherFavorite.swift,\ CurrentLocalWeatherServiceForMap.swift,\ MapData.swift,\ CurrentLocalWeatherViewModelForFavorites.swift,\ TidalCurrentStationWebView.swift,\ VesselDatabaseService.swift,\ MainView.swift,\ TidalHeightStationResponse.swift,\ GpxFile.swift,\ WeatherMapViewServiceImpl.swift /Users/timothyrussell/Documents/MarinerStudio-XC/Mariner\ Studio/Views/Currents/TidalCurrentPredictionView.swift /Users/timothyrussell/Documents/MarinerStudio-XC/Mariner\ Studio/Services/Database/NavUnitDatabaseService.swift /Users/timothyrussell/Documents/MarinerStudio-XC/Mariner\ Studio/Views/HomeButton.swift /Users/timothyrussell/Documents/MarinerStudio-XC/Mariner\ Studio/Models/TidalCurrentStationResponse.swift /Users/timothyrussell/Documents/MarinerStudio-XC/Mariner\ Studio/GPX/CreateRouteViewModel.swift /Users/timothyrussell/Documents/MarinerStudio-XC/Mariner\ Studio/Services/TidalHeightServiceImpl.swift /Users/timothyrussell/Documents/MarinerStudio-XC/Mariner\ Studio/PHOTOS/Views/NavUnitPhotoGalleryView.swift /Users/timothyrussell/Documents/MarinerStudio-XC/Mariner\ Studio/Views/Weather/CurrentLocalWeatherViewForFavorites.swift /Users/timothyrussell/Documents/MarinerStudio-XC/Mariner\ Studio/Models/TidalHeightPredictionResponse.swift /Users/timothyrussell/Documents/MarinerStudio-XC/Mariner\ Studio/Services/TidalHeightService.swift /Users/timothyrussell/Documents/MarinerStudio-XC/Mariner\ Studio/ViewModels/BuoyFavoritesViewModel.swift /Users/timothyrussell/Documents/MarinerStudio-XC/Mariner\ Studio/ViewModels/TidalCurrentStationsViewModel.swift /Users/timothyrussell/Documents/MarinerStudio-XC/Mariner\ Studio/Views/Routes/AllRoutesView.swift /Users/timothyrussell/Documents/MarinerStudio-XC/Mariner\ Studio/Models/Sync/RemoteWeatherFavorite.swift /Users/timothyrussell/Documents/MarinerStudio-XC/Mariner\ Studio/Services/CurrentLocalWeatherServiceForMap.swift /Users/timothyrussell/Documents/MarinerStudio-XC/Mariner\ Studio/Tandm/MapData.swift /Users/timothyrussell/Documents/MarinerStudio-XC/Mariner\ Studio/ViewModels/CurrentLocalWeatherViewModelForFavorites.swift /Users/timothyrussell/Documents/MarinerStudio-XC/Mariner\ Studio/Views/Currents/TidalCurrentStationWebView.swift /Users/timothyrussell/Documents/MarinerStudio-XC/Mariner\ Studio/Services/Database/VesselDatabaseService.swift /Users/timothyrussell/Documents/MarinerStudio-XC/Mariner\ Studio/Views/MainView.swift /Users/timothyrussell/Documents/MarinerStudio-XC/Mariner\ Studio/Models/TidalHeightStationResponse.swift /Users/timothyrussell/Documents/MarinerStudio-XC/Mariner\ Studio/GPX/GpxFile.swift /Users/timothyrussell/Documents/MarinerStudio-XC/Mariner\ Studio/Services/WeatherMapViewServiceImpl.swift (in target 'Mariner Studio' from project 'Mariner Studio')

SwiftCompile normal arm64 /Users/timothyrussell/Documents/MarinerStudio-XC/Mariner\ Studio/Views/Currents/TidalCurrentPredictionView.swift (in target 'Mariner Studio' from project 'Mariner Studio')
    cd /Users/timothyrussell/Documents/MarinerStudio-XC
    

SwiftCompile normal arm64 /Users/timothyrussell/Documents/MarinerStudio-XC/Mariner\ Studio/Services/Database/NavUnitDatabaseService.swift (in target 'Mariner Studio' from project 'Mariner Studio')
    cd /Users/timothyrussell/Documents/MarinerStudio-XC
    

SwiftCompile normal arm64 /Users/timothyrussell/Documents/MarinerStudio-XC/Mariner\ Studio/Views/HomeButton.swift (in target 'Mariner Studio' from project 'Mariner Studio')
    cd /Users/timothyrussell/Documents/MarinerStudio-XC
    

SwiftCompile normal arm64 /Users/timothyrussell/Documents/MarinerStudio-XC/Mariner\ Studio/Models/TidalCurrentStationResponse.swift (in target 'Mariner Studio' from project 'Mariner Studio')
    cd /Users/timothyrussell/Documents/MarinerStudio-XC
    

SwiftCompile normal arm64 /Users/timothyrussell/Documents/MarinerStudio-XC/Mariner\ Studio/GPX/CreateRouteViewModel.swift (in target 'Mariner Studio' from project 'Mariner Studio')
    cd /Users/timothyrussell/Documents/MarinerStudio-XC
    

SwiftCompile normal arm64 /Users/timothyrussell/Documents/MarinerStudio-XC/Mariner\ Studio/Services/TidalHeightServiceImpl.swift (in target 'Mariner Studio' from project 'Mariner Studio')
    cd /Users/timothyrussell/Documents/MarinerStudio-XC
    

SwiftCompile normal arm64 /Users/timothyrussell/Documents/MarinerStudio-XC/Mariner\ Studio/PHOTOS/Views/NavUnitPhotoGalleryView.swift (in target 'Mariner Studio' from project 'Mariner Studio')
    cd /Users/timothyrussell/Documents/MarinerStudio-XC
    

SwiftCompile normal arm64 /Users/timothyrussell/Documents/MarinerStudio-XC/Mariner\ Studio/Views/Weather/CurrentLocalWeatherViewForFavorites.swift (in target 'Mariner Studio' from project 'Mariner Studio')
    cd /Users/timothyrussell/Documents/MarinerStudio-XC
    

SwiftCompile normal arm64 /Users/timothyrussell/Documents/MarinerStudio-XC/Mariner\ Studio/Models/TidalHeightPredictionResponse.swift (in target 'Mariner Studio' from project 'Mariner Studio')
    cd /Users/timothyrussell/Documents/MarinerStudio-XC
    

SwiftCompile normal arm64 /Users/timothyrussell/Documents/MarinerStudio-XC/Mariner\ Studio/Services/TidalHeightService.swift (in target 'Mariner Studio' from project 'Mariner Studio')
    cd /Users/timothyrussell/Documents/MarinerStudio-XC
    

SwiftCompile normal arm64 /Users/timothyrussell/Documents/MarinerStudio-XC/Mariner\ Studio/ViewModels/BuoyFavoritesViewModel.swift (in target 'Mariner Studio' from project 'Mariner Studio')
    cd /Users/timothyrussell/Documents/MarinerStudio-XC
    

SwiftCompile normal arm64 /Users/timothyrussell/Documents/MarinerStudio-XC/Mariner\ Studio/ViewModels/TidalCurrentStationsViewModel.swift (in target 'Mariner Studio' from project 'Mariner Studio')
    cd /Users/timothyrussell/Documents/MarinerStudio-XC
    

SwiftCompile normal arm64 /Users/timothyrussell/Documents/MarinerStudio-XC/Mariner\ Studio/Views/Routes/AllRoutesView.swift (in target 'Mariner Studio' from project 'Mariner Studio')
    cd /Users/timothyrussell/Documents/MarinerStudio-XC
    

SwiftCompile normal arm64 /Users/timothyrussell/Documents/MarinerStudio-XC/Mariner\ Studio/Models/Sync/RemoteWeatherFavorite.swift (in target 'Mariner Studio' from project 'Mariner Studio')
    cd /Users/timothyrussell/Documents/MarinerStudio-XC
    

SwiftCompile normal arm64 /Users/timothyrussell/Documents/MarinerStudio-XC/Mariner\ Studio/Services/CurrentLocalWeatherServiceForMap.swift (in target 'Mariner Studio' from project 'Mariner Studio')
    cd /Users/timothyrussell/Documents/MarinerStudio-XC
    

SwiftCompile normal arm64 /Users/timothyrussell/Documents/MarinerStudio-XC/Mariner\ Studio/Tandm/MapData.swift (in target 'Mariner Studio' from project 'Mariner Studio')
    cd /Users/timothyrussell/Documents/MarinerStudio-XC
    

SwiftCompile normal arm64 /Users/timothyrussell/Documents/MarinerStudio-XC/Mariner\ Studio/ViewModels/CurrentLocalWeatherViewModelForFavorites.swift (in target 'Mariner Studio' from project 'Mariner Studio')
    cd /Users/timothyrussell/Documents/MarinerStudio-XC
    

SwiftCompile normal arm64 /Users/timothyrussell/Documents/MarinerStudio-XC/Mariner\ Studio/Views/Currents/TidalCurrentStationWebView.swift (in target 'Mariner Studio' from project 'Mariner Studio')
    cd /Users/timothyrussell/Documents/MarinerStudio-XC
    

SwiftCompile normal arm64 /Users/timothyrussell/Documents/MarinerStudio-XC/Mariner\ Studio/Services/Database/VesselDatabaseService.swift (in target 'Mariner Studio' from project 'Mariner Studio')
    cd /Users/timothyrussell/Documents/MarinerStudio-XC
    

SwiftCompile normal arm64 /Users/timothyrussell/Documents/MarinerStudio-XC/Mariner\ Studio/Views/MainView.swift (in target 'Mariner Studio' from project 'Mariner Studio')
    cd /Users/timothyrussell/Documents/MarinerStudio-XC
    

SwiftCompile normal arm64 /Users/timothyrussell/Documents/MarinerStudio-XC/Mariner\ Studio/Models/TidalHeightStationResponse.swift (in target 'Mariner Studio' from project 'Mariner Studio')
    cd /Users/timothyrussell/Documents/MarinerStudio-XC
    

SwiftCompile normal arm64 /Users/timothyrussell/Documents/MarinerStudio-XC/Mariner\ Studio/GPX/GpxFile.swift (in target 'Mariner Studio' from project 'Mariner Studio')
    cd /Users/timothyrussell/Documents/MarinerStudio-XC
    

SwiftCompile normal arm64 /Users/timothyrussell/Documents/MarinerStudio-XC/Mariner\ Studio/Services/WeatherMapViewServiceImpl.swift (in target 'Mariner Studio' from project 'Mariner Studio')
    cd /Users/timothyrussell/Documents/MarinerStudio-XC
    

SwiftCompile normal arm64 Compiling\ TideMenuView.swift,\ RecommendationStatusChecker.swift,\ NavUnitsView.swift,\ RemoteEmbeddedRoute.swift,\ \ TidalCurrentPredictionService.swift,\ TideFavoritesView.swift,\ RouteCreationMapView.swift,\ MapAnnotationView.swift,\ WeatherFavoritesView.swift,\ CurrentMenuView.swift,\ DatabaseCore.swift,\ CrewManagementView.swift,\ WeatherIconMapper.swift,\ TidalCurrentServiceImpl.swift,\ IconSource.swift,\ LocationService.swift,\ BargeDetailsViewModel.swift,\ RemoteRecommendation.swift,\ ImageCacheServiceImpl.swift,\ ContentView.swift,\ NavUnitPhoto.swift,\ RouteFavoritesDatabaseService.swift,\ MapClusteringView.swift /Users/timothyrussell/Documents/MarinerStudio-XC/Mariner\ Studio/Views/TideMenuView.swift /Users/timothyrussell/Documents/MarinerStudio-XC/Mariner\ Studio/ViewModels/RecommendationStatusChecker.swift /Users/timothyrussell/Documents/MarinerStudio-XC/Mariner\ Studio/Views/NavUnit/NavUnitsView.swift /Users/timothyrussell/Documents/MarinerStudio-XC/Mariner\ Studio/Models/Sync/RemoteEmbeddedRoute.swift /Users/timothyrussell/Documents/MarinerStudio-XC/Mariner\ Studio/Services/\ TidalCurrentPredictionService.swift /Users/timothyrussell/Documents/MarinerStudio-XC/Mariner\ Studio/Views/TideFavoritesView.swift /Users/timothyrussell/Documents/MarinerStudio-XC/Mariner\ Studio/GPX/RouteCreationMapView.swift /Users/timothyrussell/Documents/MarinerStudio-XC/Mariner\ Studio/Tandm/MapAnnotationView.swift /Users/timothyrussell/Documents/MarinerStudio-XC/Mariner\ Studio/Views/WeatherFavoritesView.swift /Users/timothyrussell/Documents/MarinerStudio-XC/Mariner\ Studio/Views/Currents/CurrentMenuView.swift /Users/timothyrussell/Documents/MarinerStudio-XC/Mariner\ Studio/Services/Database/DatabaseCore.swift /Users/timothyrussell/Documents/MarinerStudio-XC/Mariner\ Studio/Views/CrewManagementView.swift /Users/timothyrussell/Documents/MarinerStudio-XC/Mariner\ Studio/Models/WeatherIconMapper.swift /Users/timothyrussell/Documents/MarinerStudio-XC/Mariner\ Studio/Services/TidalCurrentServiceImpl.swift /Users/timothyrussell/Documents/MarinerStudio-XC/Mariner\ Studio/Models/IconSource.swift /Users/timothyrussell/Documents/MarinerStudio-XC/Mariner\ Studio/Services/LocationService.swift /Users/timothyrussell/Documents/MarinerStudio-XC/Mariner\ Studio/ViewModels/BargeDetailsViewModel.swift /Users/timothyrussell/Documents/MarinerStudio-XC/Mariner\ Studio/Models/Sync/RemoteRecommendation.swift /Users/timothyrussell/Documents/MarinerStudio-XC/Mariner\ Studio/Services/ImageCacheServiceImpl.swift /Users/timothyrussell/Documents/MarinerStudio-XC/Mariner\ Studio/ContentView.swift /Users/timothyrussell/Documents/MarinerStudio-XC/Mariner\ Studio/PHOTOS/Models/NavUnitPhoto.swift /Users/timothyrussell/Documents/MarinerStudio-XC/Mariner\ Studio/GPX/RouteFavoritesDatabaseService.swift /Users/timothyrussell/Documents/MarinerStudio-XC/Mariner\ Studio/Tandm/MapClusteringView.swift (in target 'Mariner Studio' from project 'Mariner Studio')

SwiftCompile normal arm64 /Users/timothyrussell/Documents/MarinerStudio-XC/Mariner\ Studio/Views/TideMenuView.swift (in target 'Mariner Studio' from project 'Mariner Studio')
    cd /Users/timothyrussell/Documents/MarinerStudio-XC
    

SwiftCompile normal arm64 /Users/timothyrussell/Documents/MarinerStudio-XC/Mariner\ Studio/ViewModels/RecommendationStatusChecker.swift (in target 'Mariner Studio' from project 'Mariner Studio')
    cd /Users/timothyrussell/Documents/MarinerStudio-XC
    

SwiftCompile normal arm64 /Users/timothyrussell/Documents/MarinerStudio-XC/Mariner\ Studio/Views/NavUnit/NavUnitsView.swift (in target 'Mariner Studio' from project 'Mariner Studio')
    cd /Users/timothyrussell/Documents/MarinerStudio-XC
    

SwiftCompile normal arm64 /Users/timothyrussell/Documents/MarinerStudio-XC/Mariner\ Studio/Models/Sync/RemoteEmbeddedRoute.swift (in target 'Mariner Studio' from project 'Mariner Studio')
    cd /Users/timothyrussell/Documents/MarinerStudio-XC
    

SwiftCompile normal arm64 /Users/timothyrussell/Documents/MarinerStudio-XC/Mariner\ Studio/Services/\ TidalCurrentPredictionService.swift (in target 'Mariner Studio' from project 'Mariner Studio')
    cd /Users/timothyrussell/Documents/MarinerStudio-XC
    

SwiftCompile normal arm64 /Users/timothyrussell/Documents/MarinerStudio-XC/Mariner\ Studio/Views/TideFavoritesView.swift (in target 'Mariner Studio' from project 'Mariner Studio')
    cd /Users/timothyrussell/Documents/MarinerStudio-XC
    

SwiftCompile normal arm64 /Users/timothyrussell/Documents/MarinerStudio-XC/Mariner\ Studio/GPX/RouteCreationMapView.swift (in target 'Mariner Studio' from project 'Mariner Studio')
    cd /Users/timothyrussell/Documents/MarinerStudio-XC
    

SwiftCompile normal arm64 /Users/timothyrussell/Documents/MarinerStudio-XC/Mariner\ Studio/Tandm/MapAnnotationView.swift (in target 'Mariner Studio' from project 'Mariner Studio')
    cd /Users/timothyrussell/Documents/MarinerStudio-XC
    

SwiftCompile normal arm64 /Users/timothyrussell/Documents/MarinerStudio-XC/Mariner\ Studio/Views/WeatherFavoritesView.swift (in target 'Mariner Studio' from project 'Mariner Studio')
    cd /Users/timothyrussell/Documents/MarinerStudio-XC
    

SwiftCompile normal arm64 /Users/timothyrussell/Documents/MarinerStudio-XC/Mariner\ Studio/Views/Currents/CurrentMenuView.swift (in target 'Mariner Studio' from project 'Mariner Studio')
    cd /Users/timothyrussell/Documents/MarinerStudio-XC
    

SwiftCompile normal arm64 /Users/timothyrussell/Documents/MarinerStudio-XC/Mariner\ Studio/Services/Database/DatabaseCore.swift (in target 'Mariner Studio' from project 'Mariner Studio')
    cd /Users/timothyrussell/Documents/MarinerStudio-XC
    

SwiftCompile normal arm64 /Users/timothyrussell/Documents/MarinerStudio-XC/Mariner\ Studio/Views/CrewManagementView.swift (in target 'Mariner Studio' from project 'Mariner Studio')
    cd /Users/timothyrussell/Documents/MarinerStudio-XC
    

SwiftCompile normal arm64 /Users/timothyrussell/Documents/MarinerStudio-XC/Mariner\ Studio/Models/WeatherIconMapper.swift (in target 'Mariner Studio' from project 'Mariner Studio')
    cd /Users/timothyrussell/Documents/MarinerStudio-XC
    

SwiftCompile normal arm64 /Users/timothyrussell/Documents/MarinerStudio-XC/Mariner\ Studio/Services/TidalCurrentServiceImpl.swift (in target 'Mariner Studio' from project 'Mariner Studio')
    cd /Users/timothyrussell/Documents/MarinerStudio-XC
    

SwiftCompile normal arm64 /Users/timothyrussell/Documents/MarinerStudio-XC/Mariner\ Studio/Models/IconSource.swift (in target 'Mariner Studio' from project 'Mariner Studio')
    cd /Users/timothyrussell/Documents/MarinerStudio-XC
    

SwiftCompile normal arm64 /Users/timothyrussell/Documents/MarinerStudio-XC/Mariner\ Studio/Services/LocationService.swift (in target 'Mariner Studio' from project 'Mariner Studio')
    cd /Users/timothyrussell/Documents/MarinerStudio-XC
    

SwiftCompile normal arm64 /Users/timothyrussell/Documents/MarinerStudio-XC/Mariner\ Studio/ViewModels/BargeDetailsViewModel.swift (in target 'Mariner Studio' from project 'Mariner Studio')
    cd /Users/timothyrussell/Documents/MarinerStudio-XC
    

SwiftCompile normal arm64 /Users/timothyrussell/Documents/MarinerStudio-XC/Mariner\ Studio/Models/Sync/RemoteRecommendation.swift (in target 'Mariner Studio' from project 'Mariner Studio')
    cd /Users/timothyrussell/Documents/MarinerStudio-XC
    

SwiftCompile normal arm64 /Users/timothyrussell/Documents/MarinerStudio-XC/Mariner\ Studio/Services/ImageCacheServiceImpl.swift (in target 'Mariner Studio' from project 'Mariner Studio')
    cd /Users/timothyrussell/Documents/MarinerStudio-XC
    

SwiftCompile normal arm64 /Users/timothyrussell/Documents/MarinerStudio-XC/Mariner\ Studio/ContentView.swift (in target 'Mariner Studio' from project 'Mariner Studio')
    cd /Users/timothyrussell/Documents/MarinerStudio-XC
    

SwiftCompile normal arm64 /Users/timothyrussell/Documents/MarinerStudio-XC/Mariner\ Studio/PHOTOS/Models/NavUnitPhoto.swift (in target 'Mariner Studio' from project 'Mariner Studio')
    cd /Users/timothyrussell/Documents/MarinerStudio-XC
    

SwiftCompile normal arm64 /Users/timothyrussell/Documents/MarinerStudio-XC/Mariner\ Studio/GPX/RouteFavoritesDatabaseService.swift (in target 'Mariner Studio' from project 'Mariner Studio')
    cd /Users/timothyrussell/Documents/MarinerStudio-XC
    

SwiftCompile normal arm64 /Users/timothyrussell/Documents/MarinerStudio-XC/Mariner\ Studio/Tandm/MapClusteringView.swift (in target 'Mariner Studio' from project 'Mariner Studio')
    cd /Users/timothyrussell/Documents/MarinerStudio-XC
    

SwiftCompile normal arm64 Compiling\ TugDetailsViewModel.swift,\ RouteDetailsView.swift,\ BuoyStation.swift,\ DocumentPickerService.swift,\ PhotoServiceImpl.swift,\ HourlyForecastViewModel.swift,\ NavUnitFavoritesView.swift,\ NavUnitSyncService.swift,\ TidalHeightPredictionView.swift,\ WaypointItem.swift,\ GpxView.swift,\ SupabaseManager.swift,\ WaveDirectionCompass.swift,\ BuoyStationWebView.swift,\ WeatherMapView.swift,\ StationWithDistance.swift,\ ServiceProvider.swift,\ UserRecommendationsViewModel.swift,\ RouteMenuView.swift,\ DatabaseModels.swift,\ GeocodingService.swift,\ AdminDashboardViewModel.swift /Users/timothyrussell/Documents/MarinerStudio-XC/Mariner\ Studio/ViewModels/TugDetailsViewModel.swift /Users/timothyrussell/Documents/MarinerStudio-XC/Mariner\ Studio/Views/Routes/RouteDetailsView.swift /Users/timothyrussell/Documents/MarinerStudio-XC/Mariner\ Studio/Models/BuoyStation.swift /Users/timothyrussell/Documents/MarinerStudio-XC/Mariner\ Studio/Services/DocumentPickerService.swift /Users/timothyrussell/Documents/MarinerStudio-XC/Mariner\ Studio/PHOTOS/Services/PhotoServiceImpl.swift /Users/timothyrussell/Documents/MarinerStudio-XC/Mariner\ Studio/ViewModels/HourlyForecastViewModel.swift /Users/timothyrussell/Documents/MarinerStudio-XC/Mariner\ Studio/Views/NavUnit/NavUnitFavoritesView.swift /Users/timothyrussell/Documents/MarinerStudio-XC/Mariner\ Studio/Services/Sync/NavUnitSyncService.swift /Users/timothyrussell/Documents/MarinerStudio-XC/Mariner\ Studio/Views/TidalHeightPredictionView.swift /Users/timothyrussell/Documents/MarinerStudio-XC/Mariner\ Studio/Models/WaypointItem.swift /Users/timothyrussell/Documents/MarinerStudio-XC/Mariner\ Studio/GPX/GpxView.swift /Users/timothyrussell/Documents/MarinerStudio-XC/Mariner\ Studio/Supabase/SupabaseManager.swift /Users/timothyrussell/Documents/MarinerStudio-XC/Mariner\ Studio/Views/WaveDirectionCompass.swift /Users/timothyrussell/Documents/MarinerStudio-XC/Mariner\ Studio/Views/Buoys/BuoyStationWebView.swift /Users/timothyrussell/Documents/MarinerStudio-XC/Mariner\ Studio/Views/Weather/WeatherMapView.swift /Users/timothyrussell/Documents/MarinerStudio-XC/Mariner\ Studio/Models/StationWithDistance.swift /Users/timothyrussell/Documents/MarinerStudio-XC/Mariner\ Studio/Services/ServiceProvider.swift /Users/timothyrussell/Documents/MarinerStudio-XC/Mariner\ Studio/ViewModels/UserRecommendationsViewModel.swift /Users/timothyrussell/Documents/MarinerStudio-XC/Mariner\ Studio/Views/Routes/RouteMenuView.swift /Users/timothyrussell/Documents/MarinerStudio-XC/Mariner\ Studio/Models/DatabaseModels.swift /Users/timothyrussell/Documents/MarinerStudio-XC/Mariner\ Studio/Services/GeocodingService.swift /Users/timothyrussell/Documents/MarinerStudio-XC/Mariner\ Studio/ViewModels/AdminDashboardViewModel.swift (in target 'Mariner Studio' from project 'Mariner Studio')

SwiftCompile normal arm64 /Users/timothyrussell/Documents/MarinerStudio-XC/Mariner\ Studio/ViewModels/TugDetailsViewModel.swift (in target 'Mariner Studio' from project 'Mariner Studio')
    cd /Users/timothyrussell/Documents/MarinerStudio-XC
    

SwiftCompile normal arm64 /Users/timothyrussell/Documents/MarinerStudio-XC/Mariner\ Studio/Views/Routes/RouteDetailsView.swift (in target 'Mariner Studio' from project 'Mariner Studio')
    cd /Users/timothyrussell/Documents/MarinerStudio-XC
    

SwiftCompile normal arm64 /Users/timothyrussell/Documents/MarinerStudio-XC/Mariner\ Studio/Models/BuoyStation.swift (in target 'Mariner Studio' from project 'Mariner Studio')
    cd /Users/timothyrussell/Documents/MarinerStudio-XC
    

SwiftCompile normal arm64 /Users/timothyrussell/Documents/MarinerStudio-XC/Mariner\ Studio/Services/DocumentPickerService.swift (in target 'Mariner Studio' from project 'Mariner Studio')
    cd /Users/timothyrussell/Documents/MarinerStudio-XC
    

SwiftCompile normal arm64 /Users/timothyrussell/Documents/MarinerStudio-XC/Mariner\ Studio/PHOTOS/Services/PhotoServiceImpl.swift (in target 'Mariner Studio' from project 'Mariner Studio')
    cd /Users/timothyrussell/Documents/MarinerStudio-XC
    

SwiftCompile normal arm64 /Users/timothyrussell/Documents/MarinerStudio-XC/Mariner\ Studio/ViewModels/HourlyForecastViewModel.swift (in target 'Mariner Studio' from project 'Mariner Studio')
    cd /Users/timothyrussell/Documents/MarinerStudio-XC
    

SwiftCompile normal arm64 /Users/timothyrussell/Documents/MarinerStudio-XC/Mariner\ Studio/Views/NavUnit/NavUnitFavoritesView.swift (in target 'Mariner Studio' from project 'Mariner Studio')
    cd /Users/timothyrussell/Documents/MarinerStudio-XC
    

SwiftCompile normal arm64 /Users/timothyrussell/Documents/MarinerStudio-XC/Mariner\ Studio/Services/Sync/NavUnitSyncService.swift (in target 'Mariner Studio' from project 'Mariner Studio')
    cd /Users/timothyrussell/Documents/MarinerStudio-XC
    

SwiftCompile normal arm64 /Users/timothyrussell/Documents/MarinerStudio-XC/Mariner\ Studio/Views/TidalHeightPredictionView.swift (in target 'Mariner Studio' from project 'Mariner Studio')
    cd /Users/timothyrussell/Documents/MarinerStudio-XC
    

SwiftCompile normal arm64 /Users/timothyrussell/Documents/MarinerStudio-XC/Mariner\ Studio/Models/WaypointItem.swift (in target 'Mariner Studio' from project 'Mariner Studio')
    cd /Users/timothyrussell/Documents/MarinerStudio-XC
    

SwiftCompile normal arm64 /Users/timothyrussell/Documents/MarinerStudio-XC/Mariner\ Studio/GPX/GpxView.swift (in target 'Mariner Studio' from project 'Mariner Studio')
    cd /Users/timothyrussell/Documents/MarinerStudio-XC
    

SwiftCompile normal arm64 /Users/timothyrussell/Documents/MarinerStudio-XC/Mariner\ Studio/Supabase/SupabaseManager.swift (in target 'Mariner Studio' from project 'Mariner Studio')
    cd /Users/timothyrussell/Documents/MarinerStudio-XC
    

SwiftCompile normal arm64 /Users/timothyrussell/Documents/MarinerStudio-XC/Mariner\ Studio/Views/WaveDirectionCompass.swift (in target 'Mariner Studio' from project 'Mariner Studio')
    cd /Users/timothyrussell/Documents/MarinerStudio-XC
    

SwiftCompile normal arm64 /Users/timothyrussell/Documents/MarinerStudio-XC/Mariner\ Studio/Views/Buoys/BuoyStationWebView.swift (in target 'Mariner Studio' from project 'Mariner Studio')
    cd /Users/timothyrussell/Documents/MarinerStudio-XC
    

SwiftCompile normal arm64 /Users/timothyrussell/Documents/MarinerStudio-XC/Mariner\ Studio/Views/Weather/WeatherMapView.swift (in target 'Mariner Studio' from project 'Mariner Studio')
    cd /Users/timothyrussell/Documents/MarinerStudio-XC
    

SwiftCompile normal arm64 /Users/timothyrussell/Documents/MarinerStudio-XC/Mariner\ Studio/Models/StationWithDistance.swift (in target 'Mariner Studio' from project 'Mariner Studio')
    cd /Users/timothyrussell/Documents/MarinerStudio-XC
    

SwiftCompile normal arm64 /Users/timothyrussell/Documents/MarinerStudio-XC/Mariner\ Studio/Services/ServiceProvider.swift (in target 'Mariner Studio' from project 'Mariner Studio')
    cd /Users/timothyrussell/Documents/MarinerStudio-XC
    

SwiftCompile normal arm64 /Users/timothyrussell/Documents/MarinerStudio-XC/Mariner\ Studio/ViewModels/UserRecommendationsViewModel.swift (in target 'Mariner Studio' from project 'Mariner Studio')
    cd /Users/timothyrussell/Documents/MarinerStudio-XC
    

SwiftCompile normal arm64 /Users/timothyrussell/Documents/MarinerStudio-XC/Mariner\ Studio/Views/Routes/RouteMenuView.swift (in target 'Mariner Studio' from project 'Mariner Studio')
    cd /Users/timothyrussell/Documents/MarinerStudio-XC
    

SwiftCompile normal arm64 /Users/timothyrussell/Documents/MarinerStudio-XC/Mariner\ Studio/Models/DatabaseModels.swift (in target 'Mariner Studio' from project 'Mariner Studio')
    cd /Users/timothyrussell/Documents/MarinerStudio-XC
    

SwiftCompile normal arm64 /Users/timothyrussell/Documents/MarinerStudio-XC/Mariner\ Studio/Services/GeocodingService.swift (in target 'Mariner Studio' from project 'Mariner Studio')
    cd /Users/timothyrussell/Documents/MarinerStudio-XC
    

SwiftCompile normal arm64 /Users/timothyrussell/Documents/MarinerStudio-XC/Mariner\ Studio/ViewModels/AdminDashboardViewModel.swift (in target 'Mariner Studio' from project 'Mariner Studio')
    cd /Users/timothyrussell/Documents/MarinerStudio-XC
    

SwiftCompile normal arm64 Compiling\ TideStationDatabaseService.swift,\ ImportPersonalRoutesView.swift,\ TidalHeightStation.swift,\ DocumentPickerExportDelegate.swift,\ WeatherMapViewService.swift,\ BargesView.swift,\ PhotoViewerView.swift,\ CurrentLocalWeatherViewForMap.swift,\ NavUnit.swift,\ NavUnitFtpService.swift,\ BuoyStationsViewModel.swift,\ TidalHeightPredictionViewModel.swift,\ CreateRouteView.swift,\ TideSyncModels.swift,\ CurrentLocalWeatherServiceForMapImpl.swift,\ PhotoCacheService.swift,\ MarinerMapData.swift,\ CurrentLocalWeatherViewModelForMap.swift,\ WeatherDatabaseService.swift,\ NauticalMapView.swift,\ TidePredOffsets.swift,\ GpxService.swift,\ WeatherService.swift /Users/timothyrussell/Documents/MarinerStudio-XC/Mariner\ Studio/Services/Database/TideStationDatabaseService.swift /Users/timothyrussell/Documents/MarinerStudio-XC/Mariner\ Studio/Views/ImportPersonalRoutesView.swift /Users/timothyrussell/Documents/MarinerStudio-XC/Mariner\ Studio/Models/TidalHeightStation.swift /Users/timothyrussell/Documents/MarinerStudio-XC/Mariner\ Studio/GPX/DocumentPickerExportDelegate.swift /Users/timothyrussell/Documents/MarinerStudio-XC/Mariner\ Studio/Services/WeatherMapViewService.swift /Users/timothyrussell/Documents/MarinerStudio-XC/Mariner\ Studio/Views/Barges/BargesView.swift /Users/timothyrussell/Documents/MarinerStudio-XC/Mariner\ Studio/PHOTOS/Views/PhotoViewerView.swift /Users/timothyrussell/Documents/MarinerStudio-XC/Mariner\ Studio/Views/Weather/CurrentLocalWeatherViewForMap.swift /Users/timothyrussell/Documents/MarinerStudio-XC/Mariner\ Studio/Models/NavUnit.swift /Users/timothyrussell/Documents/MarinerStudio-XC/Mariner\ Studio/Services/NavUnitFtpService.swift /Users/timothyrussell/Documents/MarinerStudio-XC/Mariner\ Studio/ViewModels/BuoyStationsViewModel.swift /Users/timothyrussell/Documents/MarinerStudio-XC/Mariner\ Studio/ViewModels/TidalHeightPredictionViewModel.swift /Users/timothyrussell/Documents/MarinerStudio-XC/Mariner\ Studio/Views/Routes/CreateRouteView.swift /Users/timothyrussell/Documents/MarinerStudio-XC/Mariner\ Studio/Models/Sync/TideSyncModels.swift /Users/timothyrussell/Documents/MarinerStudio-XC/Mariner\ Studio/Services/CurrentLocalWeatherServiceForMapImpl.swift /Users/timothyrussell/Documents/MarinerStudio-XC/Mariner\ Studio/PHOTOS/Services/PhotoCacheService.swift /Users/timothyrussell/Documents/MarinerStudio-XC/Mariner\ Studio/Tandm/MarinerMapData.swift /Users/timothyrussell/Documents/MarinerStudio-XC/Mariner\ Studio/ViewModels/CurrentLocalWeatherViewModelForMap.swift /Users/timothyrussell/Documents/MarinerStudio-XC/Mariner\ Studio/Services/Database/WeatherDatabaseService.swift /Users/timothyrussell/Documents/MarinerStudio-XC/Mariner\ Studio/Views/NauticalMapView.swift /Users/timothyrussell/Documents/MarinerStudio-XC/Mariner\ Studio/Models/TidePredOffsets.swift /Users/timothyrussell/Documents/MarinerStudio-XC/Mariner\ Studio/GPX/GpxService.swift /Users/timothyrussell/Documents/MarinerStudio-XC/Mariner\ Studio/Services/WeatherService.swift (in target 'Mariner Studio' from project 'Mariner Studio')

SwiftCompile normal arm64 /Users/timothyrussell/Documents/MarinerStudio-XC/Mariner\ Studio/Services/Database/TideStationDatabaseService.swift (in target 'Mariner Studio' from project 'Mariner Studio')
    cd /Users/timothyrussell/Documents/MarinerStudio-XC
    

SwiftCompile normal arm64 /Users/timothyrussell/Documents/MarinerStudio-XC/Mariner\ Studio/Views/ImportPersonalRoutesView.swift (in target 'Mariner Studio' from project 'Mariner Studio')
    cd /Users/timothyrussell/Documents/MarinerStudio-XC
    

SwiftCompile normal arm64 /Users/timothyrussell/Documents/MarinerStudio-XC/Mariner\ Studio/Models/TidalHeightStation.swift (in target 'Mariner Studio' from project 'Mariner Studio')
    cd /Users/timothyrussell/Documents/MarinerStudio-XC
    

SwiftCompile normal arm64 /Users/timothyrussell/Documents/MarinerStudio-XC/Mariner\ Studio/GPX/DocumentPickerExportDelegate.swift (in target 'Mariner Studio' from project 'Mariner Studio')
    cd /Users/timothyrussell/Documents/MarinerStudio-XC
    

SwiftCompile normal arm64 /Users/timothyrussell/Documents/MarinerStudio-XC/Mariner\ Studio/Services/WeatherMapViewService.swift (in target 'Mariner Studio' from project 'Mariner Studio')
    cd /Users/timothyrussell/Documents/MarinerStudio-XC
    

SwiftCompile normal arm64 /Users/timothyrussell/Documents/MarinerStudio-XC/Mariner\ Studio/Views/Barges/BargesView.swift (in target 'Mariner Studio' from project 'Mariner Studio')
    cd /Users/timothyrussell/Documents/MarinerStudio-XC
    

SwiftCompile normal arm64 /Users/timothyrussell/Documents/MarinerStudio-XC/Mariner\ Studio/PHOTOS/Views/PhotoViewerView.swift (in target 'Mariner Studio' from project 'Mariner Studio')
    cd /Users/timothyrussell/Documents/MarinerStudio-XC
    

SwiftCompile normal arm64 /Users/timothyrussell/Documents/MarinerStudio-XC/Mariner\ Studio/Views/Weather/CurrentLocalWeatherViewForMap.swift (in target 'Mariner Studio' from project 'Mariner Studio')
    cd /Users/timothyrussell/Documents/MarinerStudio-XC
    

SwiftCompile normal arm64 /Users/timothyrussell/Documents/MarinerStudio-XC/Mariner\ Studio/Models/NavUnit.swift (in target 'Mariner Studio' from project 'Mariner Studio')
    cd /Users/timothyrussell/Documents/MarinerStudio-XC
    

SwiftCompile normal arm64 /Users/timothyrussell/Documents/MarinerStudio-XC/Mariner\ Studio/Services/NavUnitFtpService.swift (in target 'Mariner Studio' from project 'Mariner Studio')
    cd /Users/timothyrussell/Documents/MarinerStudio-XC
    

SwiftCompile normal arm64 /Users/timothyrussell/Documents/MarinerStudio-XC/Mariner\ Studio/ViewModels/BuoyStationsViewModel.swift (in target 'Mariner Studio' from project 'Mariner Studio')
    cd /Users/timothyrussell/Documents/MarinerStudio-XC
    

SwiftCompile normal arm64 /Users/timothyrussell/Documents/MarinerStudio-XC/Mariner\ Studio/ViewModels/TidalHeightPredictionViewModel.swift (in target 'Mariner Studio' from project 'Mariner Studio')
    cd /Users/timothyrussell/Documents/MarinerStudio-XC
    

SwiftCompile normal arm64 /Users/timothyrussell/Documents/MarinerStudio-XC/Mariner\ Studio/Views/Routes/CreateRouteView.swift (in target 'Mariner Studio' from project 'Mariner Studio')
    cd /Users/timothyrussell/Documents/MarinerStudio-XC
    

SwiftCompile normal arm64 /Users/timothyrussell/Documents/MarinerStudio-XC/Mariner\ Studio/Models/Sync/TideSyncModels.swift (in target 'Mariner Studio' from project 'Mariner Studio')
    cd /Users/timothyrussell/Documents/MarinerStudio-XC
    

SwiftCompile normal arm64 /Users/timothyrussell/Documents/MarinerStudio-XC/Mariner\ Studio/Services/CurrentLocalWeatherServiceForMapImpl.swift (in target 'Mariner Studio' from project 'Mariner Studio')
    cd /Users/timothyrussell/Documents/MarinerStudio-XC
    

SwiftCompile normal arm64 /Users/timothyrussell/Documents/MarinerStudio-XC/Mariner\ Studio/PHOTOS/Services/PhotoCacheService.swift (in target 'Mariner Studio' from project 'Mariner Studio')
    cd /Users/timothyrussell/Documents/MarinerStudio-XC
    

SwiftCompile normal arm64 /Users/timothyrussell/Documents/MarinerStudio-XC/Mariner\ Studio/Tandm/MarinerMapData.swift (in target 'Mariner Studio' from project 'Mariner Studio')
    cd /Users/timothyrussell/Documents/MarinerStudio-XC
    

SwiftCompile normal arm64 /Users/timothyrussell/Documents/MarinerStudio-XC/Mariner\ Studio/ViewModels/CurrentLocalWeatherViewModelForMap.swift (in target 'Mariner Studio' from project 'Mariner Studio')
    cd /Users/timothyrussell/Documents/MarinerStudio-XC
    

SwiftCompile normal arm64 /Users/timothyrussell/Documents/MarinerStudio-XC/Mariner\ Studio/Services/Database/WeatherDatabaseService.swift (in target 'Mariner Studio' from project 'Mariner Studio')
    cd /Users/timothyrussell/Documents/MarinerStudio-XC
    

SwiftCompile normal arm64 /Users/timothyrussell/Documents/MarinerStudio-XC/Mariner\ Studio/Views/NauticalMapView.swift (in target 'Mariner Studio' from project 'Mariner Studio')
    cd /Users/timothyrussell/Documents/MarinerStudio-XC
    

SwiftCompile normal arm64 /Users/timothyrussell/Documents/MarinerStudio-XC/Mariner\ Studio/Models/TidePredOffsets.swift (in target 'Mariner Studio' from project 'Mariner Studio')
    cd /Users/timothyrussell/Documents/MarinerStudio-XC
    

SwiftCompile normal arm64 /Users/timothyrussell/Documents/MarinerStudio-XC/Mariner\ Studio/GPX/GpxService.swift (in target 'Mariner Studio' from project 'Mariner Studio')
    cd /Users/timothyrussell/Documents/MarinerStudio-XC
    

SwiftCompile normal arm64 /Users/timothyrussell/Documents/MarinerStudio-XC/Mariner\ Studio/Services/WeatherService.swift (in target 'Mariner Studio' from project 'Mariner Studio')
    cd /Users/timothyrussell/Documents/MarinerStudio-XC
    

SwiftCompile normal arm64 Compiling\ TugDetailsView.swift,\ BuoyFavoritesView.swift,\ AppDelegateAdaptor.swift,\ HourlyForecastView.swift,\ NOAAChartTileOverlay.swift,\ RecommendationSupabaseService.swift,\ CurrentLocalWeatherViewModel.swift,\ TideFavoritesViewModel.swift,\ EmbeddedRoutesBrowseView.swift,\ Barge.swift,\ DebugLogger.swift,\ PhotoService.swift,\ TandmMapViewRepresentable.swift,\ EmbeddedRoutesBrowseViewModel.swift,\ NavUnitDetailsViewModel.swift,\ CurrentStationSyncService.swift,\ RecommendationFormView.swift,\ VisibilityHelper.swift,\ GpxServiceProtocol.swift,\ UserRecommendationsView.swift,\ BuoyStationsView.swift,\ AllRoutesDatabaseService.swift,\ WeatherHeaderView.swift /Users/timothyrussell/Documents/MarinerStudio-XC/Mariner\ Studio/Views/TugDetailsView.swift /Users/timothyrussell/Documents/MarinerStudio-XC/Mariner\ Studio/Views/Buoys/BuoyFavoritesView.swift /Users/timothyrussell/Documents/MarinerStudio-XC/Mariner\ Studio/RevenueCat/AppDelegateAdaptor.swift /Users/timothyrussell/Documents/MarinerStudio-XC/Mariner\ Studio/Views/Weather/HourlyForecastView.swift /Users/timothyrussell/Documents/MarinerStudio-XC/Mariner\ Studio/Models/NOAAChartTileOverlay.swift /Users/timothyrussell/Documents/MarinerStudio-XC/Mariner\ Studio/Services/RecommendationSupabaseService.swift /Users/timothyrussell/Documents/MarinerStudio-XC/Mariner\ Studio/ViewModels/CurrentLocalWeatherViewModel.swift /Users/timothyrussell/Documents/MarinerStudio-XC/Mariner\ Studio/ViewModels/TideFavoritesViewModel.swift /Users/timothyrussell/Documents/MarinerStudio-XC/Mariner\ Studio/Views/Routes/EmbeddedRoutesBrowseView.swift /Users/timothyrussell/Documents/MarinerStudio-XC/Mariner\ Studio/Models/Barge.swift /Users/timothyrussell/Documents/MarinerStudio-XC/Mariner\ Studio/Services/DebugLogger.swift /Users/timothyrussell/Documents/MarinerStudio-XC/Mariner\ Studio/PHOTOS/Services/PhotoService.swift /Users/timothyrussell/Documents/MarinerStudio-XC/Mariner\ Studio/Tandm/TandmMapViewRepresentable.swift /Users/timothyrussell/Documents/MarinerStudio-XC/Mariner\ Studio/ViewModels/EmbeddedRoutesBrowseViewModel.swift /Users/timothyrussell/Documents/MarinerStudio-XC/Mariner\ Studio/Views/NavUnit/NavUnitDetailsViewModel.swift /Users/timothyrussell/Documents/MarinerStudio-XC/Mariner\ Studio/Services/Sync/CurrentStationSyncService.swift /Users/timothyrussell/Documents/MarinerStudio-XC/Mariner\ Studio/Views/RecommendationFormView.swift /Users/timothyrussell/Documents/MarinerStudio-XC/Mariner\ Studio/Models/VisibilityHelper.swift /Users/timothyrussell/Documents/MarinerStudio-XC/Mariner\ Studio/GPX/GpxServiceProtocol.swift /Users/timothyrussell/Documents/MarinerStudio-XC/Mariner\ Studio/Views/UserRecommendationsView.swift /Users/timothyrussell/Documents/MarinerStudio-XC/Mariner\ Studio/Views/Buoys/BuoyStationsView.swift /Users/timothyrussell/Documents/MarinerStudio-XC/Mariner\ Studio/Services/Database/AllRoutesDatabaseService.swift /Users/timothyrussell/Documents/MarinerStudio-XC/Mariner\ Studio/Views/Weather/WeatherHeaderView.swift (in target 'Mariner Studio' from project 'Mariner Studio')

SwiftCompile normal arm64 /Users/timothyrussell/Documents/MarinerStudio-XC/Mariner\ Studio/Views/TugDetailsView.swift (in target 'Mariner Studio' from project 'Mariner Studio')
    cd /Users/timothyrussell/Documents/MarinerStudio-XC
    

SwiftCompile normal arm64 /Users/timothyrussell/Documents/MarinerStudio-XC/Mariner\ Studio/Views/Buoys/BuoyFavoritesView.swift (in target 'Mariner Studio' from project 'Mariner Studio')
    cd /Users/timothyrussell/Documents/MarinerStudio-XC
    

SwiftCompile normal arm64 /Users/timothyrussell/Documents/MarinerStudio-XC/Mariner\ Studio/RevenueCat/AppDelegateAdaptor.swift (in target 'Mariner Studio' from project 'Mariner Studio')
    cd /Users/timothyrussell/Documents/MarinerStudio-XC
    

SwiftCompile normal arm64 /Users/timothyrussell/Documents/MarinerStudio-XC/Mariner\ Studio/Views/Weather/HourlyForecastView.swift (in target 'Mariner Studio' from project 'Mariner Studio')
    cd /Users/timothyrussell/Documents/MarinerStudio-XC
    

SwiftCompile normal arm64 /Users/timothyrussell/Documents/MarinerStudio-XC/Mariner\ Studio/Models/NOAAChartTileOverlay.swift (in target 'Mariner Studio' from project 'Mariner Studio')
    cd /Users/timothyrussell/Documents/MarinerStudio-XC
    

SwiftCompile normal arm64 /Users/timothyrussell/Documents/MarinerStudio-XC/Mariner\ Studio/Services/RecommendationSupabaseService.swift (in target 'Mariner Studio' from project 'Mariner Studio')
    cd /Users/timothyrussell/Documents/MarinerStudio-XC
    

SwiftCompile normal arm64 /Users/timothyrussell/Documents/MarinerStudio-XC/Mariner\ Studio/ViewModels/CurrentLocalWeatherViewModel.swift (in target 'Mariner Studio' from project 'Mariner Studio')
    cd /Users/timothyrussell/Documents/MarinerStudio-XC
    

SwiftCompile normal arm64 /Users/timothyrussell/Documents/MarinerStudio-XC/Mariner\ Studio/ViewModels/TideFavoritesViewModel.swift (in target 'Mariner Studio' from project 'Mariner Studio')
    cd /Users/timothyrussell/Documents/MarinerStudio-XC
    

SwiftCompile normal arm64 /Users/timothyrussell/Documents/MarinerStudio-XC/Mariner\ Studio/Views/Routes/EmbeddedRoutesBrowseView.swift (in target 'Mariner Studio' from project 'Mariner Studio')
    cd /Users/timothyrussell/Documents/MarinerStudio-XC
    

SwiftCompile normal arm64 /Users/timothyrussell/Documents/MarinerStudio-XC/Mariner\ Studio/Models/Barge.swift (in target 'Mariner Studio' from project 'Mariner Studio')
    cd /Users/timothyrussell/Documents/MarinerStudio-XC
    

SwiftCompile normal arm64 /Users/timothyrussell/Documents/MarinerStudio-XC/Mariner\ Studio/Services/DebugLogger.swift (in target 'Mariner Studio' from project 'Mariner Studio')
    cd /Users/timothyrussell/Documents/MarinerStudio-XC
    

SwiftCompile normal arm64 /Users/timothyrussell/Documents/MarinerStudio-XC/Mariner\ Studio/PHOTOS/Services/PhotoService.swift (in target 'Mariner Studio' from project 'Mariner Studio')
    cd /Users/timothyrussell/Documents/MarinerStudio-XC
    

SwiftCompile normal arm64 /Users/timothyrussell/Documents/MarinerStudio-XC/Mariner\ Studio/Tandm/TandmMapViewRepresentable.swift (in target 'Mariner Studio' from project 'Mariner Studio')
    cd /Users/timothyrussell/Documents/MarinerStudio-XC
    

SwiftCompile normal arm64 /Users/timothyrussell/Documents/MarinerStudio-XC/Mariner\ Studio/ViewModels/EmbeddedRoutesBrowseViewModel.swift (in target 'Mariner Studio' from project 'Mariner Studio')
    cd /Users/timothyrussell/Documents/MarinerStudio-XC
    

SwiftCompile normal arm64 /Users/timothyrussell/Documents/MarinerStudio-XC/Mariner\ Studio/Views/NavUnit/NavUnitDetailsViewModel.swift (in target 'Mariner Studio' from project 'Mariner Studio')
    cd /Users/timothyrussell/Documents/MarinerStudio-XC
    

SwiftCompile normal arm64 /Users/timothyrussell/Documents/MarinerStudio-XC/Mariner\ Studio/Services/Sync/CurrentStationSyncService.swift (in target 'Mariner Studio' from project 'Mariner Studio')
    cd /Users/timothyrussell/Documents/MarinerStudio-XC
    

SwiftCompile normal arm64 /Users/timothyrussell/Documents/MarinerStudio-XC/Mariner\ Studio/Views/RecommendationFormView.swift (in target 'Mariner Studio' from project 'Mariner Studio')
    cd /Users/timothyrussell/Documents/MarinerStudio-XC
    

SwiftCompile normal arm64 /Users/timothyrussell/Documents/MarinerStudio-XC/Mariner\ Studio/Models/VisibilityHelper.swift (in target 'Mariner Studio' from project 'Mariner Studio')
    cd /Users/timothyrussell/Documents/MarinerStudio-XC
    

SwiftCompile normal arm64 /Users/timothyrussell/Documents/MarinerStudio-XC/Mariner\ Studio/GPX/GpxServiceProtocol.swift (in target 'Mariner Studio' from project 'Mariner Studio')
    cd /Users/timothyrussell/Documents/MarinerStudio-XC
    

SwiftCompile normal arm64 /Users/timothyrussell/Documents/MarinerStudio-XC/Mariner\ Studio/Views/UserRecommendationsView.swift (in target 'Mariner Studio' from project 'Mariner Studio')
    cd /Users/timothyrussell/Documents/MarinerStudio-XC
    

SwiftCompile normal arm64 /Users/timothyrussell/Documents/MarinerStudio-XC/Mariner\ Studio/Views/Buoys/BuoyStationsView.swift (in target 'Mariner Studio' from project 'Mariner Studio')
    cd /Users/timothyrussell/Documents/MarinerStudio-XC
    

SwiftCompile normal arm64 /Users/timothyrussell/Documents/MarinerStudio-XC/Mariner\ Studio/Services/Database/AllRoutesDatabaseService.swift (in target 'Mariner Studio' from project 'Mariner Studio')
    cd /Users/timothyrussell/Documents/MarinerStudio-XC
    

SwiftCompile normal arm64 /Users/timothyrussell/Documents/MarinerStudio-XC/Mariner\ Studio/Views/Weather/WeatherHeaderView.swift (in target 'Mariner Studio' from project 'Mariner Studio')
    cd /Users/timothyrussell/Documents/MarinerStudio-XC
    

SwiftCompile normal arm64 Compiling\ NavUnitsViewModel.swift,\ RemoteNavUnitFavorite.swift,\ BuoyApiService.swift,\ RouteDetailsViewModel.swift,\ MapClusterAnnotationView.swift,\ TidalCurrentGraphView.swift,\ MapOverlayDatabaseService.swift,\ DevPageView.swift,\ TidalCurrentStation.swift,\ CoreGpxService.swift,\ TidalHeightPredictionService.swift,\ BargeDetailsView.swift,\ CameraView.swift,\ CurrentLocalWeatherView.swift,\ LocationAccuracyState.swift,\ LocationServiceImpl.swift,\ BargesViewModel.swift,\ RemoteTideFavorite.swift,\ CurrentLocalWeatherService.swift,\ PhotoSyncStatus.swift,\ RoutePoint.swift,\ MapClusteringViewModel.swift,\ TidalCurrentStationsView.swift /Users/timothyrussell/Documents/MarinerStudio-XC/Mariner\ Studio/Views/NavUnit/NavUnitsViewModel.swift /Users/timothyrussell/Documents/MarinerStudio-XC/Mariner\ Studio/Models/Sync/RemoteNavUnitFavorite.swift /Users/timothyrussell/Documents/MarinerStudio-XC/Mariner\ Studio/Services/BuoyApiService.swift /Users/timothyrussell/Documents/MarinerStudio-XC/Mariner\ Studio/GPX/RouteDetailsViewModel.swift /Users/timothyrussell/Documents/MarinerStudio-XC/Mariner\ Studio/Tandm/MapClusterAnnotationView.swift /Users/timothyrussell/Documents/MarinerStudio-XC/Mariner\ Studio/Views/Currents/TidalCurrentGraphView.swift /Users/timothyrussell/Documents/MarinerStudio-XC/Mariner\ Studio/Services/Database/MapOverlayDatabaseService.swift /Users/timothyrussell/Documents/MarinerStudio-XC/Mariner\ Studio/Views/DevPageView.swift /Users/timothyrussell/Documents/MarinerStudio-XC/Mariner\ Studio/Models/TidalCurrentStation.swift /Users/timothyrussell/Documents/MarinerStudio-XC/Mariner\ Studio/GPX/CoreGpxService.swift /Users/timothyrussell/Documents/MarinerStudio-XC/Mariner\ Studio/Services/TidalHeightPredictionService.swift /Users/timothyrussell/Documents/MarinerStudio-XC/Mariner\ Studio/Views/Barges/BargeDetailsView.swift /Users/timothyrussell/Documents/MarinerStudio-XC/Mariner\ Studio/PHOTOS/Views/CameraView.swift /Users/timothyrussell/Documents/MarinerStudio-XC/Mariner\ Studio/Views/Weather/CurrentLocalWeatherView.swift /Users/timothyrussell/Documents/MarinerStudio-XC/Mariner\ Studio/Models/LocationAccuracyState.swift /Users/timothyrussell/Documents/MarinerStudio-XC/Mariner\ Studio/Services/LocationServiceImpl.swift /Users/timothyrussell/Documents/MarinerStudio-XC/Mariner\ Studio/ViewModels/BargesViewModel.swift /Users/timothyrussell/Documents/MarinerStudio-XC/Mariner\ Studio/Models/Sync/RemoteTideFavorite.swift /Users/timothyrussell/Documents/MarinerStudio-XC/Mariner\ Studio/Services/CurrentLocalWeatherService.swift /Users/timothyrussell/Documents/MarinerStudio-XC/Mariner\ Studio/PHOTOS/Models/PhotoSyncStatus.swift /Users/timothyrussell/Documents/MarinerStudio-XC/Mariner\ Studio/GPX/RoutePoint.swift /Users/timothyrussell/Documents/MarinerStudio-XC/Mariner\ Studio/Tandm/MapClusteringViewModel.swift /Users/timothyrussell/Documents/MarinerStudio-XC/Mariner\ Studio/Views/Currents/TidalCurrentStationsView.swift (in target 'Mariner Studio' from project 'Mariner Studio')

SwiftCompile normal arm64 /Users/timothyrussell/Documents/MarinerStudio-XC/Mariner\ Studio/Views/NavUnit/NavUnitsViewModel.swift (in target 'Mariner Studio' from project 'Mariner Studio')
    cd /Users/timothyrussell/Documents/MarinerStudio-XC
    

SwiftCompile normal arm64 /Users/timothyrussell/Documents/MarinerStudio-XC/Mariner\ Studio/Models/Sync/RemoteNavUnitFavorite.swift (in target 'Mariner Studio' from project 'Mariner Studio')
    cd /Users/timothyrussell/Documents/MarinerStudio-XC
    

SwiftCompile normal arm64 /Users/timothyrussell/Documents/MarinerStudio-XC/Mariner\ Studio/Services/BuoyApiService.swift (in target 'Mariner Studio' from project 'Mariner Studio')
    cd /Users/timothyrussell/Documents/MarinerStudio-XC
    

SwiftCompile normal arm64 /Users/timothyrussell/Documents/MarinerStudio-XC/Mariner\ Studio/GPX/RouteDetailsViewModel.swift (in target 'Mariner Studio' from project 'Mariner Studio')
    cd /Users/timothyrussell/Documents/MarinerStudio-XC
    

SwiftCompile normal arm64 /Users/timothyrussell/Documents/MarinerStudio-XC/Mariner\ Studio/Tandm/MapClusterAnnotationView.swift (in target 'Mariner Studio' from project 'Mariner Studio')
    cd /Users/timothyrussell/Documents/MarinerStudio-XC
    

SwiftCompile normal arm64 /Users/timothyrussell/Documents/MarinerStudio-XC/Mariner\ Studio/Views/Currents/TidalCurrentGraphView.swift (in target 'Mariner Studio' from project 'Mariner Studio')
    cd /Users/timothyrussell/Documents/MarinerStudio-XC
    

SwiftCompile normal arm64 /Users/timothyrussell/Documents/MarinerStudio-XC/Mariner\ Studio/Services/Database/MapOverlayDatabaseService.swift (in target 'Mariner Studio' from project 'Mariner Studio')
    cd /Users/timothyrussell/Documents/MarinerStudio-XC
    

SwiftCompile normal arm64 /Users/timothyrussell/Documents/MarinerStudio-XC/Mariner\ Studio/Views/DevPageView.swift (in target 'Mariner Studio' from project 'Mariner Studio')
    cd /Users/timothyrussell/Documents/MarinerStudio-XC
    

SwiftCompile normal arm64 /Users/timothyrussell/Documents/MarinerStudio-XC/Mariner\ Studio/Models/TidalCurrentStation.swift (in target 'Mariner Studio' from project 'Mariner Studio')
    cd /Users/timothyrussell/Documents/MarinerStudio-XC
    

SwiftCompile normal arm64 /Users/timothyrussell/Documents/MarinerStudio-XC/Mariner\ Studio/GPX/CoreGpxService.swift (in target 'Mariner Studio' from project 'Mariner Studio')
    cd /Users/timothyrussell/Documents/MarinerStudio-XC
    

SwiftCompile normal arm64 /Users/timothyrussell/Documents/MarinerStudio-XC/Mariner\ Studio/Services/TidalHeightPredictionService.swift (in target 'Mariner Studio' from project 'Mariner Studio')
    cd /Users/timothyrussell/Documents/MarinerStudio-XC
    

SwiftCompile normal arm64 /Users/timothyrussell/Documents/MarinerStudio-XC/Mariner\ Studio/Views/Barges/BargeDetailsView.swift (in target 'Mariner Studio' from project 'Mariner Studio')
    cd /Users/timothyrussell/Documents/MarinerStudio-XC
    

SwiftCompile normal arm64 /Users/timothyrussell/Documents/MarinerStudio-XC/Mariner\ Studio/PHOTOS/Views/CameraView.swift (in target 'Mariner Studio' from project 'Mariner Studio')
    cd /Users/timothyrussell/Documents/MarinerStudio-XC
    

SwiftCompile normal arm64 /Users/timothyrussell/Documents/MarinerStudio-XC/Mariner\ Studio/Views/Weather/CurrentLocalWeatherView.swift (in target 'Mariner Studio' from project 'Mariner Studio')
    cd /Users/timothyrussell/Documents/MarinerStudio-XC
    

SwiftCompile normal arm64 /Users/timothyrussell/Documents/MarinerStudio-XC/Mariner\ Studio/Models/LocationAccuracyState.swift (in target 'Mariner Studio' from project 'Mariner Studio')
    cd /Users/timothyrussell/Documents/MarinerStudio-XC
    

SwiftCompile normal arm64 /Users/timothyrussell/Documents/MarinerStudio-XC/Mariner\ Studio/Services/LocationServiceImpl.swift (in target 'Mariner Studio' from project 'Mariner Studio')
    cd /Users/timothyrussell/Documents/MarinerStudio-XC
    

SwiftCompile normal arm64 /Users/timothyrussell/Documents/MarinerStudio-XC/Mariner\ Studio/ViewModels/BargesViewModel.swift (in target 'Mariner Studio' from project 'Mariner Studio')
    cd /Users/timothyrussell/Documents/MarinerStudio-XC
    

SwiftCompile normal arm64 /Users/timothyrussell/Documents/MarinerStudio-XC/Mariner\ Studio/Models/Sync/RemoteTideFavorite.swift (in target 'Mariner Studio' from project 'Mariner Studio')
    cd /Users/timothyrussell/Documents/MarinerStudio-XC
    

SwiftCompile normal arm64 /Users/timothyrussell/Documents/MarinerStudio-XC/Mariner\ Studio/Services/CurrentLocalWeatherService.swift (in target 'Mariner Studio' from project 'Mariner Studio')
    cd /Users/timothyrussell/Documents/MarinerStudio-XC
    

SwiftCompile normal arm64 /Users/timothyrussell/Documents/MarinerStudio-XC/Mariner\ Studio/PHOTOS/Models/PhotoSyncStatus.swift (in target 'Mariner Studio' from project 'Mariner Studio')
    cd /Users/timothyrussell/Documents/MarinerStudio-XC
    

SwiftCompile normal arm64 /Users/timothyrussell/Documents/MarinerStudio-XC/Mariner\ Studio/GPX/RoutePoint.swift (in target 'Mariner Studio' from project 'Mariner Studio')
    cd /Users/timothyrussell/Documents/MarinerStudio-XC
    

SwiftCompile normal arm64 /Users/timothyrussell/Documents/MarinerStudio-XC/Mariner\ Studio/Tandm/MapClusteringViewModel.swift (in target 'Mariner Studio' from project 'Mariner Studio')
    cd /Users/timothyrussell/Documents/MarinerStudio-XC
    

SwiftCompile normal arm64 /Users/timothyrussell/Documents/MarinerStudio-XC/Mariner\ Studio/Views/Currents/TidalCurrentStationsView.swift (in target 'Mariner Studio' from project 'Mariner Studio')
    cd /Users/timothyrussell/Documents/MarinerStudio-XC
    

SwiftCompile normal arm64 Compiling\ DailyForecastView.swift,\ NetworkError.swift,\ NOAAChartService.swift,\ CurrentFavoritesViewModel.swift,\ TidalHeightStationsViewModel.swift,\ DownloadRoutesView.swift,\ TideSyncOperationStats.swift,\ CurrentLocalWeatherServiceImpl.swift,\ PhotoDatabaseService.swift,\ MaritimeAnnotationViews.swift,\ DevPageViewModel.swift,\ NavUnitDetailsView.swift,\ NavigationFlowView.swift,\ Tug.swift,\ GpxService\ Factory.swift,\ WeatherServiceImpl.swift,\ TugsView.swift,\ BuoyMenuView.swift,\ WeatherDetailsView.swift,\ NodeType.swift,\ AuthenticationView.swift,\ RouteCalculationService.swift /Users/timothyrussell/Documents/MarinerStudio-XC/Mariner\ Studio/Views/Weather/DailyForecastView.swift /Users/timothyrussell/Documents/MarinerStudio-XC/Mariner\ Studio/Models/NetworkError.swift /Users/timothyrussell/Documents/MarinerStudio-XC/Mariner\ Studio/Services/NOAAChartService.swift /Users/timothyrussell/Documents/MarinerStudio-XC/Mariner\ Studio/ViewModels/CurrentFavoritesViewModel.swift /Users/timothyrussell/Documents/MarinerStudio-XC/Mariner\ Studio/ViewModels/TidalHeightStationsViewModel.swift /Users/timothyrussell/Documents/MarinerStudio-XC/Mariner\ Studio/Views/Routes/DownloadRoutesView.swift /Users/timothyrussell/Documents/MarinerStudio-XC/Mariner\ Studio/Models/Sync/TideSyncOperationStats.swift /Users/timothyrussell/Documents/MarinerStudio-XC/Mariner\ Studio/Services/CurrentLocalWeatherServiceImpl.swift /Users/timothyrussell/Documents/MarinerStudio-XC/Mariner\ Studio/PHOTOS/Services/PhotoDatabaseService.swift /Users/timothyrussell/Documents/MarinerStudio-XC/Mariner\ Studio/Tandm/MaritimeAnnotationViews.swift /Users/timothyrussell/Documents/MarinerStudio-XC/Mariner\ Studio/ViewModels/DevPageViewModel.swift /Users/timothyrussell/Documents/MarinerStudio-XC/Mariner\ Studio/Views/NavUnit/NavUnitDetailsView.swift /Users/timothyrussell/Documents/MarinerStudio-XC/Mariner\ Studio/Views/NavigationFlowView.swift /Users/timothyrussell/Documents/MarinerStudio-XC/Mariner\ Studio/Models/Tug.swift /Users/timothyrussell/Documents/MarinerStudio-XC/Mariner\ Studio/GPX/GpxService\ Factory.swift /Users/timothyrussell/Documents/MarinerStudio-XC/Mariner\ Studio/Services/WeatherServiceImpl.swift /Users/timothyrussell/Documents/MarinerStudio-XC/Mariner\ Studio/Views/TugsView.swift /Users/timothyrussell/Documents/MarinerStudio-XC/Mariner\ Studio/Views/Buoys/BuoyMenuView.swift /Users/timothyrussell/Documents/MarinerStudio-XC/Mariner\ Studio/Views/Weather/WeatherDetailsView.swift /Users/timothyrussell/Documents/MarinerStudio-XC/Mariner\ Studio/Models/NodeType.swift /Users/timothyrussell/Documents/MarinerStudio-XC/Mariner\ Studio/Authentication/AuthenticationView.swift /Users/timothyrussell/Documents/MarinerStudio-XC/Mariner\ Studio/Services/RouteCalculationService.swift (in target 'Mariner Studio' from project 'Mariner Studio')
Command SwiftCompile failed with a nonzero exit code

** BUILD FAILED **


The following build commands failed:
	EmitSwiftModule normal arm64 (in target 'Mariner Studio' from project 'Mariner Studio')
	SwiftEmitModule normal arm64 Emitting\ module\ for\ Mariner_Studio (in target 'Mariner Studio' from project 'Mariner Studio')
	SwiftCompile normal arm64 Compiling\ DailyForecastView.swift,\ NetworkError.swift,\ NOAAChartService.swift,\ CurrentFavoritesViewModel.swift,\ TidalHeightStationsViewModel.swift,\ DownloadRoutesView.swift,\ TideSyncOperationStats.swift,\ CurrentLocalWeatherServiceImpl.swift,\ PhotoDatabaseService.swift,\ MaritimeAnnotationViews.swift,\ DevPageViewModel.swift,\ NavUnitDetailsView.swift,\ NavigationFlowView.swift,\ Tug.swift,\ GpxService\ Factory.swift,\ WeatherServiceImpl.swift,\ TugsView.swift,\ BuoyMenuView.swift,\ WeatherDetailsView.swift,\ NodeType.swift,\ AuthenticationView.swift,\ RouteCalculationService.swift /Users/timothyrussell/Documents/MarinerStudio-XC/Mariner\ Studio/Views/Weather/DailyForecastView.swift /Users/timothyrussell/Documents/MarinerStudio-XC/Mariner\ Studio/Models/NetworkError.swift /Users/timothyrussell/Documents/MarinerStudio-XC/Mariner\ Studio/Services/NOAAChartService.swift /Users/timothyrussell/Documents/MarinerStudio-XC/Mariner\ Studio/ViewModels/CurrentFavoritesViewModel.swift /Users/timothyrussell/Documents/MarinerStudio-XC/Mariner\ Studio/ViewModels/TidalHeightStationsViewModel.swift /Users/timothyrussell/Documents/MarinerStudio-XC/Mariner\ Studio/Views/Routes/DownloadRoutesView.swift /Users/timothyrussell/Documents/MarinerStudio-XC/Mariner\ Studio/Models/Sync/TideSyncOperationStats.swift /Users/timothyrussell/Documents/MarinerStudio-XC/Mariner\ Studio/Services/CurrentLocalWeatherServiceImpl.swift /Users/timothyrussell/Documents/MarinerStudio-XC/Mariner\ Studio/PHOTOS/Services/PhotoDatabaseService.swift /Users/timothyrussell/Documents/MarinerStudio-XC/Mariner\ Studio/Tandm/MaritimeAnnotationViews.swift /Users/timothyrussell/Documents/MarinerStudio-XC/Mariner\ Studio/ViewModels/DevPageViewModel.swift /Users/timothyrussell/Documents/MarinerStudio-XC/Mariner\ Studio/Views/NavUnit/NavUnitDetailsView.swift /Users/timothyrussell/Documents/MarinerStudio-XC/Mariner\ Studio/Views/NavigationFlowView.swift /Users/timothyrussell/Documents/MarinerStudio-XC/Mariner\ Studio/Models/Tug.swift /Users/timothyrussell/Documents/MarinerStudio-XC/Mariner\ Studio/GPX/GpxService\ Factory.swift /Users/timothyrussell/Documents/MarinerStudio-XC/Mariner\ Studio/Services/WeatherServiceImpl.swift /Users/timothyrussell/Documents/MarinerStudio-XC/Mariner\ Studio/Views/TugsView.swift /Users/timothyrussell/Documents/MarinerStudio-XC/Mariner\ Studio/Views/Buoys/BuoyMenuView.swift /Users/timothyrussell/Documents/MarinerStudio-XC/Mariner\ Studio/Views/Weather/WeatherDetailsView.swift /Users/timothyrussell/Documents/MarinerStudio-XC/Mariner\ Studio/Models/NodeType.swift /Users/timothyrussell/Documents/MarinerStudio-XC/Mariner\ Studio/Authentication/AuthenticationView.swift /Users/timothyrussell/Documents/MarinerStudio-XC/Mariner\ Studio/Services/RouteCalculationService.swift (in target 'Mariner Studio' from project 'Mariner Studio')
	Building project Mariner Studio with scheme Mariner Studio and configuration Debug
(4 failures)
